Component: ARM Compiler 5.06 update 5 (build 528) Tool: armlink [4d35e2]

==============================================================================

Section Cross References

    startup_stm32f103xb.o(STACK) refers (Special) to heapauxi.o(.text) for __use_two_region_memory
    startup_stm32f103xb.o(HEAP) refers (Special) to heapauxi.o(.text) for __use_two_region_memory
    startup_stm32f103xb.o(RESET) refers (Special) to heapauxi.o(.text) for __use_two_region_memory
    startup_stm32f103xb.o(RESET) refers to startup_stm32f103xb.o(STACK) for __initial_sp
    startup_stm32f103xb.o(RESET) refers to startup_stm32f103xb.o(.text) for Reset_Handler
    startup_stm32f103xb.o(RESET) refers to stm32f1xx_it.o(i.NMI_Handler) for NMI_Handler
    startup_stm32f103xb.o(RESET) refers to stm32f1xx_it.o(i.HardFault_Handler) for HardFault_Handler
    startup_stm32f103xb.o(RESET) refers to stm32f1xx_it.o(i.MemManage_Handler) for MemManage_Handler
    startup_stm32f103xb.o(RESET) refers to stm32f1xx_it.o(i.BusFault_Handler) for BusFault_Handler
    startup_stm32f103xb.o(RESET) refers to stm32f1xx_it.o(i.UsageFault_Handler) for UsageFault_Handler
    startup_stm32f103xb.o(RESET) refers to port.o(.emb_text) for SVC_Handler
    startup_stm32f103xb.o(RESET) refers to stm32f1xx_it.o(i.DebugMon_Handler) for DebugMon_Handler
    startup_stm32f103xb.o(RESET) refers to port.o(i.SysTick_Handler) for SysTick_Handler
    startup_stm32f103xb.o(RESET) refers to stm32f1xx_it.o(i.EXTI0_IRQHandler) for EXTI0_IRQHandler
    startup_stm32f103xb.o(RESET) refers to stm32f1xx_it.o(i.EXTI1_IRQHandler) for EXTI1_IRQHandler
    startup_stm32f103xb.o(RESET) refers to stm32f1xx_it.o(i.EXTI9_5_IRQHandler) for EXTI9_5_IRQHandler
    startup_stm32f103xb.o(RESET) refers to stm32f1xx_it.o(i.TIM1_TRG_COM_IRQHandler) for TIM1_TRG_COM_IRQHandler
    startup_stm32f103xb.o(RESET) refers to stm32f1xx_it.o(i.TIM2_IRQHandler) for TIM2_IRQHandler
    startup_stm32f103xb.o(RESET) refers to stm32f1xx_it.o(i.TIM4_IRQHandler) for TIM4_IRQHandler
    startup_stm32f103xb.o(RESET) refers to stm32f1xx_it.o(i.SPI2_IRQHandler) for SPI2_IRQHandler
    startup_stm32f103xb.o(.text) refers (Special) to heapauxi.o(.text) for __use_two_region_memory
    startup_stm32f103xb.o(.text) refers to system_stm32f1xx.o(i.SystemInit) for SystemInit
    startup_stm32f103xb.o(.text) refers to __main.o(!!!main) for __main
    startup_stm32f103xb.o(.text) refers to startup_stm32f103xb.o(HEAP) for Heap_Mem
    startup_stm32f103xb.o(.text) refers to startup_stm32f103xb.o(STACK) for Stack_Mem
    main.o(i.HAL_SPI_ErrorCallback) refers to stm32f1xx_hal_spi.o(i.HAL_SPI_GetError) for HAL_SPI_GetError
    main.o(i.HAL_SPI_TxCpltCallback) refers to stm32f1xx_hal_spi.o(i.HAL_SPI_GetError) for HAL_SPI_GetError
    main.o(i.HAL_SPI_TxCpltCallback) refers to tasks.o(i.vTaskNotifyGiveFromISR) for vTaskNotifyGiveFromISR
    main.o(i.HAL_SPI_TxCpltCallback) refers to main.o(.bss) for .bss
    main.o(i.HAL_SPI_TxCpltCallback) refers to main.o(.data) for .data
    main.o(i.HAL_SPI_TxRxCpltCallback) refers to stm32f1xx_hal_spi.o(i.HAL_SPI_GetError) for HAL_SPI_GetError
    main.o(i.HAL_SPI_TxRxCpltCallback) refers to tasks.o(i.vTaskNotifyGiveFromISR) for vTaskNotifyGiveFromISR
    main.o(i.HAL_SPI_TxRxCpltCallback) refers to main.o(.bss) for .bss
    main.o(i.HAL_SPI_TxRxCpltCallback) refers to main.o(.data) for .data
    main.o(i.HAL_TIM_PeriodElapsedCallback) refers to stm32f1xx_hal.o(i.HAL_IncTick) for HAL_IncTick
    main.o(i.MX_ADC1_Init) refers to stm32f1xx_hal_adc.o(i.HAL_ADC_Init) for HAL_ADC_Init
    main.o(i.MX_ADC1_Init) refers to stm32f1xx_hal_adc.o(i.HAL_ADC_ConfigChannel) for HAL_ADC_ConfigChannel
    main.o(i.MX_ADC1_Init) refers to main.o(.bss) for .bss
    main.o(i.MX_GPIO_Init) refers to stm32f1xx_hal_gpio.o(i.HAL_GPIO_WritePin) for HAL_GPIO_WritePin
    main.o(i.MX_GPIO_Init) refers to stm32f1xx_hal_gpio.o(i.HAL_GPIO_Init) for HAL_GPIO_Init
    main.o(i.MX_GPIO_Init) refers to stm32f1xx_hal_cortex.o(i.HAL_NVIC_SetPriority) for HAL_NVIC_SetPriority
    main.o(i.MX_GPIO_Init) refers to stm32f1xx_hal_cortex.o(i.HAL_NVIC_EnableIRQ) for HAL_NVIC_EnableIRQ
    main.o(i.MX_SPI1_Init) refers to stm32f1xx_hal_spi.o(i.HAL_SPI_Init) for HAL_SPI_Init
    main.o(i.MX_SPI1_Init) refers to main.o(.bss) for .bss
    main.o(i.MX_SPI2_Init) refers to stm32f1xx_hal_spi.o(i.HAL_SPI_Init) for HAL_SPI_Init
    main.o(i.MX_SPI2_Init) refers to main.o(.bss) for .bss
    main.o(i.MX_TIM1_Init) refers to stm32f1xx_hal_tim.o(i.HAL_TIM_Base_Init) for HAL_TIM_Base_Init
    main.o(i.MX_TIM1_Init) refers to stm32f1xx_hal_tim.o(i.HAL_TIM_ConfigClockSource) for HAL_TIM_ConfigClockSource
    main.o(i.MX_TIM1_Init) refers to stm32f1xx_hal_tim_ex.o(i.HAL_TIMEx_MasterConfigSynchronization) for HAL_TIMEx_MasterConfigSynchronization
    main.o(i.MX_TIM1_Init) refers to main.o(.bss) for .bss
    main.o(i.MX_TIM2_Init) refers to stm32f1xx_hal_tim.o(i.HAL_TIM_Base_Init) for HAL_TIM_Base_Init
[...]
    i.vTaskStepTick                          0x08004850   Section        0  tasks.o(i.vTaskStepTick)
    i.vTaskSuspendAll                        0x08004878   Section        0  tasks.o(i.vTaskSuspendAll)
    i.vTaskSwitchContext                     0x08004888   Section        0  tasks.o(i.vTaskSwitchContext)
    i.xPortStartScheduler                    0x080048ec   Section        0  port.o(i.xPortStartScheduler)
    i.xQueueCreateCountingSemaphore          0x08004994   Section        0  queue.o(i.xQueueCreateCountingSemaphore)
    i.xQueueCreateCountingSemaphoreStatic    0x080049ce   Section        0  queue.o(i.xQueueCreateCountingSemaphoreStatic)
    i.xQueueGenericCreate                    0x08004a0e   Section        0  queue.o(i.xQueueGenericCreate)
    i.xQueueGenericCreateStatic              0x08004a56   Section        0  queue.o(i.xQueueGenericCreateStatic)
    i.xQueueGenericReset                     0x08004abc   Section        0  queue.o(i.xQueueGenericReset)
    i.xQueueGenericSend                      0x08004b44   Section        0  queue.o(i.xQueueGenericSend)
    i.xQueueGenericSendFromISR               0x08004ca4   Section        0  queue.o(i.xQueueGenericSendFromISR)
    i.xQueueReceive                          0x08004d60   Section        0  queue.o(i.xQueueReceive)
    i.xTaskCheckForTimeOut                   0x08004e98   Section        0  tasks.o(i.xTaskCheckForTimeOut)
    i.xTaskCreate                            0x08004f0c   Section        0  tasks.o(i.xTaskCreate)
    i.xTaskCreateStatic                      0x08004f66   Section        0  tasks.o(i.xTaskCreateStatic)
    i.xTaskGetSchedulerState                 0x08004fbc   Section        0  tasks.o(i.xTaskGetSchedulerState)
    i.xTaskGetTickCount                      0x08004fd8   Section        0  tasks.o(i.xTaskGetTickCount)
    i.xTaskIncrementTick                     0x08004fe4   Section        0  tasks.o(i.xTaskIncrementTick)
    i.xTaskPriorityDisinherit                0x080050ac   Section        0  tasks.o(i.xTaskPriorityDisinherit)
    i.xTaskRemoveFromEventList               0x0800512c   Section        0  tasks.o(i.xTaskRemoveFromEventList)
    i.xTaskResumeAll                         0x080051a0   Section        0  tasks.o(i.xTaskResumeAll)
    i.xTimerCreateTimerTask                  0x08005264   Section        0  timers.o(i.xTimerCreateTimerTask)
    i.xTimerGenericCommand                   0x080052c4   Section        0  timers.o(i.xTimerGenericCommand)
    x$fpl$fcheck1                            0x0800532c   Section       12  fcheck1.o(x$fpl$fcheck1)
    x$fpl$fdiv                               0x08005338   Section      388  fdiv.o(x$fpl$fdiv)
    _fdiv1                                   0x08005339   Thumb Code     0  fdiv.o(x$fpl$fdiv)
    x$fpl$ffix                               0x080054bc   Section       54  ffix.o(x$fpl$ffix)
    x$fpl$ffixu                              0x080054f4   Section       62  ffixu.o(x$fpl$ffixu)
    x$fpl$ffltu                              0x08005534   Section       38  fflt_clz.o(x$fpl$ffltu)
    x$fpl$fnaninf                            0x0800555a   Section      140  fnaninf.o(x$fpl$fnaninf)
    x$fpl$fretinf                            0x080055e6   Section       10  fretinf.o(x$fpl$fretinf)
    x$fpl$retnan                             0x080055f0   Section      100  retnan.o(x$fpl$retnan)
    x$fpl$scalbnf                            0x08005654   Section       76  scalbnf.o(x$fpl$scalbnf)
    x$fpl$trapveneer                         0x080056a0   Section       48  trapv.o(x$fpl$trapveneer)
    .constdata                               0x080056d0   Section      284  main.o(.constdata)
    x$fpl$usenofp                            0x080056d0   Section        0  usenofp.o(x$fpl$usenofp)
    .constdata                               0x080057ec   Section       18  stm32f1xx_hal_rcc.o(.constdata)
    aPredivFactorTable                       0x080057ec   Data           2  stm32f1xx_hal_rcc.o(.constdata)
    aPLLMULFactorTable                       0x080057ee   Data          16  stm32f1xx_hal_rcc.o(.constdata)
    .constdata                               0x080057fe   Section       16  system_stm32f1xx.o(.constdata)
    .constdata                               0x0800580e   Section        8  system_stm32f1xx.o(.constdata)
    .conststring                             0x08005818   Section      123  main.o(.conststring)
    .data                                    0x20000000   Section       40  main.o(.data)
    .data                                    0x20000028   Section        4  main.o(.data)
    .data                                    0x2000002c   Section       12  stm32f1xx_hal.o(.data)
    .data                                    0x20000038   Section        4  system_stm32f1xx.o(.data)
    .data                                    0x2000003c   Section       60  tasks.o(.data)
    pxDelayedTaskList                        0x20000040   Data           4  tasks.o(.data)
    pxOverflowDelayedTaskList                0x20000044   Data           4  tasks.o(.data)
    uxDeletedTasksWaitingCleanUp             0x20000048   Data           4  tasks.o(.data)
    uxCurrentNumberOfTasks                   0x2000004c   Data           4  tasks.o(.data)
    xTickCount                               0x20000050   Data           4  tasks.o(.data)
    uxTopReadyPriority                       0x20000054   Data           4  tasks.o(.data)
    xSchedulerRunning                        0x20000058   Data           4  tasks.o(.data)
    uxPendedTicks                            0x2000005c   Data           4  tasks.o(.data)
    xYieldPending                            0x20000060   Data           4  tasks.o(.data)
    xNumOfOverflows                          0x20000064   Data           4  tasks.o(.data)
    uxTaskNumber                             0x20000068   Data           4  tasks.o(.data)
    xNextTaskUnblockTime                     0x2000006c   Data           4  tasks.o(.data)
    xIdleTaskHandle                          0x20000070   Data           4  tasks.o(.data)
    uxSchedulerSuspended                     0x20000074   Data           4  tasks.o(.data)
    .data                                    0x20000078   Section       20  timers.o(.data)
    pxCurrentTimerList                       0x20000078   Data           4  timers.o(.data)
    pxOverflowTimerList                      0x2000007c   Data           4  timers.o(.data)
    xTimerQueue                              0x20000080   Data           4  timers.o(.data)
    xTimerTaskHandle                         0x20000084   Data           4  timers.o(.data)
    xLastTime                                0x20000088   Data           4  timers.o(.data)
    .data                                    0x2000008c   Section        4  cmsis_os2.o(.data)
    KernelState                              0x2000008c   Data           4  cmsis_os2.o(.data)
    .data                                    0x20000090   Section       24  heap_4.o(.data)
    pxEnd                                    0x20000090   Data           4  heap_4.o(.data)
    xFreeBytesRemaining                      0x20000094   Data           4  heap_4.o(.data)
    xMinimumEverFreeBytesRemaining           0x20000098   Data           4  heap_4.o(.data)
    xBlockAllocatedBit                       0x2000009c   Data           4  heap_4.o(.data)
    xStart                                   0x200000a0   Data           8  heap_4.o(.data)
    .data                                    0x200000a8   Section       24  port.o(.data)
    ucMaxSysCallPriority                     0x200000a8   Data           1  port.o(.data)
    uxCriticalNesting                        0x200000ac   Data           4  port.o(.data)
    ulTimerCountsForOneTick                  0x200000b0   Data           4  port.o(.data)
    xMaximumPossibleSuppressedTicks          0x200000b4   Data           4  port.o(.data)
    ulStoppedTimerCompensation               0x200000b8   Data           4  port.o(.data)
    ulMaxPRIGROUPValue                       0x200000bc   Data           4  port.o(.data)
    .data                                    0x200000c0   Section        8  ds18b20.o(.data)
    .data                                    0x200000c8   Section       52  button.o(.data)
    waitButtonRelease                        0x200000c8   Data           3  button.o(.data)
    buttonActions                            0x200000cb   Data           3  button.o(.data)
    buttonState                              0x200000ce   Data           3  button.o(.data)
    debounceCounter                          0x200000d8   Data           6  button.o(.data)
    buttonPressCounter                       0x200000de   Data           6  button.o(.data)
    buttons                                  0x200000e4   Data          24  button.o(.data)
    .bss                                     0x200000fc   Section      524  main.o(.bss)
    .bss                                     0x20000308   Section       72  stm32f1xx_hal_timebase_tim.o(.bss)
    .bss                                     0x20000350   Section       64  queue.o(.bss)
    .bss                                     0x20000390   Section     1220  tasks.o(.bss)
    pxReadyTasksLists                        0x20000390   Data        1120  tasks.o(.bss)
    xDelayedTaskList1                        0x200007f0   Data          20  tasks.o(.bss)
    xDelayedTaskList2                        0x20000804   Data          20  tasks.o(.bss)
    xPendingReadyList                        0x20000818   Data          20  tasks.o(.bss)
    xTasksWaitingTermination                 0x2000082c   Data          20  tasks.o(.bss)
    xSuspendedTaskList                       0x20000840   Data          20  tasks.o(.bss)
    .bss                                     0x20000854   Section      280  timers.o(.bss)
    xActiveTimerList1                        0x20000854   Data          20  timers.o(.bss)
    xActiveTimerList2                        0x20000868   Data          20  timers.o(.bss)
    xStaticTimerQueue                        0x2000087c   Data          80  timers.o(.bss)
    ucStaticTimerQueueStorage                0x200008cc   Data         160  timers.o(.bss)
    .bss                                     0x2000096c   Section     1720  cmsis_os2.o(.bss)
    Idle_TCB                                 0x2000096c   Data          92  cmsis_os2.o(.bss)
    Idle_Stack                               0x200009c8   Data         512  cmsis_os2.o(.bss)
    Timer_TCB                                0x20000bc8   Data          92  cmsis_os2.o(.bss)
    Timer_Stack                              0x20000c24   Data        1024  cmsis_os2.o(.bss)
    .bss                                     0x20001024   Section     8192  heap_4.o(.bss)
    ucHeap                                   0x20001024   Data        8192  heap_4.o(.bss)
    .bss                                     0x20003024   Section       96  libspace.o(.bss)
    HEAP                                     0x20003088   Section      512  startup_stm32f103xb.o(HEAP)
    Heap_Mem                                 0x20003088   Data         512  startup_stm32f103xb.o(HEAP)
    STACK                                    0x20003288   Section     1024  startup_stm32f103xb.o(STACK)
    Stack_Mem                                0x20003288   Data        1024  startup_stm32f103xb.o(STACK)
    __initial_sp                             0x20003688   Data           0  startup_stm32f103xb.o(STACK)

    Global Symbols

    Symbol Name                              Value     Ov Type        Size  Object(Section)

    BuildAttributes$$THM_ISAv4$P$D$K$B$S$PE$A:L22UL41UL21$X:L11$S22US41US21$IEEE1$IW$USESV6$~STKCKD$USESV7$~SHL$OSPACE$ROPI$EBA8$UX$STANDARDLIB$REQ8$PRES8$EABIv2 0x00000000   Number         0  anon$$obj.o ABSOLUTE
    __ARM_use_no_argv                        0x00000000   Number         0  main.o ABSOLUTE
    __ARM_exceptions_init                     - Undefined Weak Reference
    __alloca_initialize                       - Undefined Weak Reference
    __arm_preinit_                            - Undefined Weak Reference
    __cpp_initialize__aeabi_                  - Undefined Weak Reference
    __cxa_finalize                            - Undefined Weak Reference
    __rt_locale                               - Undefined Weak Reference
    __sigvec_lookup                           - Undefined Weak Reference
    _atexit_init                              - Undefined Weak Reference
    _call_atexit_fns                          - Undefined Weak Reference
    _clock_init                               - Undefined Weak Reference
    _fp_trap_init                             - Undefined Weak Reference
    _fp_trap_shutdown                         - Undefined Weak Reference
    _get_lc_collate                           - Undefined Weak Reference
    _get_lc_ctype                             - Undefined Weak Reference
    _get_lc_monetary                          - Undefined Weak Reference
    _get_lc_numeric                           - Undefined Weak Reference
    _get_lc_time                              - Undefined Weak Reference
    _getenv_init                              - Undefined Weak Reference
    _handle_redirection                       - Undefined Weak Reference
    _init_alloc                               - Undefined Weak Reference
    _init_user_alloc                          - Undefined Weak Reference
    _initio                                   - Undefined Weak Reference
    _mutex_acquire                            - Undefined Weak Reference
    _mutex_release                            - Undefined Weak Reference
    _rand_init                                - Undefined Weak Reference
    _signal_finish                            - Undefined Weak Reference
    _signal_init                              - Undefined Weak Reference
    _terminate_alloc                          - Undefined Weak Reference
    _terminate_user_alloc                     - Undefined Weak Reference
    _terminateio                              - Undefined Weak Reference
    __Vectors_Size                           0x000000ec   Number         0  startup_stm32f103xb.o ABSOLUTE
    __Vectors                                0x08000000   Data           4  startup_stm32f103xb.o(RESET)
    __Vectors_End                            0x080000ec   Data           0  startup_stm32f103xb.o(RESET)
    __main                                   0x080000ed   Thumb Code     8  __main.o(!!!main)
    __scatterload                            0x080000f5   Thumb Code     0  __scatter.o(!!!scatter)
    __scatterload_rt2                        0x080000f5   Thumb Code    44  __scatter.o(!!!scatter)
    __scatterload_rt2_thumb_only             0x080000f5   Thumb Code     0  __scatter.o(!!!scatter)
    __scatterload_null                       0x08000103   Thumb Code     0  __scatter.o(!!!scatter)
    __scatterload_copy                       0x08000129   Thumb Code    26  __scatter_copy.o(!!handler_copy)
    __scatterload_zeroinit                   0x08000145   Thumb Code    28  __scatter_zi.o(!!handler_zi)
    __rt_lib_init                            0x08000161   Thumb Code     0  libinit.o(.ARM.Collect$$libinit$$00000000)
    __rt_lib_init_alloca_1                   0x08000163   Thumb Code     0  libinit2.o(.ARM.Collect$$libinit$$0000002E)
    __rt_lib_init_argv_1                     0x08000163   Thumb Code     0  libinit2.o(.ARM.Collect$$libinit$$0000002C)
    __rt_lib_init_atexit_1                   0x08000163   Thumb Code     0  libinit2.o(.ARM.Collect$$libinit$$0000001B)
    __rt_lib_init_clock_1                    0x08000163   Thumb Code     0  libinit2.o(.ARM.Collect$$libinit$$00000021)
    __rt_lib_init_cpp_1                      0x08000163   Thumb Code     0  libinit2.o(.ARM.Collect$$libinit$$00000032)
    __rt_lib_init_exceptions_1               0x08000163   Thumb Code     0  libinit2.o(.ARM.Collect$$libinit$$00000030)
    __rt_lib_init_fp_1                       0x08000163   Thumb Code     0  libinit2.o(.ARM.Collect$$libinit$$00000002)
    __rt_lib_init_fp_trap_1                  0x08000163   Thumb Code     0  libinit2.o(.ARM.Collect$$libinit$$0000001F)
    __rt_lib_init_getenv_1                   0x08000163   Thumb Code     0  libinit2.o(.ARM.Collect$$libinit$$00000023)
    __rt_lib_init_heap_1                     0x08000163   Thumb Code     0  libinit2.o(.ARM.Collect$$libinit$$0000000A)
    __rt_lib_init_lc_collate_1               0x08000163   Thumb Code     0  libinit2.o(.ARM.Collect$$libinit$$00000011)
    __rt_lib_init_lc_ctype_1                 0x08000163   Thumb Code     0  libinit2.o(.ARM.Collect$$libinit$$00000013)
    __rt_lib_init_lc_monetary_1              0x08000163   Thumb Code     0  libinit2.o(.ARM.Collect$$libinit$$00000015)
    __rt_lib_init_lc_numeric_1               0x08000163   Thumb Code     0  libinit2.o(.ARM.Collect$$libinit$$00000017)
    __rt_lib_init_lc_time_1                  0x08000163   Thumb Code     0  libinit2.o(.ARM.Collect$$libinit$$00000019)
    __rt_lib_init_preinit_1                  0x08000163   Thumb Code     0  libinit2.o(.ARM.Collect$$libinit$$00000004)
    __rt_lib_init_rand_1                     0x08000163   Thumb Code     0  libinit2.o(.ARM.Collect$$libinit$$0000000E)
    __rt_lib_init_return                     0x08000163   Thumb Code     0  libinit2.o(.ARM.Collect$$libinit$$00000033)
    __rt_lib_init_signal_1                   0x08000163   Thumb Code     0  libinit2.o(.ARM.Collect$$libinit$$0000001D)
    __rt_lib_init_stdio_1                    0x08000163   Thumb Code     0  libinit2.o(.ARM.Collect$$libinit$$00000025)
    __rt_lib_init_user_alloc_1               0x08000163   Thumb Code     0  libinit2.o(.ARM.Collect$$libinit$$0000000C)
    __rt_lib_shutdown                        0x08000165   Thumb Code     0  libshutdown.o(.ARM.Collect$$libshutdown$$00000000)
    __rt_lib_shutdown_cpp_1                  0x08000167   Thumb Code     0  libshutdown2.o(.ARM.Collect$$libshutdown$$00000002)
    __rt_lib_shutdown_fp_trap_1              0x08000167   Thumb Code     0  libshutdown2.o(.ARM.Collect$$libshutdown$$00000007)
    __rt_lib_shutdown_heap_1                 0x08000167   Thumb Code     0  libshutdown2.o(.ARM.Collect$$libshutdown$$0000000F)
    __rt_lib_shutdown_return                 0x08000167   Thumb Code     0  libshutdown2.o(.ARM.Collect$$libshutdown$$00000010)
    __rt_lib_shutdown_signal_1               0x08000167   Thumb Code     0  libshutdown2.o(.ARM.Collect$$libshutdown$$0000000A)
    __rt_lib_shutdown_stdio_1                0x08000167   Thumb Code     0  libshutdown2.o(.ARM.Collect$$libshutdown$$00000004)
    __rt_lib_shutdown_user_alloc_1           0x08000167   Thumb Code     0  libshutdown2.o(.ARM.Collect$$libshutdown$$0000000C)
    __rt_entry                               0x08000169   Thumb Code     0  __rtentry.o(.ARM.Collect$$rtentry$$00000000)
    __rt_entry_presh_1                       0x08000169   Thumb Code     0  __rtentry2.o(.ARM.Collect$$rtentry$$00000002)
    __rt_entry_sh                            0x08000169   Thumb Code     0  __rtentry4.o(.ARM.Collect$$rtentry$$00000004)
    __rt_entry_li                            0x0800016f   Thumb Code     0  __rtentry2.o(.ARM.Collect$$rtentry$$0000000A)
    __rt_entry_postsh_1                      0x0800016f   Thumb Code     0  __rtentry2.o(.ARM.Collect$$rtentry$$00000009)
    __rt_entry_main                          0x08000173   Thumb Code     0  __rtentry2.o(.ARM.Collect$$rtentry$$0000000D)
    __rt_entry_postli_1                      0x08000173   Thumb Code     0  __rtentry2.o(.ARM.Collect$$rtentry$$0000000C)
    __rt_exit                                0x0800017b   Thumb Code     0  rtexit.o(.ARM.Collect$$rtexit$$00000000)
    __rt_exit_ls                             0x0800017d   Thumb Code     0  rtexit2.o(.ARM.Collect$$rtexit$$00000003)
    __rt_exit_prels_1                        0x0800017d   Thumb Code     0  rtexit2.o(.ARM.Collect$$rtexit$$00000002)
    __rt_exit_exit                           0x08000181   Thumb Code     0  rtexit2.o(.ARM.Collect$$rtexit$$00000004)
    SVC_Handler                              0x08000189   Thumb Code    32  port.o(.emb_text)
    __asm___6_port_c_39a90d8d__prvStartFirstTask 0x080001ad   Thumb Code    28  port.o(.emb_text)
    PendSV_Handler                           0x080001cd   Thumb Code    72  port.o(.emb_text)
    vPortGetIPSR                             0x08000219   Thumb Code     6  port.o(.emb_text)
    Reset_Handler                            0x08000221   Thumb Code     8  startup_stm32f103xb.o(.text)
    ADC1_2_IRQHandler                        0x0800023b   Thumb Code     0  startup_stm32f103xb.o(.text)
    CAN1_RX1_IRQHandler                      0x0800023b   Thumb Code     0  startup_stm32f103xb.o(.text)
    CAN1_SCE_IRQHandler                      0x0800023b   Thumb Code     0  startup_stm32f103xb.o(.text)
    DMA1_Channel1_IRQHandler                 0x0800023b   Thumb Code     0  startup_stm32f103xb.o(.text)
    DMA1_Channel2_IRQHandler                 0x0800023b   Thumb Code     0  startup_stm32f103xb.o(.text)
    DMA1_Channel3_IRQHandler                 0x0800023b   Thumb Code     0  startup_stm32f103xb.o(.text)
    DMA1_Channel4_IRQHandler                 0x0800023b   Thumb Code     0  startup_stm32f103xb.o(.text)
    DMA1_Channel5_IRQHandler                 0x0800023b   Thumb Code     0  startup_stm32f103xb.o(.text)
    DMA1_Channel6_IRQHandler                 0x0800023b   Thumb Code     0  startup_stm32f103xb.o(.text)
    DMA1_Channel7_IRQHandler                 0x0800023b   Thumb Code     0  startup_stm32f103xb.o(.text)
    EXTI15_10_IRQHandler                     0x0800023b   Thumb Code     0  startup_stm32f103xb.o(.text)
    EXTI2_IRQHandler                         0x0800023b   Thumb Code     0  startup_stm32f103xb.o(.text)
    EXTI3_IRQHandler                         0x0800023b   Thumb Code     0  startup_stm32f103xb.o(.text)
    EXTI4_IRQHandler                         0x0800023b   Thumb Code     0  startup_stm32f103xb.o(.text)
    FLASH_IRQHandler                         0x0800023b   Thumb Code     0  startup_stm32f103xb.o(.text)
    I2C1_ER_IRQHandler                       0x0800023b   Thumb Code     0  startup_stm32f103xb.o(.text)
    I2C1_EV_IRQHandler                       0x0800023b   Thumb Code     0  startup_stm32f103xb.o(.text)
    I2C2_ER_IRQHandler                       0x0800023b   Thumb Code     0  startup_stm32f103xb.o(.text)
    I2C2_EV_IRQHandler                       0x0800023b   Thumb Code     0  startup_stm32f103xb.o(.text)
    PVD_IRQHandler                           0x0800023b   Thumb Code     0  startup_stm32f103xb.o(.text)
    RCC_IRQHandler                           0x0800023b   Thumb Code     0  startup_stm32f103xb.o(.text)
    RTC_Alarm_IRQHandler                     0x0800023b   Thumb Code     0  startup_stm32f103xb.o(.text)
    RTC_IRQHandler                           0x0800023b   Thumb Code     0  startup_stm32f103xb.o(.text)
    SPI1_IRQHandler                          0x0800023b   Thumb Code     0  startup_stm32f103xb.o(.text)
    TAMPER_IRQHandler                        0x0800023b   Thumb Code     0  startup_stm32f103xb.o(.text)
    TIM1_BRK_IRQHandler                      0x0800023b   Thumb Code     0  startup_stm32f103xb.o(.text)
    TIM1_CC_IRQHandler                       0x0800023b   Thumb Code     0  startup_stm32f103xb.o(.text)
    TIM1_UP_IRQHandler                       0x0800023b   Thumb Code     0  startup_stm32f103xb.o(.text)
    TIM3_IRQHandler                          0x0800023b   Thumb Code     0  startup_stm32f103xb.o(.text)
    USART1_IRQHandler                        0x0800023b   Thumb Code     0  startup_stm32f103xb.o(.text)
    USART2_IRQHandler                        0x0800023b   Thumb Code     0  startup_stm32f103xb.o(.text)
    USART3_IRQHandler                        0x0800023b   Thumb Code     0  startup_stm32f103xb.o(.text)
    USBWakeUp_IRQHandler                     0x0800023b   Thumb Code     0  startup_stm32f103xb.o(.text)
    USB_HP_CAN1_TX_IRQHandler                0x0800023b   Thumb Code     0  startup_stm32f103xb.o(.text)
    USB_LP_CAN1_RX0_IRQHandler               0x0800023b   Thumb Code     0  startup_stm32f103xb.o(.text)
    WWDG_IRQHandler                          0x0800023b   Thumb Code     0  startup_stm32f103xb.o(.text)
    __user_initial_stackheap                 0x0800023d   Thumb Code     0  startup_stm32f103xb.o(.text)
    __2printf                                0x08000261   Thumb Code    20  noretval__2printf.o(.text)
    __aeabi_memcpy                           0x08000279   Thumb Code     0  rt_memcpy_v6.o(.text)
    __rt_memcpy                              0x08000279   Thumb Code   138  rt_memcpy_v6.o(.text)
    _memcpy_lastbytes                        0x080002df   Thumb Code     0  rt_memcpy_v6.o(.text)
    __aeabi_memcpy4                          0x08000303   Thumb Code     0  rt_memcpy_w.o(.text)
    __aeabi_memcpy8                          0x08000303   Thumb Code     0  rt_memcpy_w.o(.text)
    __rt_memcpy_w                            0x08000303   Thumb Code   100  rt_memcpy_w.o(.text)
    _memcpy_lastbytes_aligned                0x0800034b   Thumb Code     0  rt_memcpy_w.o(.text)
    __aeabi_memset                           0x08000367   Thumb Code    16  aeabi_memset.o(.text)
    __aeabi_memclr4                          0x08000377   Thumb Code     0  rt_memclr_w.o(.text)
    __aeabi_memclr8                          0x08000377   Thumb Code     0  rt_memclr_w.o(.text)
    __rt_memclr_w                            0x08000377   Thumb Code    78  rt_memclr_w.o(.text)
    _memset_w                                0x0800037b   Thumb Code     0  rt_memclr_w.o(.text)
    __use_two_region_memory                  0x080003c5   Thumb Code     2  heapauxi.o(.text)
    __rt_heap_escrow$2region                 0x080003c7   Thumb Code     2  heapauxi.o(.text)
    __rt_heap_expand$2region                 0x080003c9   Thumb Code     2  heapauxi.o(.text)
    _printf_char_file                        0x080003cd   Thumb Code    32  _printf_char_file.o(.text)
    __aeabi_memclr                           0x080003f1   Thumb Code     0  rt_memclr.o(.text)
    __rt_memclr                              0x080003f1   Thumb Code    68  rt_memclr.o(.text)
    _memset                                  0x080003f5   Thumb Code     0  rt_memclr.o(.text)
    _printf_char_common                      0x0800043f   Thumb Code    32  _printf_char_common.o(.text)
    ferror                                   0x08000465   Thumb Code     8  ferror.o(.text)
    __user_setup_stackheap                   0x0800046d   Thumb Code    74  sys_stackheap_outer.o(.text)
    __printf                                 0x080004b7   Thumb Code    40  __printf_nopercent.o(.text)
    exit                                     0x080004df   Thumb Code    18  exit.o(.text)
    __user_libspace                          0x080004f1   Thumb Code     8  libspace.o(.text)
    __user_perproc_libspace                  0x080004f1   Thumb Code     0  libspace.o(.text)
    __user_perthread_libspace                0x080004f1   Thumb Code     0  libspace.o(.text)
    _sys_exit                                0x080004f9   Thumb Code     8  sys_exit.o(.text)
    __I$use$semihosting                      0x08000505   Thumb Code     0  use_no_semi.o(.text)
    __use_no_semihosting_swi                 0x08000505   Thumb Code     2  use_no_semi.o(.text)
    __semihosting_library_function           0x08000507   Thumb Code     0  indicate_semi.o(.text)
    ADC_ConversionStop_Disable               0x08000509   Thumb Code    86  stm32f1xx_hal_adc.o(i.ADC_ConversionStop_Disable)
    BUTTON_HighLevelManager                  0x08000561   Thumb Code   112  button.o(i.BUTTON_HighLevelManager)
    BUTTON_LowLevelManager                   0x080005d5   Thumb Code   118  button.o(i.BUTTON_LowLevelManager)
    BUTTON_Process                           0x08000651   Thumb Code    14  button.o(i.BUTTON_Process)
    BusFault_Handler                         0x0800065f   Thumb Code     2  stm32f1xx_it.o(i.BusFault_Handler)
    CE_Disable                               0x08000661   Thumb Code    10  nrf24l01.o(i.CE_Disable)
    CE_Enable                                0x08000671   Thumb Code    10  nrf24l01.o(i.CE_Enable)
    CS_Select                                0x08000681   Thumb Code    12  nrf24l01.o(i.CS_Select)
    CS_UnSelect                              0x08000691   Thumb Code    10  nrf24l01.o(i.CS_UnSelect)
    DebugMon_Handler                         0x080006a1   Thumb Code     2  stm32f1xx_it.o(i.DebugMon_Handler)
    EXTI0_IRQHandler                         0x080006a3   Thumb Code     6  stm32f1xx_it.o(i.EXTI0_IRQHandler)
    EXTI1_IRQHandler                         0x080006a9   Thumb Code     6  stm32f1xx_it.o(i.EXTI1_IRQHandler)
    EXTI9_5_IRQHandler                       0x080006af   Thumb Code     8  stm32f1xx_it.o(i.EXTI9_5_IRQHandler)
    HAL_ADC_ConfigChannel                    0x080006b9   Thumb Code   240  stm32f1xx_hal_adc.o(i.HAL_ADC_ConfigChannel)
    HAL_ADC_Init                             0x080007b5   Thumb Code   272  stm32f1xx_hal_adc.o(i.HAL_ADC_Init)
    HAL_ADC_MspInit                          0x080008d1   Thumb Code    76  stm32f1xx_hal_msp.o(i.HAL_ADC_MspInit)
    HAL_DMA_Abort_IT                         0x08000929   Thumb Code   148  stm32f1xx_hal_dma.o(i.HAL_DMA_Abort_IT)
    HAL_Delay                                0x080009c1   Thumb Code    32  stm32f1xx_hal.o(i.HAL_Delay)
    HAL_GPIO_EXTI_Callback                   0x080009e5   Thumb Code    30  stm32f1xx_it.o(i.HAL_GPIO_EXTI_Callback)
    HAL_GPIO_EXTI_IRQHandler                 0x08000a05   Thumb Code    18  stm32f1xx_hal_gpio.o(i.HAL_GPIO_EXTI_IRQHandler)
    HAL_GPIO_Init                            0x08000a1d   Thumb Code   446  stm32f1xx_hal_gpio.o(i.HAL_GPIO_Init)
    HAL_GPIO_ReadPin                         0x08000bfd   Thumb Code    10  stm32f1xx_hal_gpio.o(i.HAL_GPIO_ReadPin)
    HAL_GPIO_WritePin                        0x08000c07   Thumb Code    10  stm32f1xx_hal_gpio.o(i.HAL_GPIO_WritePin)
    HAL_GetTick                              0x08000c11   Thumb Code     6  stm32f1xx_hal.o(i.HAL_GetTick)
    HAL_I2C_Init                             0x08000c1d   Thumb Code   376  stm32f1xx_hal_i2c.o(i.HAL_I2C_Init)
    HAL_I2C_Master_Receive                   0x08000da5   Thumb Code   576  stm32f1xx_hal_i2c.o(i.HAL_I2C_Master_Receive)
    HAL_I2C_Master_Transmit                  0x08000ff5   Thumb Code   290  stm32f1xx_hal_i2c.o(i.HAL_I2C_Master_Transmit)
    HAL_I2C_MspInit                          0x08001121   Thumb Code    82  stm32f1xx_hal_msp.o(i.HAL_I2C_MspInit)
    HAL_IncTick                              0x08001181   Thumb Code    12  stm32f1xx_hal.o(i.HAL_IncTick)
    HAL_Init                                 0x08001191   Thumb Code    32  stm32f1xx_hal.o(i.HAL_Init)
    HAL_InitTick                             0x080011b5   Thumb Code   132  stm32f1xx_hal_timebase_tim.o(i.HAL_InitTick)
    HAL_MspInit                              0x0800124d   Thumb Code    62  stm32f1xx_hal_msp.o(i.HAL_MspInit)
    HAL_NVIC_EnableIRQ                       0x08001295   Thumb Code    26  stm32f1xx_hal_cortex.o(i.HAL_NVIC_EnableIRQ)
    HAL_NVIC_SetPriority                     0x080012b1   Thumb Code    60  stm32f1xx_hal_cortex.o(i.HAL_NVIC_SetPriority)
    HAL_NVIC_SetPriorityGrouping             0x080012f1   Thumb Code    26  stm32f1xx_hal_cortex.o(i.HAL_NVIC_SetPriorityGrouping)
    HAL_RCCEx_PeriphCLKConfig                0x08001315   Thumb Code   224  stm32f1xx_hal_rcc_ex.o(i.HAL_RCCEx_PeriphCLKConfig)
    HAL_RCC_ClockConfig                      0x08001401   Thumb Code   280  stm32f1xx_hal_rcc.o(i.HAL_RCC_ClockConfig)
    HAL_RCC_GetClockConfig                   0x0800152d   Thumb Code    54  stm32f1xx_hal_rcc.o(i.HAL_RCC_GetClockConfig)
    HAL_RCC_GetPCLK1Freq                     0x0800156d   Thumb Code    20  stm32f1xx_hal_rcc.o(i.HAL_RCC_GetPCLK1Freq)
    HAL_RCC_GetPCLK2Freq                     0x0800158d   Thumb Code    20  stm32f1xx_hal_rcc.o(i.HAL_RCC_GetPCLK2Freq)
    HAL_RCC_GetSysClockFreq                  0x080015ad   Thumb Code    58  stm32f1xx_hal_rcc.o(i.HAL_RCC_GetSysClockFreq)
    HAL_RCC_OscConfig                        0x080015f9   Thumb Code   778  stm32f1xx_hal_rcc.o(i.HAL_RCC_OscConfig)
    HAL_SPI_ErrorCallback                    0x08001919   Thumb Code     4  main.o(i.HAL_SPI_ErrorCallback)
    HAL_SPI_GetError                         0x0800191d   Thumb Code     4  stm32f1xx_hal_spi.o(i.HAL_SPI_GetError)
    HAL_SPI_IRQHandler                       0x08001921   Thumb Code   220  stm32f1xx_hal_spi.o(i.HAL_SPI_IRQHandler)
    HAL_SPI_Init                             0x08001a01   Thumb Code   178  stm32f1xx_hal_spi.o(i.HAL_SPI_Init)
    HAL_SPI_MspInit                          0x08001ab5   Thumb Code   192  stm32f1xx_hal_msp.o(i.HAL_SPI_MspInit)
    HAL_SPI_Receive                          0x08001b89   Thumb Code   342  stm32f1xx_hal_spi.o(i.HAL_SPI_Receive)
    HAL_SPI_Transmit                         0x08001cdf   Thumb Code   366  stm32f1xx_hal_spi.o(i.HAL_SPI_Transmit)
    HAL_SPI_TransmitReceive                  0x08001e4d   Thumb Code   494  stm32f1xx_hal_spi.o(i.HAL_SPI_TransmitReceive)
    HAL_TIMEx_BreakCallback                  0x0800203b   Thumb Code     2  stm32f1xx_hal_tim_ex.o(i.HAL_TIMEx_BreakCallback)
    HAL_TIMEx_CommutCallback                 0x0800203d   Thumb Code     2  stm32f1xx_hal_tim_ex.o(i.HAL_TIMEx_CommutCallback)
    HAL_TIMEx_MasterConfigSynchronization    0x08002041   Thumb Code    92  stm32f1xx_hal_tim_ex.o(i.HAL_TIMEx_MasterConfigSynchronization)
    HAL_TIM_Base_Init                        0x080020a9   Thumb Code    90  stm32f1xx_hal_tim.o(i.HAL_TIM_Base_Init)
    HAL_TIM_Base_MspInit                     0x08002105   Thumb Code    86  stm32f1xx_hal_msp.o(i.HAL_TIM_Base_MspInit)
    HAL_TIM_Base_Start_IT                    0x08002165   Thumb Code    76  stm32f1xx_hal_tim.o(i.HAL_TIM_Base_Start_IT)
    HAL_TIM_ConfigClockSource                0x080021bd   Thumb Code   220  stm32f1xx_hal_tim.o(i.HAL_TIM_ConfigClockSource)
    HAL_TIM_IC_CaptureCallback               0x08002299   Thumb Code     2  stm32f1xx_hal_tim.o(i.HAL_TIM_IC_CaptureCallback)
    HAL_TIM_IRQHandler                       0x0800229b   Thumb Code   358  stm32f1xx_hal_tim.o(i.HAL_TIM_IRQHandler)
    HAL_TIM_OC_DelayElapsedCallback          0x08002401   Thumb Code     2  stm32f1xx_hal_tim.o(i.HAL_TIM_OC_DelayElapsedCallback)
    HAL_TIM_PWM_PulseFinishedCallback        0x08002403   Thumb Code     2  stm32f1xx_hal_tim.o(i.HAL_TIM_PWM_PulseFinishedCallback)
    HAL_TIM_PeriodElapsedCallback            0x08002405   Thumb Code    14  main.o(i.HAL_TIM_PeriodElapsedCallback)
    HAL_TIM_TriggerCallback                  0x08002419   Thumb Code     2  stm32f1xx_hal_tim.o(i.HAL_TIM_TriggerCallback)
    HAL_UART_Init                            0x0800241b   Thumb Code   100  stm32f1xx_hal_uart.o(i.HAL_UART_Init)
    HAL_UART_MspInit                         0x08002481   Thumb Code    98  stm32f1xx_hal_msp.o(i.HAL_UART_MspInit)
    HardFault_Handler                        0x080024f1   Thumb Code     2  stm32f1xx_it.o(i.HardFault_Handler)
    INA226_getBusV                           0x08002913   Thumb Code     4  ina226.o(i.INA226_getBusV)
    INA226_getBusVReg                        0x08002919   Thumb Code    54  ina226.o(i.INA226_getBusVReg)
    INA226_getCurrent                        0x08002955   Thumb Code    24  ina226.o(i.INA226_getCurrent)
    INA226_getCurrentReg                     0x0800296d   Thumb Code    54  ina226.o(i.INA226_getCurrentReg)
    INA226_getPower                          0x080029a9   Thumb Code    24  ina226.o(i.INA226_getPower)
    INA226_getPowerReg                       0x080029c5   Thumb Code    54  ina226.o(i.INA226_getPowerReg)
    INA226_getShuntV                         0x08002a01   Thumb Code    54  ina226.o(i.INA226_getShuntV)
    INA226_setConfig                         0x08002a3d   Thumb Code    32  ina226.o(i.INA226_setConfig)
    MemManage_Handler                        0x08002d11   Thumb Code     2  stm32f1xx_it.o(i.MemManage_Handler)
    NMI_Handler                              0x08002d13   Thumb Code     2  stm32f1xx_it.o(i.NMI_Handler)
    NRF24_Receive                            0x08002d15   Thumb Code    68  nrf24l01.o(i.NRF24_Receive)
    NRF24_RxMode                             0x08002d5d   Thumb Code    90  nrf24l01.o(i.NRF24_RxMode)
    NRF24_Transmit                           0x08002db9   Thumb Code    94  nrf24l01.o(i.NRF24_Transmit)
    NRF24_TxMode                             0x08002e1d   Thumb Code    52  nrf24l01.o(i.NRF24_TxMode)
    PostSleepProcessing                      0x08002e51   Thumb Code     2  debug.o(i.PostSleepProcessing)
    PreSleepProcessing                       0x08002e53   Thumb Code     2  debug.o(i.PreSleepProcessing)
    SPI2_IRQHandler                          0x08002e55   Thumb Code     6  stm32f1xx_it.o(i.SPI2_IRQHandler)
    StartDefaultTask                         0x08002fa5   Thumb Code    16  main.o(i.StartDefaultTask)
    StartTaskCore                            0x08002fb5   Thumb Code     8  main.o(i.StartTaskCore)
    StartTaskINA226                          0x08002fbd   Thumb Code   110  main.o(i.StartTaskINA226)
    StartTaskLog                             0x0800304d   Thumb Code    12  main.o(i.StartTaskLog)
    StartTaskNRF24                           0x08003059   Thumb Code   322  main.o(i.StartTaskNRF24)
    SysTick_Handler                          0x080031cd   Thumb Code    38  port.o(i.SysTick_Handler)
    SystemClock_Config                       0x080031f9   Thumb Code   120  main.o(i.SystemClock_Config)
    SystemInit                               0x08003271   Thumb Code     2  system_stm32f1xx.o(i.SystemInit)
    TIM1_TRG_COM_IRQHandler                  0x08003275   Thumb Code     6  stm32f1xx_it.o(i.TIM1_TRG_COM_IRQHandler)
    TIM2_IRQHandler                          0x08003281   Thumb Code    16  stm32f1xx_it.o(i.TIM2_IRQHandler)
    TIM4_IRQHandler                          0x08003295   Thumb Code     6  stm32f1xx_it.o(i.TIM4_IRQHandler)
    TIM_Base_SetConfig                       0x080032a1   Thumb Code    94  stm32f1xx_hal_tim.o(i.TIM_Base_SetConfig)
    TIM_ETR_SetConfig                        0x0800330d   Thumb Code    20  stm32f1xx_hal_tim.o(i.TIM_ETR_SetConfig)
    UsageFault_Handler                       0x08003431   Thumb Code     2  stm32f1xx_it.o(i.UsageFault_Handler)
    eTaskConfirmSleepModeStatus              0x0800346d   Thumb Code    38  tasks.o(i.eTaskConfirmSleepModeStatus)
    fputc                                    0x0800349d   Thumb Code    22  main.o(i.fputc)
    isDataAvailable                          0x080034b9   Thumb Code    36  nrf24l01.o(i.isDataAvailable)
    main                                     0x080034dd   Thumb Code   258  main.o(i.main)
    nrf24_ReadReg                            0x08003611   Thumb Code    48  nrf24l01.o(i.nrf24_ReadReg)
    nrf24_WriteReg                           0x08003645   Thumb Code    38  nrf24l01.o(i.nrf24_WriteReg)
    nrf24_WriteRegMulti                      0x08003671   Thumb Code    50  nrf24l01.o(i.nrf24_WriteRegMulti)
    nrf24_reset                              0x080036a9   Thumb Code   284  nrf24l01.o(i.nrf24_reset)
    nrfsendCmd                               0x080037d5   Thumb Code    24  nrf24l01.o(i.nrfsendCmd)
    osDelay                                  0x080037f1   Thumb Code    46  cmsis_os2.o(i.osDelay)
    osKernelInitialize                       0x08003825   Thumb Code    50  cmsis_os2.o(i.osKernelInitialize)
    osKernelStart                            0x0800385d   Thumb Code    58  cmsis_os2.o(i.osKernelStart)
    osMessageQueueNew                        0x0800389d   Thumb Code   110  cmsis_os2.o(i.osMessageQueueNew)
    osSemaphoreNew                           0x08003911   Thumb Code   172  cmsis_os2.o(i.osSemaphoreNew)
    osThreadNew                              0x080039c1   Thumb Code   160  cmsis_os2.o(i.osThreadNew)
    pvPortMalloc                             0x0800420d   Thumb Code   210  heap_4.o(i.pvPortMalloc)
    pxPortInitialiseStack                    0x080042e5   Thumb Code    32  port.o(i.pxPortInitialiseStack)
    uxListRemove                             0x08004309   Thumb Code    38  list.o(i.uxListRemove)
    uxQueueMessagesWaiting                   0x0800432f   Thumb Code    36  queue.o(i.uxQueueMessagesWaiting)
    vApplicationGetIdleTaskMemory            0x08004355   Thumb Code    16  cmsis_os2.o(i.vApplicationGetIdleTaskMemory)
    vApplicationGetTimerTaskMemory           0x08004369   Thumb Code    18  cmsis_os2.o(i.vApplicationGetTimerTaskMemory)
    vApplicationIdleHook                     0x08004381   Thumb Code     2  freertos.o(i.vApplicationIdleHook)
    vListInitialise                          0x08004383   Thumb Code    22  list.o(i.vListInitialise)
    vListInitialiseItem                      0x08004399   Thumb Code     6  list.o(i.vListInitialiseItem)
    vListInsert                              0x0800439f   Thumb Code    48  list.o(i.vListInsert)
    vListInsertEnd                           0x080043cf   Thumb Code    24  list.o(i.vListInsertEnd)
    vPortEnterCritical                       0x080043e9   Thumb Code    54  port.o(i.vPortEnterCritical)
    vPortExitCritical                        0x08004429   Thumb Code    34  port.o(i.vPortExitCritical)
    vPortFree                                0x08004451   Thumb Code    88  heap_4.o(i.vPortFree)
    vPortSetupTimerInterrupt                 0x080044ad   Thumb Code    64  port.o(i.vPortSetupTimerInterrupt)
    vPortSuppressTicksAndSleep               0x080044f5   Thumb Code   230  port.o(i.vPortSuppressTicksAndSleep)
    vPortValidateInterruptPriority           0x080045e1   Thumb Code    74  port.o(i.vPortValidateInterruptPriority)
    vQueueAddToRegistry                      0x08004635   Thumb Code    34  queue.o(i.vQueueAddToRegistry)
    vQueueDelete                             0x0800465d   Thumb Code    46  queue.o(i.vQueueDelete)
    vQueueUnregisterQueue                    0x0800468d   Thumb Code    36  queue.o(i.vQueueUnregisterQueue)
    vQueueWaitForMessageRestricted           0x080046b5   Thumb Code    68  queue.o(i.vQueueWaitForMessageRestricted)
    vTaskDelay                               0x080046f9   Thumb Code    66  tasks.o(i.vTaskDelay)
    vTaskInternalSetTimeOutState             0x08004745   Thumb Code    12  tasks.o(i.vTaskInternalSetTimeOutState)
    vTaskMissedYield                         0x08004755   Thumb Code     8  tasks.o(i.vTaskMissedYield)
    vTaskPlaceOnEventList                    0x08004761   Thumb Code    44  tasks.o(i.vTaskPlaceOnEventList)
    vTaskPlaceOnEventListRestricted          0x08004791   Thumb Code    52  tasks.o(i.vTaskPlaceOnEventListRestricted)
    vTaskStartScheduler                      0x080047c9   Thumb Code   118  tasks.o(i.vTaskStartScheduler)
    vTaskStepTick                            0x08004851   Thumb Code    36  tasks.o(i.vTaskStepTick)
    vTaskSuspendAll                          0x08004879   Thumb Code    10  tasks.o(i.vTaskSuspendAll)
    vTaskSwitchContext                       0x08004889   Thumb Code    90  tasks.o(i.vTaskSwitchContext)
    xPortStartScheduler                      0x080048ed   Thumb Code   154  port.o(i.xPortStartScheduler)
    xQueueCreateCountingSemaphore            0x08004995   Thumb Code    58  queue.o(i.xQueueCreateCountingSemaphore)
    xQueueCreateCountingSemaphoreStatic      0x080049cf   Thumb Code    64  queue.o(i.xQueueCreateCountingSemaphoreStatic)
    xQueueGenericCreate                      0x08004a0f   Thumb Code    72  queue.o(i.xQueueGenericCreate)
    xQueueGenericCreateStatic                0x08004a57   Thumb Code   102  queue.o(i.xQueueGenericCreateStatic)
    xQueueGenericReset                       0x08004abd   Thumb Code   132  queue.o(i.xQueueGenericReset)
    xQueueGenericSend                        0x08004b45   Thumb Code   346  queue.o(i.xQueueGenericSend)
    xQueueGenericSendFromISR                 0x08004ca5   Thumb Code   188  queue.o(i.xQueueGenericSendFromISR)
    xQueueReceive                            0x08004d61   Thumb Code   308  queue.o(i.xQueueReceive)
    xTaskCheckForTimeOut                     0x08004e99   Thumb Code   112  tasks.o(i.xTaskCheckForTimeOut)
    xTaskCreate                              0x08004f0d   Thumb Code    90  tasks.o(i.xTaskCreate)
    xTaskCreateStatic                        0x08004f67   Thumb Code    86  tasks.o(i.xTaskCreateStatic)
    xTaskGetSchedulerState                   0x08004fbd   Thumb Code    22  tasks.o(i.xTaskGetSchedulerState)
    xTaskGetTickCount                        0x08004fd9   Thumb Code     6  tasks.o(i.xTaskGetTickCount)
    xTaskIncrementTick                       0x08004fe5   Thumb Code   190  tasks.o(i.xTaskIncrementTick)
    xTaskPriorityDisinherit                  0x080050ad   Thumb Code   118  tasks.o(i.xTaskPriorityDisinherit)
    xTaskRemoveFromEventList                 0x0800512d   Thumb Code   104  tasks.o(i.xTaskRemoveFromEventList)
    xTaskResumeAll                           0x080051a1   Thumb Code   182  tasks.o(i.xTaskResumeAll)
    xTimerCreateTimerTask                    0x08005265   Thumb Code    78  timers.o(i.xTimerCreateTimerTask)
    xTimerGenericCommand                     0x080052c5   Thumb Code    98  timers.o(i.xTimerGenericCommand)
    __fpl_fcheck_NaN1                        0x0800532d   Thumb Code     6  fcheck1.o(x$fpl$fcheck1)
    __aeabi_fdiv                             0x08005339   Thumb Code     0  fdiv.o(x$fpl$fdiv)
    _fdiv                                    0x08005339   Thumb Code   384  fdiv.o(x$fpl$fdiv)
    __aeabi_f2iz                             0x080054bd   Thumb Code     0  ffix.o(x$fpl$ffix)
    _ffix                                    0x080054bd   Thumb Code    54  ffix.o(x$fpl$ffix)
    __aeabi_f2uiz                            0x080054f5   Thumb Code     0  ffixu.o(x$fpl$ffixu)
    _ffixu                                   0x080054f5   Thumb Code    62  ffixu.o(x$fpl$ffixu)
    __aeabi_ui2f                             0x08005535   Thumb Code     0  fflt_clz.o(x$fpl$ffltu)
    _ffltu                                   0x08005535   Thumb Code    38  fflt_clz.o(x$fpl$ffltu)
    __fpl_fnaninf                            0x0800555b   Thumb Code   140  fnaninf.o(x$fpl$fnaninf)
    __fpl_fretinf                            0x080055e7   Thumb Code    10  fretinf.o(x$fpl$fretinf)
    __fpl_return_NaN                         0x080055f1   Thumb Code   100  retnan.o(x$fpl$retnan)
    __ARM_scalbnf                            0x08005655   Thumb Code    76  scalbnf.o(x$fpl$scalbnf)
    __fpl_cmpreturn                          0x080056a1   Thumb Code    48  trapv.o(x$fpl$trapveneer)
    __I$use$fp                               0x080056d0   Number         0  usenofp.o(x$fpl$usenofp)
    defaultTask_attributes                   0x080056d0   Data          36  main.o(.constdata)
    TaskNRF24_attributes                     0x080056f4   Data          36  main.o(.constdata)
    TaskCore_attributes                      0x08005718   Data          36  main.o(.constdata)
    TaskINA226_attributes                    0x0800573c   Data          36  main.o(.constdata)
    TaskLog_attributes                       0x08005760   Data          36  main.o(.constdata)
    QueueGPIORC_attributes                   0x08005784   Data          24  main.o(.constdata)
    QueueLog_attributes                      0x0800579c   Data          24  main.o(.constdata)
    QueueInaTx_attributes                    0x080057b4   Data          24  main.o(.constdata)
    Spi1TxBinarySem_attributes               0x080057cc   Data          16  main.o(.constdata)
    Spi2TxBinarySem_attributes               0x080057dc   Data          16  main.o(.constdata)
    AHBPrescTable                            0x080057fe   Data          16  system_stm32f1xx.o(.constdata)
    APBPrescTable                            0x0800580e   Data           8  system_stm32f1xx.o(.constdata)
    Region$$Table$$Base                      0x08005894   Number         0  anon$$obj.o(Region$$Table)
    Region$$Table$$Limit                     0x080058b4   Number         0  anon$$obj.o(Region$$Table)
    defaultTaskHandle                        0x20000000   Data           4  main.o(.data)
    TaskNRF24Handle                          0x20000004   Data           4  main.o(.data)
    TaskCoreHandle                           0x20000008   Data           4  main.o(.data)
    TaskINA226Handle                         0x2000000c   Data           4  main.o(.data)
    TaskLogHandle                            0x20000010   Data           4  main.o(.data)
    QueueGPIORCHandle                        0x20000014   Data           4  main.o(.data)
    QueueLogHandle                           0x20000018   Data           4  main.o(.data)
    QueueInaTxHandle                         0x2000001c   Data           4  main.o(.data)
    Spi1TxBinarySemHandle                    0x20000020   Data           4  main.o(.data)
    Spi2TxBinarySemHandle                    0x20000024   Data           4  main.o(.data)
    __stdout                                 0x20000028   Data           4  main.o(.data)
    uwTickFreq                               0x2000002c   Data           1  stm32f1xx_hal.o(.data)
    uwTickPrio                               0x20000030   Data           4  stm32f1xx_hal.o(.data)
    uwTick                                   0x20000034   Data           4  stm32f1xx_hal.o(.data)
    SystemCoreClock                          0x20000038   Data           4  system_stm32f1xx.o(.data)
    pxCurrentTCB                             0x2000003c   Data           4  tasks.o(.data)
    QueueDS18B20Handle                       0x200000c0   Data           4  ds18b20.o(.data)
    Ds18b20Handle                            0x200000c4   Data           4  ds18b20.o(.data)
    QueueButtonHandle                        0x200000d4   Data           4  button.o(.data)
    hadc1                                    0x200000fc   Data          48  main.o(.bss)
    hi2c2                                    0x2000012c   Data          84  main.o(.bss)
    hspi1                                    0x20000180   Data          88  main.o(.bss)
    hspi2                                    0x200001d8   Data          88  main.o(.bss)
    htim1                                    0x20000230   Data          72  main.o(.bss)
    htim2                                    0x20000278   Data          72  main.o(.bss)
    huart2                                   0x200002c0   Data          72  main.o(.bss)
    htim4                                    0x20000308   Data          72  stm32f1xx_hal_timebase_tim.o(.bss)
    xQueueRegistry                           0x20000350   Data          64  queue.o(.bss)
    __libspace_start                         0x20003024   Data          96  libspace.o(.bss)
    __temporary_stack_top$libspace           0x20003084   Data           0  libspace.o(.bss)



==============================================================================

Memory Map of the image

  Image Entry point : 0x080000ed

  Load Region LR_IROM1 (Base: 0x08000000, Size: 0x000059b0, Max: 0x00010000, ABSOLUTE)

    Execution Region ER_IROM1 (Exec base: 0x08000000, Load base: 0x08000000, Size: 0x000058b4, Max: 0x00010000, ABSOLUTE)

    Exec Addr    Load Addr    Size         Type   Attr      Idx    E Section Name        Object

    0x08000000   0x08000000   0x000000ec   Data   RO            3    RESET               startup_stm32f103xb.o
    0x080000ec   0x080000ec   0x00000008   Code   RO         6322  * !!!main             c_w.l(__main.o)
    0x080000f4   0x080000f4   0x00000034   Code   RO         6528    !!!scatter          c_w.l(__scatter.o)
    0x08000128   0x08000128   0x0000001a   Code   RO         6530    !!handler_copy      c_w.l(__scatter_copy.o)
    0x08000142   0x08000142   0x00000002   PAD
    0x08000144   0x08000144   0x0000001c   Code   RO         6532    !!handler_zi        c_w.l(__scatter_zi.o)
    0x08000160   0x08000160   0x00000002   Code   RO         6396    .ARM.Collect$$libinit$$00000000  c_w.l(libinit.o)
    0x08000162   0x08000162   0x00000000   Code   RO         6405    .ARM.Collect$$libinit$$00000002  c_w.l(libinit2.o)
    0x08000162   0x08000162   0x00000000   Code   RO         6407    .ARM.Collect$$libinit$$00000004  c_w.l(libinit2.o)
    0x08000162   0x08000162   0x00000000   Code   RO         6410    .ARM.Collect$$libinit$$0000000A  c_w.l(libinit2.o)
    0x08000162   0x08000162   0x00000000   Code   RO         6412    .ARM.Collect$$libinit$$0000000C  c_w.l(libinit2.o)
    0x08000162   0x08000162   0x00000000   Code   RO         6414    .ARM.Collect$$libinit$$0000000E  c_w.l(libinit2.o)
    0x08000162   0x08000162   0x00000000   Code   RO         6417    .ARM.Collect$$libinit$$00000011  c_w.l(libinit2.o)
    0x08000162   0x08000162   0x00000000   Code   RO         6419    .ARM.Collect$$libinit$$00000013  c_w.l(libinit2.o)
    0x08000162   0x08000162   0x00000000   Code   RO         6421    .ARM.Collect$$libinit$$00000015  c_w.l(libinit2.o)
    0x08000162   0x08000162   0x00000000   Code   RO         6423    .ARM.Collect$$libinit$$00000017  c_w.l(libinit2.o)
    0x08000162   0x08000162   0x00000000   Code   RO         6425    .ARM.Collect$$libinit$$00000019  c_w.l(libinit2.o)
    0x08000162   0x08000162   0x00000000   Code   RO         6427    .ARM.Collect$$libinit$$0000001B  c_w.l(libinit2.o)
    0x08000162   0x08000162   0x00000000   Code   RO         6429    .ARM.Collect$$libinit$$0000001D  c_w.l(libinit2.o)
    0x08000162   0x08000162   0x00000000   Code   RO         6431    .ARM.Collect$$libinit$$0000001F  c_w.l(libinit2.o)
    0x08000162   0x08000162   0x00000000   Code   RO         6433    .ARM.Collect$$libinit$$00000021  c_w.l(libinit2.o)
    0x08000162   0x08000162   0x00000000   Code   RO         6435    .ARM.Collect$$libinit$$00000023  c_w.l(libinit2.o)
    0x08000162   0x08000162   0x00000000   Code   RO         6437    .ARM.Collect$$libinit$$00000025  c_w.l(libinit2.o)
    0x08000162   0x08000162   0x00000000   Code   RO         6441    .ARM.Collect$$libinit$$0000002C  c_w.l(libinit2.o)
    0x08000162   0x08000162   0x00000000   Code   RO         6443    .ARM.Collect$$libinit$$0000002E  c_w.l(libinit2.o)
    0x08000162   0x08000162   0x00000000   Code   RO         6445    .ARM.Collect$$libinit$$00000030  c_w.l(libinit2.o)
    0x08000162   0x08000162   0x00000000   Code   RO         6447    .ARM.Collect$$libinit$$00000032  c_w.l(libinit2.o)
    0x08000162   0x08000162   0x00000002   Code   RO         6448    .ARM.Collect$$libinit$$00000033  c_w.l(libinit2.o)
    0x08000164   0x08000164   0x00000002   Code   RO         6468    .ARM.Collect$$libshutdown$$00000000  c_w.l(libshutdown.o)
    0x08000166   0x08000166   0x00000000   Code   RO         6481    .ARM.Collect$$libshutdown$$00000002  c_w.l(libshutdown2.o)
    0x08000166   0x08000166   0x00000000   Code   RO         6483    .ARM.Collect$$libshutdown$$00000004  c_w.l(libshutdown2.o)
    0x08000166   0x08000166   0x00000000   Code   RO         6486    .ARM.Collect$$libshutdown$$00000007  c_w.l(libshutdown2.o)
    0x08000166   0x08000166   0x00000000   Code   RO         6489    .ARM.Collect$$libshutdown$$0000000A  c_w.l(libshutdown2.o)
    0x08000166   0x08000166   0x00000000   Code   RO         6491    .ARM.Collect$$libshutdown$$0000000C  c_w.l(libshutdown2.o)
    0x08000166   0x08000166   0x00000000   Code   RO         6494    .ARM.Collect$$libshutdown$$0000000F  c_w.l(libshutdown2.o)
    0x08000166   0x08000166   0x00000002   Code   RO         6495    .ARM.Collect$$libshutdown$$00000010  c_w.l(libshutdown2.o)
    0x08000168   0x08000168   0x00000000   Code   RO         6350    .ARM.Collect$$rtentry$$00000000  c_w.l(__rtentry.o)
    0x08000168   0x08000168   0x00000000   Code   RO         6363    .ARM.Collect$$rtentry$$00000002  c_w.l(__rtentry2.o)
    0x08000168   0x08000168   0x00000006   Code   RO         6375    .ARM.Collect$$rtentry$$00000004  c_w.l(__rtentry4.o)
    0x0800016e   0x0800016e   0x00000000   Code   RO         6365    .ARM.Collect$$rtentry$$00000009  c_w.l(__rtentry2.o)
    0x0800016e   0x0800016e   0x00000004   Code   RO         6366    .ARM.Collect$$rtentry$$0000000A  c_w.l(__rtentry2.o)
    0x08000172   0x08000172   0x00000000   Code   RO         6368    .ARM.Collect$$rtentry$$0000000C  c_w.l(__rtentry2.o)
    0x08000172   0x08000172   0x00000008   Code   RO         6369    .ARM.Collect$$rtentry$$0000000D  c_w.l(__rtentry2.o)
    0x0800017a   0x0800017a   0x00000002   Code   RO         6402    .ARM.Collect$$rtexit$$00000000  c_w.l(rtexit.o)
    0x0800017c   0x0800017c   0x00000000   Code   RO         6450    .ARM.Collect$$rtexit$$00000002  c_w.l(rtexit2.o)
    0x0800017c   0x0800017c   0x00000004   Code   RO         6451    .ARM.Collect$$rtexit$$00000003  c_w.l(rtexit2.o)
    0x08000180   0x08000180   0x00000006   Code   RO         6452    .ARM.Collect$$rtexit$$00000004  c_w.l(rtexit2.o)
    0x08000186   0x08000186   0x00000002   PAD
    0x08000188   0x08000188   0x00000096   Code   RO         5578    .emb_text           port.o
    0x0800021e   0x0800021e   0x00000002   PAD
    0x08000220   0x08000220   0x00000040   Code   RO            4    .text               startup_stm32f103xb.o
    0x08000260   0x08000260   0x00000018   Code   RO         6308    .text               c_w.l(noretval__2printf.o)
    0x08000278   0x08000278   0x0000008a   Code   RO         6310    .text               c_w.l(rt_memcpy_v6.o)
    0x08000302   0x08000302   0x00000064   Code   RO         6312    .text               c_w.l(rt_memcpy_w.o)
    0x08000366   0x08000366   0x00000010   Code   RO         6316    .text               c_w.l(aeabi_memset.o)
    0x08000376   0x08000376   0x0000004e   Code   RO         6318    .text               c_w.l(rt_memclr_w.o)
    0x080003c4   0x080003c4   0x00000006   Code   RO         6320    .text               c_w.l(heapauxi.o)
    0x080003ca   0x080003ca   0x00000002   PAD
    0x080003cc   0x080003cc   0x00000024   Code   RO         6351    .text               c_w.l(_printf_char_file.o)
    0x080003f0   0x080003f0   0x00000044   Code   RO         6353    .text               c_w.l(rt_memclr.o)
    0x08000434   0x08000434   0x00000030   Code   RO         6377    .text               c_w.l(_printf_char_common.o)
    0x08000464   0x08000464   0x00000008   Code   RO         6379    .text               c_w.l(ferror.o)
    0x0800046c   0x0800046c   0x0000004a   Code   RO         6385    .text               c_w.l(sys_stackheap_outer.o)
    0x080004b6   0x080004b6   0x00000028   Code   RO         6387    .text               c_w.l(__printf_nopercent.o)
    0x080004de   0x080004de   0x00000012   Code   RO         6389    .text               c_w.l(exit.o)
    0x080004f0   0x080004f0   0x00000008   Code   RO         6399    .text               c_w.l(libspace.o)
    0x080004f8   0x080004f8   0x0000000c   Code   RO         6460    .text               c_w.l(sys_exit.o)
    0x08000504   0x08000504   0x00000002   Code   RO         6471    .text               c_w.l(use_no_semi.o)
    0x08000506   0x08000506   0x00000000   Code   RO         6473    .text               c_w.l(indicate_semi.o)
    0x08000506   0x08000506   0x00000002   PAD
    0x08000508   0x08000508   0x00000056   Code   RO          636    i.ADC_ConversionStop_Disable  stm32f1xx_hal_adc.o
    0x0800055e   0x0800055e   0x00000002   PAD
    0x08000560   0x08000560   0x00000074   Code   RO         6115    i.BUTTON_HighLevelManager  button.o
    0x080005d4   0x080005d4   0x0000007c   Code   RO         6117    i.BUTTON_LowLevelManager  button.o
    0x08000650   0x08000650   0x0000000e   Code   RO         6118    i.BUTTON_Process    button.o
    0x0800065e   0x0800065e   0x00000002   Code   RO          362    i.BusFault_Handler  stm32f1xx_it.o
    0x08000660   0x08000660   0x00000010   Code   RO         5997    i.CE_Disable        nrf24l01.o
    0x08000670   0x08000670   0x00000010   Code   RO         5998    i.CE_Enable         nrf24l01.o
    0x08000680   0x08000680   0x00000010   Code   RO         5999    i.CS_Select         nrf24l01.o
    0x08000690   0x08000690   0x00000010   Code   RO         6000    i.CS_UnSelect       nrf24l01.o
    0x080006a0   0x080006a0   0x00000002   Code   RO          363    i.DebugMon_Handler  stm32f1xx_it.o
    0x080006a2   0x080006a2   0x00000006   Code   RO          364    i.EXTI0_IRQHandler  stm32f1xx_it.o
    0x080006a8   0x080006a8   0x00000006   Code   RO          365    i.EXTI1_IRQHandler  stm32f1xx_it.o
    0x080006ae   0x080006ae   0x00000008   Code   RO          366    i.EXTI9_5_IRQHandler  stm32f1xx_it.o
    0x080006b6   0x080006b6   0x00000002   PAD
    0x080006b8   0x080006b8   0x000000fc   Code   RO          642    i.HAL_ADC_ConfigChannel  stm32f1xx_hal_adc.o
    0x080007b4   0x080007b4   0x0000011c   Code   RO          651    i.HAL_ADC_Init      stm32f1xx_hal_adc.o
    0x080008d0   0x080008d0   0x00000058   Code   RO          478    i.HAL_ADC_MspInit   stm32f1xx_hal_msp.o
    0x08000928   0x08000928   0x00000098   Code   RO         1294    i.HAL_DMA_Abort_IT  stm32f1xx_hal_dma.o
    0x080009c0   0x080009c0   0x00000024   Code   RO          919    i.HAL_Delay         stm32f1xx_hal.o
    0x080009e4   0x080009e4   0x0000001e   Code   RO          367    i.HAL_GPIO_EXTI_Callback  stm32f1xx_it.o
    0x08000a02   0x08000a02   0x00000002   PAD
    0x08000a04   0x08000a04   0x00000018   Code   RO         1228    i.HAL_GPIO_EXTI_IRQHandler  stm32f1xx_hal_gpio.o
    0x08000a1c   0x08000a1c   0x000001e0   Code   RO         1229    i.HAL_GPIO_Init     stm32f1xx_hal_gpio.o
    0x08000bfc   0x08000bfc   0x0000000a   Code   RO         1231    i.HAL_GPIO_ReadPin  stm32f1xx_hal_gpio.o
    0x08000c06   0x08000c06   0x0000000a   Code   RO         1233    i.HAL_GPIO_WritePin  stm32f1xx_hal_gpio.o
    0x08000c10   0x08000c10   0x0000000c   Code   RO          923    i.HAL_GetTick       stm32f1xx_hal.o
    0x08000c1c   0x08000c1c   0x00000188   Code   RO         1900    i.HAL_I2C_Init      stm32f1xx_hal_i2c.o
    0x08000da4   0x08000da4   0x00000250   Code   RO         1906    i.HAL_I2C_Master_Receive  stm32f1xx_hal_i2c.o
    0x08000ff4   0x08000ff4   0x0000012c   Code   RO         1913    i.HAL_I2C_Master_Transmit  stm32f1xx_hal_i2c.o
    0x08001120   0x08001120   0x00000060   Code   RO          480    i.HAL_I2C_MspInit   stm32f1xx_hal_msp.o
    0x08001180   0x08001180   0x00000010   Code   RO          929    i.HAL_IncTick       stm32f1xx_hal.o
    0x08001190   0x08001190   0x00000024   Code   RO          930    i.HAL_Init          stm32f1xx_hal.o
    0x080011b4   0x080011b4   0x00000098   Code   RO          561    i.HAL_InitTick      stm32f1xx_hal_timebase_tim.o
    0x0800124c   0x0800124c   0x00000048   Code   RO          481    i.HAL_MspInit       stm32f1xx_hal_msp.o
    0x08001294   0x08001294   0x0000001a   Code   RO         1389    i.HAL_NVIC_EnableIRQ  stm32f1xx_hal_cortex.o
    0x080012ae   0x080012ae   0x00000002   PAD
    0x080012b0   0x080012b0   0x00000040   Code   RO         1395    i.HAL_NVIC_SetPriority  stm32f1xx_hal_cortex.o
    0x080012f0   0x080012f0   0x00000024   Code   RO         1396    i.HAL_NVIC_SetPriorityGrouping  stm32f1xx_hal_cortex.o
    0x08001314   0x08001314   0x000000ec   Code   RO         1191    i.HAL_RCCEx_PeriphCLKConfig  stm32f1xx_hal_rcc_ex.o
    0x08001400   0x08001400   0x0000012c   Code   RO         1087    i.HAL_RCC_ClockConfig  stm32f1xx_hal_rcc.o
    0x0800152c   0x0800152c   0x00000040   Code   RO         1091    i.HAL_RCC_GetClockConfig  stm32f1xx_hal_rcc.o
    0x0800156c   0x0800156c   0x00000020   Code   RO         1094    i.HAL_RCC_GetPCLK1Freq  stm32f1xx_hal_rcc.o
    0x0800158c   0x0800158c   0x00000020   Code   RO         1095    i.HAL_RCC_GetPCLK2Freq  stm32f1xx_hal_rcc.o
    0x080015ac   0x080015ac   0x0000004c   Code   RO         1096    i.HAL_RCC_GetSysClockFreq  stm32f1xx_hal_rcc.o
    0x080015f8   0x080015f8   0x00000320   Code   RO         1099    i.HAL_RCC_OscConfig  stm32f1xx_hal_rcc.o
    0x08001918   0x08001918   0x00000004   Code   RO           14    i.HAL_SPI_ErrorCallback  main.o
    0x0800191c   0x0800191c   0x00000004   Code   RO         2334    i.HAL_SPI_GetError  stm32f1xx_hal_spi.o
    0x08001920   0x08001920   0x000000e0   Code   RO         2336    i.HAL_SPI_IRQHandler  stm32f1xx_hal_spi.o
    0x08001a00   0x08001a00   0x000000b2   Code   RO         2337    i.HAL_SPI_Init      stm32f1xx_hal_spi.o
    0x08001ab2   0x08001ab2   0x00000002   PAD
    0x08001ab4   0x08001ab4   0x000000d4   Code   RO          483    i.HAL_SPI_MspInit   stm32f1xx_hal_msp.o
    0x08001b88   0x08001b88   0x00000156   Code   RO         2340    i.HAL_SPI_Receive   stm32f1xx_hal_spi.o
    0x08001cde   0x08001cde   0x0000016e   Code   RO         2345    i.HAL_SPI_Transmit  stm32f1xx_hal_spi.o
    0x08001e4c   0x08001e4c   0x000001ee   Code   RO         2346    i.HAL_SPI_TransmitReceive  stm32f1xx_hal_spi.o
    0x0800203a   0x0800203a   0x00000002   Code   RO         3354    i.HAL_TIMEx_BreakCallback  stm32f1xx_hal_tim_ex.o
    0x0800203c   0x0800203c   0x00000002   Code   RO         3355    i.HAL_TIMEx_CommutCallback  stm32f1xx_hal_tim_ex.o
    0x0800203e   0x0800203e   0x00000002   PAD
    0x08002040   0x08002040   0x00000068   Code   RO         3373    i.HAL_TIMEx_MasterConfigSynchronization  stm32f1xx_hal_tim_ex.o
    0x080020a8   0x080020a8   0x0000005a   Code   RO         2650    i.HAL_TIM_Base_Init  stm32f1xx_hal_tim.o
    0x08002102   0x08002102   0x00000002   PAD
    0x08002104   0x08002104   0x00000060   Code   RO          485    i.HAL_TIM_Base_MspInit  stm32f1xx_hal_msp.o
    0x08002164   0x08002164   0x00000058   Code   RO         2655    i.HAL_TIM_Base_Start_IT  stm32f1xx_hal_tim.o
    0x080021bc   0x080021bc   0x000000dc   Code   RO         2659    i.HAL_TIM_ConfigClockSource  stm32f1xx_hal_tim.o
    0x08002298   0x08002298   0x00000002   Code   RO         2684    i.HAL_TIM_IC_CaptureCallback  stm32f1xx_hal_tim.o
    0x0800229a   0x0800229a   0x00000166   Code   RO         2698    i.HAL_TIM_IRQHandler  stm32f1xx_hal_tim.o
    0x08002400   0x08002400   0x00000002   Code   RO         2701    i.HAL_TIM_OC_DelayElapsedCallback  stm32f1xx_hal_tim.o
    0x08002402   0x08002402   0x00000002   Code   RO         2728    i.HAL_TIM_PWM_PulseFinishedCallback  stm32f1xx_hal_tim.o
    0x08002404   0x08002404   0x00000014   Code   RO           17    i.HAL_TIM_PeriodElapsedCallback  main.o
    0x08002418   0x08002418   0x00000002   Code   RO         2741    i.HAL_TIM_TriggerCallback  stm32f1xx_hal_tim.o
    0x0800241a   0x0800241a   0x00000064   Code   RO         3651    i.HAL_UART_Init     stm32f1xx_hal_uart.o
    0x0800247e   0x0800247e   0x00000002   PAD
    0x08002480   0x08002480   0x00000070   Code   RO          487    i.HAL_UART_MspInit  stm32f1xx_hal_msp.o
    0x080024f0   0x080024f0   0x00000002   Code   RO          368    i.HardFault_Handler  stm32f1xx_it.o
    0x080024f2   0x080024f2   0x0000002e   Code   RO         1943    i.I2C_IsAcknowledgeFailed  stm32f1xx_hal_i2c.o
    0x08002520   0x08002520   0x000000ec   Code   RO         1946    i.I2C_MasterRequestRead  stm32f1xx_hal_i2c.o
    0x0800260c   0x0800260c   0x0000009c   Code   RO         1947    i.I2C_MasterRequestWrite  stm32f1xx_hal_i2c.o
    0x080026a8   0x080026a8   0x00000056   Code   RO         1958    i.I2C_WaitOnBTFFlagUntilTimeout  stm32f1xx_hal_i2c.o
    0x080026fe   0x080026fe   0x00000002   PAD
    0x08002700   0x08002700   0x00000090   Code   RO         1959    i.I2C_WaitOnFlagUntilTimeout  stm32f1xx_hal_i2c.o
    0x08002790   0x08002790   0x000000bc   Code   RO         1960    i.I2C_WaitOnMasterAddressFlagUntilTimeout  stm32f1xx_hal_i2c.o
    0x0800284c   0x0800284c   0x00000070   Code   RO         1961    i.I2C_WaitOnRXNEFlagUntilTimeout  stm32f1xx_hal_i2c.o
    0x080028bc   0x080028bc   0x00000056   Code   RO         1962    i.I2C_WaitOnTXEFlagUntilTimeout  stm32f1xx_hal_i2c.o
    0x08002912   0x08002912   0x00000004   Code   RO         6183    i.INA226_getBusV    ina226.o
    0x08002916   0x08002916   0x00000002   PAD
    0x08002918   0x08002918   0x0000003c   Code   RO         6184    i.INA226_getBusVReg  ina226.o
    0x08002954   0x08002954   0x00000018   Code   RO         6187    i.INA226_getCurrent  ina226.o
    0x0800296c   0x0800296c   0x0000003c   Code   RO         6188    i.INA226_getCurrentReg  ina226.o
    0x080029a8   0x080029a8   0x0000001c   Code   RO         6192    i.INA226_getPower   ina226.o
    0x080029c4   0x080029c4   0x0000003c   Code   RO         6193    i.INA226_getPowerReg  ina226.o
    0x08002a00   0x08002a00   0x0000003c   Code   RO         6194    i.INA226_getShuntV  ina226.o
    0x08002a3c   0x08002a3c   0x00000020   Code   RO         6197    i.INA226_setConfig  ina226.o
    0x08002a5c   0x08002a5c   0x0000004c   Code   RO           18    i.MX_ADC1_Init      main.o
    0x08002aa8   0x08002aa8   0x00000114   Code   RO           19    i.MX_GPIO_Init      main.o
    0x08002bbc   0x08002bbc   0x00000044   Code   RO           20    i.MX_SPI1_Init      main.o
    0x08002c00   0x08002c00   0x00000040   Code   RO           21    i.MX_SPI2_Init      main.o
    0x08002c40   0x08002c40   0x00000068   Code   RO           22    i.MX_TIM1_Init      main.o
    0x08002ca8   0x08002ca8   0x00000068   Code   RO           23    i.MX_TIM2_Init      main.o
    0x08002d10   0x08002d10   0x00000002   Code   RO          369    i.MemManage_Handler  stm32f1xx_it.o
    0x08002d12   0x08002d12   0x00000002   Code   RO          370    i.NMI_Handler       stm32f1xx_it.o
    0x08002d14   0x08002d14   0x00000048   Code   RO         6003    i.NRF24_Receive     nrf24l01.o
    0x08002d5c   0x08002d5c   0x0000005a   Code   RO         6004    i.NRF24_RxMode      nrf24l01.o
    0x08002db6   0x08002db6   0x00000002   PAD
    0x08002db8   0x08002db8   0x00000064   Code   RO         6005    i.NRF24_Transmit    nrf24l01.o
    0x08002e1c   0x08002e1c   0x00000034   Code   RO         6006    i.NRF24_TxMode      nrf24l01.o
    0x08002e50   0x08002e50   0x00000002   Code   RO         5964    i.PostSleepProcessing  debug.o
    0x08002e52   0x08002e52   0x00000002   Code   RO         5965    i.PreSleepProcessing  debug.o
    0x08002e54   0x08002e54   0x0000000c   Code   RO          371    i.SPI2_IRQHandler   stm32f1xx_it.o
    0x08002e60   0x08002e60   0x00000010   Code   RO         2364    i.SPI_DMAAbortOnError  stm32f1xx_hal_spi.o
    0x08002e70   0x08002e70   0x0000005c   Code   RO         2374    i.SPI_EndRxTransaction  stm32f1xx_hal_spi.o
    0x08002ecc   0x08002ecc   0x00000020   Code   RO         2375    i.SPI_EndRxTxTransaction  stm32f1xx_hal_spi.o
    0x08002eec   0x08002eec   0x000000b8   Code   RO         2380    i.SPI_WaitFlagStateUntilTimeout  stm32f1xx_hal_spi.o
    0x08002fa4   0x08002fa4   0x00000010   Code   RO           24    i.StartDefaultTask  main.o
    0x08002fb4   0x08002fb4   0x00000008   Code   RO           25    i.StartTaskCore     main.o
    0x08002fbc   0x08002fbc   0x00000090   Code   RO           26    i.StartTaskINA226   main.o
    0x0800304c   0x0800304c   0x0000000c   Code   RO           27    i.StartTaskLog      main.o
    0x08003058   0x08003058   0x00000174   Code   RO           28    i.StartTaskNRF24    main.o
    0x080031cc   0x080031cc   0x0000002c   Code   RO         5579    i.SysTick_Handler   port.o
    0x080031f8   0x080031f8   0x00000078   Code   RO           29    i.SystemClock_Config  main.o
    0x08003270   0x08003270   0x00000002   Code   RO         3985    i.SystemInit        system_stm32f1xx.o
    0x08003272   0x08003272   0x00000002   PAD
    0x08003274   0x08003274   0x0000000c   Code   RO          372    i.TIM1_TRG_COM_IRQHandler  stm32f1xx_it.o
    0x08003280   0x08003280   0x00000014   Code   RO          373    i.TIM2_IRQHandler   stm32f1xx_it.o
    0x08003294   0x08003294   0x0000000c   Code   RO          374    i.TIM4_IRQHandler   stm32f1xx_it.o
    0x080032a0   0x080032a0   0x0000006c   Code   RO         2743    i.TIM_Base_SetConfig  stm32f1xx_hal_tim.o
    0x0800330c   0x0800330c   0x00000014   Code   RO         2754    i.TIM_ETR_SetConfig  stm32f1xx_hal_tim.o
    0x08003320   0x08003320   0x00000010   Code   RO         2755    i.TIM_ITRx_SetConfig  stm32f1xx_hal_tim.o
    0x08003330   0x08003330   0x00000022   Code   RO         2761    i.TIM_TI1_ConfigInputStage  stm32f1xx_hal_tim.o
    0x08003352   0x08003352   0x00000024   Code   RO         2763    i.TIM_TI2_ConfigInputStage  stm32f1xx_hal_tim.o
    0x08003376   0x08003376   0x00000002   PAD
    0x08003378   0x08003378   0x000000b8   Code   RO         3677    i.UART_SetConfig    stm32f1xx_hal_uart.o
    0x08003430   0x08003430   0x00000002   Code   RO          375    i.UsageFault_Handler  stm32f1xx_it.o
    0x08003432   0x08003432   0x0000001a   Code   RO          376    i.__NVIC_ClearPendingIRQ  stm32f1xx_it.o
    0x0800344c   0x0800344c   0x00000020   Code   RO         1402    i.__NVIC_SetPriority  stm32f1xx_hal_cortex.o
    0x0800346c   0x0800346c   0x00000030   Code   RO         4582    i.eTaskConfirmSleepModeStatus  tasks.o
    0x0800349c   0x0800349c   0x0000001c   Code   RO           30    i.fputc             main.o
    0x080034b8   0x080034b8   0x00000024   Code   RO         6007    i.isDataAvailable   nrf24l01.o
    0x080034dc   0x080034dc   0x00000134   Code   RO           31    i.main              main.o
    0x08003610   0x08003610   0x00000034   Code   RO         6008    i.nrf24_ReadReg     nrf24l01.o
    0x08003644   0x08003644   0x0000002c   Code   RO         6010    i.nrf24_WriteReg    nrf24l01.o
    0x08003670   0x08003670   0x00000038   Code   RO         6011    i.nrf24_WriteRegMulti  nrf24l01.o
    0x080036a8   0x080036a8   0x0000012c   Code   RO         6012    i.nrf24_reset       nrf24l01.o
    0x080037d4   0x080037d4   0x0000001c   Code   RO         6013    i.nrfsendCmd        nrf24l01.o
    0x080037f0   0x080037f0   0x00000034   Code   RO         5105    i.osDelay           cmsis_os2.o
    0x08003824   0x08003824   0x00000038   Code   RO         5119    i.osKernelInitialize  cmsis_os2.o
    0x0800385c   0x0800385c   0x00000040   Code   RO         5122    i.osKernelStart     cmsis_os2.o
    0x0800389c   0x0800389c   0x00000074   Code   RO         5130    i.osMessageQueueNew  cmsis_os2.o
    0x08003910   0x08003910   0x000000b0   Code   RO         5141    i.osSemaphoreNew    cmsis_os2.o
    0x080039c0   0x080039c0   0x000000a4   Code   RO         5156    i.osThreadNew       cmsis_os2.o
    0x08003a64   0x08003a64   0x0000005c   Code   RO         4585    i.prvAddCurrentTaskToDelayedList  tasks.o
    0x08003ac0   0x08003ac0   0x000000d0   Code   RO         4586    i.prvAddNewTaskToReadyList  tasks.o
    0x08003b90   0x08003b90   0x00000058   Code   RO         4951    i.prvCheckForValidListAndQueue  timers.o
    0x08003be8   0x08003be8   0x00000026   Code   RO         4190    i.prvCopyDataFromQueue  queue.o
    0x08003c0e   0x08003c0e   0x0000006c   Code   RO         4191    i.prvCopyDataToQueue  queue.o
    0x08003c7a   0x08003c7a   0x00000034   Code   RO         4587    i.prvDeleteTCB      tasks.o
    0x08003cae   0x08003cae   0x00000002   PAD
    0x08003cb0   0x08003cb0   0x00000030   Code   RO         4588    i.prvGetExpectedIdleTime  tasks.o
    0x08003ce0   0x08003ce0   0x0000004c   Code   RO         5529    i.prvHeapInit       heap_4.o
    0x08003d2c   0x08003d2c   0x00000094   Code   RO         4589    i.prvIdleTask       tasks.o
    0x08003dc0   0x08003dc0   0x00000022   Code   RO         4193    i.prvInitialiseNewQueue  queue.o
    0x08003de2   0x08003de2   0x0000009c   Code   RO         4590    i.prvInitialiseNewTask  tasks.o
    0x08003e7e   0x08003e7e   0x00000002   PAD
    0x08003e80   0x08003e80   0x0000004c   Code   RO         5530    i.prvInsertBlockIntoFreeList  heap_4.o
    0x08003ecc   0x08003ecc   0x00000038   Code   RO         4953    i.prvInsertTimerInActiveList  timers.o
    0x08003f04   0x08003f04   0x0000001c   Code   RO         4194    i.prvIsQueueEmpty   queue.o
    0x08003f20   0x08003f20   0x000000cc   Code   RO         4954    i.prvProcessReceivedCommands  timers.o
    0x08003fec   0x08003fec   0x000000b4   Code   RO         4955    i.prvProcessTimerOrBlockTask  timers.o
    0x080040a0   0x080040a0   0x00000020   Code   RO         4592    i.prvResetNextTaskUnblockTime  tasks.o
    0x080040c0   0x080040c0   0x00000028   Code   RO         4956    i.prvSampleTimeNow  timers.o
    0x080040e8   0x080040e8   0x0000006c   Code   RO         4957    i.prvSwitchTimerLists  timers.o
    0x08004154   0x08004154   0x00000028   Code   RO         5580    i.prvTaskExitError  port.o
    0x0800417c   0x0800417c   0x00000024   Code   RO         4958    i.prvTimerTask      timers.o
    0x080041a0   0x080041a0   0x0000006a   Code   RO         4195    i.prvUnlockQueue    queue.o
    0x0800420a   0x0800420a   0x00000002   PAD
    0x0800420c   0x0800420c   0x000000d8   Code   RO         5531    i.pvPortMalloc      heap_4.o
    0x080042e4   0x080042e4   0x00000024   Code   RO         5581    i.pxPortInitialiseStack  port.o
    0x08004308   0x08004308   0x00000026   Code   RO         4150    i.uxListRemove      list.o
    0x0800432e   0x0800432e   0x00000024   Code   RO         4198    i.uxQueueMessagesWaiting  queue.o
    0x08004352   0x08004352   0x00000002   PAD
    0x08004354   0x08004354   0x00000014   Code   RO         5168    i.vApplicationGetIdleTaskMemory  cmsis_os2.o
    0x08004368   0x08004368   0x00000018   Code   RO         5169    i.vApplicationGetTimerTaskMemory  cmsis_os2.o
    0x08004380   0x08004380   0x00000002   Code   RO          320    i.vApplicationIdleHook  freertos.o
    0x08004382   0x08004382   0x00000016   Code   RO         4151    i.vListInitialise   list.o
    0x08004398   0x08004398   0x00000006   Code   RO         4152    i.vListInitialiseItem  list.o
    0x0800439e   0x0800439e   0x00000030   Code   RO         4153    i.vListInsert       list.o
    0x080043ce   0x080043ce   0x00000018   Code   RO         4154    i.vListInsertEnd    list.o
    0x080043e6   0x080043e6   0x00000002   PAD
    0x080043e8   0x080043e8   0x00000040   Code   RO         5583    i.vPortEnterCritical  port.o
    0x08004428   0x08004428   0x00000028   Code   RO         5584    i.vPortExitCritical  port.o
    0x08004450   0x08004450   0x0000005c   Code   RO         5532    i.vPortFree         heap_4.o
    0x080044ac   0x080044ac   0x00000048   Code   RO         5585    i.vPortSetupTimerInterrupt  port.o
    0x080044f4   0x080044f4   0x000000ec   Code   RO         5586    i.vPortSuppressTicksAndSleep  port.o
    0x080045e0   0x080045e0   0x00000054   Code   RO         5587    i.vPortValidateInterruptPriority  port.o
    0x08004634   0x08004634   0x00000028   Code   RO         4201    i.vQueueAddToRegistry  queue.o
    0x0800465c   0x0800465c   0x0000002e   Code   RO         4202    i.vQueueDelete      queue.o
    0x0800468a   0x0800468a   0x00000002   PAD
    0x0800468c   0x0800468c   0x00000028   Code   RO         4204    i.vQueueUnregisterQueue  queue.o
    0x080046b4   0x080046b4   0x00000044   Code   RO         4205    i.vQueueWaitForMessageRestricted  queue.o
    0x080046f8   0x080046f8   0x0000004c   Code   RO         4604    i.vTaskDelay        tasks.o
    0x08004744   0x08004744   0x00000010   Code   RO         4609    i.vTaskInternalSetTimeOutState  tasks.o
    0x08004754   0x08004754   0x0000000c   Code   RO         4610    i.vTaskMissedYield  tasks.o
    0x08004760   0x08004760   0x00000030   Code   RO         4612    i.vTaskPlaceOnEventList  tasks.o
    0x08004790   0x08004790   0x00000038   Code   RO         4613    i.vTaskPlaceOnEventListRestricted  tasks.o
    0x080047c8   0x080047c8   0x00000088   Code   RO         4621    i.vTaskStartScheduler  tasks.o
    0x08004850   0x08004850   0x00000028   Code   RO         4622    i.vTaskStepTick     tasks.o
    0x08004878   0x08004878   0x00000010   Code   RO         4624    i.vTaskSuspendAll   tasks.o
    0x08004888   0x08004888   0x00000064   Code   RO         4625    i.vTaskSwitchContext  tasks.o
    0x080048ec   0x080048ec   0x000000a8   Code   RO         5588    i.xPortStartScheduler  port.o
    0x08004994   0x08004994   0x0000003a   Code   RO         4206    i.xQueueCreateCountingSemaphore  queue.o
    0x080049ce   0x080049ce   0x00000040   Code   RO         4207    i.xQueueCreateCountingSemaphoreStatic  queue.o
    0x08004a0e   0x08004a0e   0x00000048   Code   RO         4210    i.xQueueGenericCreate  queue.o
    0x08004a56   0x08004a56   0x00000066   Code   RO         4211    i.xQueueGenericCreateStatic  queue.o
    0x08004abc   0x08004abc   0x00000088   Code   RO         4212    i.xQueueGenericReset  queue.o
    0x08004b44   0x08004b44   0x00000160   Code   RO         4213    i.xQueueGenericSend  queue.o
    0x08004ca4   0x08004ca4   0x000000bc   Code   RO         4214    i.xQueueGenericSendFromISR  queue.o
    0x08004d60   0x08004d60   0x00000138   Code   RO         4223    i.xQueueReceive     queue.o
    0x08004e98   0x08004e98   0x00000074   Code   RO         4626    i.xTaskCheckForTimeOut  tasks.o
    0x08004f0c   0x08004f0c   0x0000005a   Code   RO         4627    i.xTaskCreate       tasks.o
    0x08004f66   0x08004f66   0x00000056   Code   RO         4628    i.xTaskCreateStatic  tasks.o
    0x08004fbc   0x08004fbc   0x0000001c   Code   RO         4632    i.xTaskGetSchedulerState  tasks.o
    0x08004fd8   0x08004fd8   0x0000000c   Code   RO         4633    i.xTaskGetTickCount  tasks.o
    0x08004fe4   0x08004fe4   0x000000c8   Code   RO         4635    i.xTaskIncrementTick  tasks.o
    0x080050ac   0x080050ac   0x00000080   Code   RO         4638    i.xTaskPriorityDisinherit  tasks.o
    0x0800512c   0x0800512c   0x00000074   Code   RO         4640    i.xTaskRemoveFromEventList  tasks.o
    0x080051a0   0x080051a0   0x000000c4   Code   RO         4641    i.xTaskResumeAll    tasks.o
    0x08005264   0x08005264   0x00000060   Code   RO         4965    i.xTimerCreateTimerTask  timers.o
    0x080052c4   0x080052c4   0x00000068   Code   RO         4966    i.xTimerGenericCommand  timers.o
    0x0800532c   0x0800532c   0x0000000c   Code   RO         6355    x$fpl$fcheck1       fz_ws.l(fcheck1.o)
    0x08005338   0x08005338   0x00000184   Code   RO         6331    x$fpl$fdiv          fz_ws.l(fdiv.o)
    0x080054bc   0x080054bc   0x00000036   Code   RO         6334    x$fpl$ffix          fz_ws.l(ffix.o)
    0x080054f2   0x080054f2   0x00000002   PAD
    0x080054f4   0x080054f4   0x0000003e   Code   RO         6338    x$fpl$ffixu         fz_ws.l(ffixu.o)
    0x08005532   0x08005532   0x00000002   PAD
    0x08005534   0x08005534   0x00000026   Code   RO         6342    x$fpl$ffltu         fz_ws.l(fflt_clz.o)
    0x0800555a   0x0800555a   0x0000008c   Code   RO         6357    x$fpl$fnaninf       fz_ws.l(fnaninf.o)
    0x080055e6   0x080055e6   0x0000000a   Code   RO         6359    x$fpl$fretinf       fz_ws.l(fretinf.o)
    0x080055f0   0x080055f0   0x00000064   Code   RO         6383    x$fpl$retnan        fz_ws.l(retnan.o)
    0x08005654   0x08005654   0x0000004c   Code   RO         6348    x$fpl$scalbnf       fz_ws.l(scalbnf.o)
    0x080056a0   0x080056a0   0x00000030   Code   RO         6397    x$fpl$trapveneer    fz_ws.l(trapv.o)
    0x080056d0   0x080056d0   0x00000000   Code   RO         6361    x$fpl$usenofp       fz_ws.l(usenofp.o)
    0x080056d0   0x080056d0   0x0000011c   Data   RO           33    .constdata          main.o
    0x080057ec   0x080057ec   0x00000012   Data   RO         1100    .constdata          stm32f1xx_hal_rcc.o
    0x080057fe   0x080057fe   0x00000010   Data   RO         3986    .constdata          system_stm32f1xx.o
    0x0800580e   0x0800580e   0x00000008   Data   RO         3987    .constdata          system_stm32f1xx.o
    0x08005816   0x08005816   0x00000002   PAD
    0x08005818   0x08005818   0x0000007b   Data   RO           34    .conststring        main.o
    0x08005893   0x08005893   0x00000001   PAD
    0x08005894   0x08005894   0x00000020   Data   RO         6526    Region$$Table       anon$$obj.o


    Execution Region RW_IRAM1 (Exec base: 0x20000000, Load base: 0x080058b4, Size: 0x00003688, Max: 0x00005000, ABSOLUTE)

    Exec Addr    Load Addr    Size         Type   Attr      Idx    E Section Name        Object

    0x20000000   0x080058b4   0x00000028   Data   RW           35    .data               main.o
    0x20000028   0x080058dc   0x00000004   Data   RW           36    .data               main.o
    0x2000002c   0x080058e0   0x0000000c   Data   RW          937    .data               stm32f1xx_hal.o
    0x20000038   0x080058ec   0x00000004   Data   RW         3988    .data               system_stm32f1xx.o
    0x2000003c   0x080058f0   0x0000003c   Data   RW         4644    .data               tasks.o
    0x20000078   0x0800592c   0x00000014   Data   RW         4974    .data               timers.o
    0x2000008c   0x08005940   0x00000004   Data   RW         5172    .data               cmsis_os2.o
    0x20000090   0x08005944   0x00000018   Data   RW         5537    .data               heap_4.o
    0x200000a8   0x0800595c   0x00000018   Data   RW         5589    .data               port.o
    0x200000c0   0x08005974   0x00000008   Data   RW         5680    .data               ds18b20.o
    0x200000c8   0x0800597c   0x00000034   Data   RW         6123    .data               button.o
    0x200000fc        -       0x0000020c   Zero   RW           32    .bss                main.o
    0x20000308        -       0x00000048   Zero   RW          564    .bss                stm32f1xx_hal_timebase_tim.o
    0x20000350        -       0x00000040   Zero   RW         4227    .bss                queue.o
    0x20000390        -       0x000004c4   Zero   RW         4643    .bss                tasks.o
    0x20000854        -       0x00000118   Zero   RW         4973    .bss                timers.o
    0x2000096c        -       0x000006b8   Zero   RW         5171    .bss                cmsis_os2.o
    0x20001024        -       0x00002000   Zero   RW         5536    .bss                heap_4.o
    0x20003024        -       0x00000060   Zero   RW         6400    .bss                c_w.l(libspace.o)
    0x20003084   0x080059b0   0x00000004   PAD
    0x20003088        -       0x00000200   Zero   RW            2    HEAP                startup_stm32f103xb.o
    0x20003288        -       0x00000400   Zero   RW            1    STACK               startup_stm32f103xb.o


==============================================================================

Image component sizes


      Code (inc. data)   RO Data    RW Data    ZI Data      Debug   Object Name

       254         10          0         52          0       4915   button.o
       672         42          0          4       1720      16675   cmsis_os2.o
         4          0          0          0          0       1255   debug.o
         0          0          0          8          0       5837   ds18b20.o
         0          0          0          0          0      20108   event_groups.o
         2          0          0          0          0        439   freertos.o
       460         24          0         24       8192       4711   heap_4.o
       328         28          0          0          0       5325   ina226.o
       138          0          0          0          0       3438   list.o
      1724        206        407         44        524     487807   main.o
       894         68          0          0          0       8378   nrf24l01.o
       934         80          0         24          0      12050   port.o
      1828         24          0          0         64      19632   queue.o
        64         26        236          0       1536        816   startup_stm32f103xb.o
       100         18          0         12          0       5290   stm32f1xx_hal.o
       622         24          0          0          0       3328   stm32f1xx_hal_adc.o
       158         14          0          0          0      28218   stm32f1xx_hal_cortex.o
       152          4          0          0          0       1115   stm32f1xx_hal_dma.o
       524         40          0          0          0       4142   stm32f1xx_hal_gpio.o
      2338         54          0          0          0      12654   stm32f1xx_hal_i2c.o
       676         80          0          0          0       4474   stm32f1xx_hal_msp.o
      1304         94         18          0          0       5793   stm32f1xx_hal_rcc.o
       236         12          0          0          0       1396   stm32f1xx_hal_rcc_ex.o
      1932          8          0          0          0      10358   stm32f1xx_hal_spi.o
       978         26          0          0          0       9857   stm32f1xx_hal_tim.o
       108         12          0          0          0       2433   stm32f1xx_hal_tim_ex.o
       152         20          0          0         72       1499   stm32f1xx_hal_timebase_tim.o
       284          6          0          0          0       1952   stm32f1xx_hal_uart.o
       144         22          0          0          0      32032   stm32f1xx_it.o
         0          0          0          0          0       8804   stream_buffer.o
         2          0         24          4          0       1139   system_stm32f1xx.o
      2256        192          0         60       1220      25582   tasks.o
       912         82          0         20        280      25995   timers.o

    ----------------------------------------------------------------------
     20220       1216        720        252      13608     777447   Object Totals
         0          0         32          0          0          0   (incl. Generated)
        40          0          3          0          0          0   (incl. Padding)

    ----------------------------------------------------------------------

      Code (inc. data)   RO Data    RW Data    ZI Data      Debug   Library Member Name

         8          0          0          0          0         68   __main.o
        40          0          0          0          0         84   __printf_nopercent.o
         0          0          0          0          0          0   __rtentry.o
        12          0          0          0          0          0   __rtentry2.o
         6          0          0          0          0          0   __rtentry4.o
        52          8          0          0          0          0   __scatter.o
        26          0          0          0          0          0   __scatter_copy.o
        28          0          0          0          0          0   __scatter_zi.o
        48          6          0          0          0         96   _printf_char_common.o
        36          4          0          0          0         80   _printf_char_file.o
        16          0          0          0          0         68   aeabi_memset.o
        18          0          0          0          0         80   exit.o
         8          0          0          0          0         68   ferror.o
         6          0          0          0          0        152   heapauxi.o
         0          0          0          0          0          0   indicate_semi.o
         2          0          0          0          0          0   libinit.o
         2          0          0          0          0          0   libinit2.o
         2          0          0          0          0          0   libshutdown.o
         2          0          0          0          0          0   libshutdown2.o
         8          4          0          0         96         68   libspace.o
        24          4          0          0          0         84   noretval__2printf.o
        68          0          0          0          0         68   rt_memclr.o
        78          0          0          0          0         80   rt_memclr_w.o
       138          0          0          0          0         68   rt_memcpy_v6.o
       100          0          0          0          0         80   rt_memcpy_w.o
         2          0          0          0          0          0   rtexit.o
        10          0          0          0          0          0   rtexit2.o
        12          4          0          0          0         68   sys_exit.o
        74          0          0          0          0         80   sys_stackheap_outer.o
         2          0          0          0          0         68   use_no_semi.o
        12          4          0          0          0         68   fcheck1.o
       388         76          0          0          0         96   fdiv.o
        54          4          0          0          0         84   ffix.o
        62          4          0          0          0         84   ffixu.o
        38          0          0          0          0         68   fflt_clz.o
       140          4          0          0          0         84   fnaninf.o
        10          0          0          0          0         68   fretinf.o
       100          0          0          0          0         68   retnan.o
        76          0          0          0          0         68   scalbnf.o
        48          0          0          0          0         68   trapv.o
         0          0          0          0          0          0   usenofp.o

    ----------------------------------------------------------------------
      1768        122          0          0        100       2116   Library Totals
        12          0          0          0          4          0   (incl. Padding)

    ----------------------------------------------------------------------

      Code (inc. data)   RO Data    RW Data    ZI Data      Debug   Library Name

       828         30          0          0         96       1360   c_w.l
       928         92          0          0          0        756   fz_ws.l

    ----------------------------------------------------------------------
      1768        122          0          0        100       2116   Library Totals

    ----------------------------------------------------------------------

==============================================================================


      Code (inc. data)   RO Data    RW Data    ZI Data      Debug   

     21988       1338        720        252      13708     767755   Grand Totals
     21988       1338        720        252      13708     767755   ELF Image Totals
     21988       1338        720        252          0          0   ROM Totals

==============================================================================

    Total RO  Size (Code + RO Data)                22708 (  22.18kB)
    Total RW  Size (RW Data + ZI Data)             13960 (  13.63kB)
    Total ROM Size (Code + RO Data + RW Data)      22960 (  22.42kB)

==============================================================================

