Component: ARM Compiler 5.06 update 5 (build 528) Tool: armlink [4d35e2]

==============================================================================

Section Cross References

    startup_stm32f103xb.o(STACK) refers (Special) to heapauxi.o(.text) for __use_two_region_memory
    startup_stm32f103xb.o(HEAP) refers (Special) to heapauxi.o(.text) for __use_two_region_memory
    startup_stm32f103xb.o(RESET) refers (Special) to heapauxi.o(.text) for __use_two_region_memory
    startup_stm32f103xb.o(RESET) refers to startup_stm32f103xb.o(STACK) for __initial_sp
    startup_stm32f103xb.o(RESET) refers to startup_stm32f103xb.o(.text) for Reset_Handler
    startup_stm32f103xb.o(RESET) refers to stm32f1xx_it.o(i.NMI_Handler) for NMI_Handler
    startup_stm32f103xb.o(RESET) refers to stm32f1xx_it.o(i.HardFault_Handler) for HardFault_Handler
    startup_stm32f103xb.o(RESET) refers to stm32f1xx_it.o(i.MemManage_Handler) for MemManage_Handler
    startup_stm32f103xb.o(RESET) refers to stm32f1xx_it.o(i.BusFault_Handler) for BusFault_Handler
    startup_stm32f103xb.o(RESET) refers to stm32f1xx_it.o(i.UsageFault_Handler) for UsageFault_Handler
    startup_stm32f103xb.o(RESET) refers to port.o(.emb_text) for SVC_Handler
    startup_stm32f103xb.o(RESET) refers to stm32f1xx_it.o(i.DebugMon_Handler) for DebugMon_Handler
    startup_stm32f103xb.o(RESET) refers to port.o(i.SysTick_Handler) for SysTick_Handler
    startup_stm32f103xb.o(RESET) refers to stm32f1xx_it.o(i.TIM4_IRQHandler) for TIM4_IRQHandler
    startup_stm32f103xb.o(RESET) refers to stm32f1xx_it.o(i.SPI2_IRQHandler) for SPI2_IRQHandler
    startup_stm32f103xb.o(.text) refers (Special) to heapauxi.o(.text) for __use_two_region_memory
    startup_stm32f103xb.o(.text) refers to system_stm32f1xx.o(i.SystemInit) for SystemInit
    startup_stm32f103xb.o(.text) refers to __main.o(!!!main) for __main
    startup_stm32f103xb.o(.text) refers to startup_stm32f103xb.o(HEAP) for Heap_Mem
    startup_stm32f103xb.o(.text) refers to startup_stm32f103xb.o(STACK) for Stack_Mem
    nrf24.o(i.NRF24_Init2) refers to stm32f1xx_hal_gpio.o(i.HAL_GPIO_WritePin) for HAL_GPIO_WritePin
    nrf24.o(i.NRF24_Init2) refers to nrf24.o(i.nrf24_reset) for nrf24_reset
    nrf24.o(i.NRF24_Init2) refers to nrf24.o(i.NRF_Write_Reg) for NRF_Write_Reg
    nrf24.o(i.NRF24_Transmit) refers to stm32f1xx_hal_gpio.o(i.HAL_GPIO_WritePin) for HAL_GPIO_WritePin
    nrf24.o(i.NRF24_Transmit) refers to stm32f1xx_hal_spi.o(i.HAL_SPI_Transmit_IT) for HAL_SPI_Transmit_IT
    nrf24.o(i.NRF24_Transmit) refers to tasks.o(i.ulTaskNotifyTake) for ulTaskNotifyTake
    nrf24.o(i.NRF24_Transmit) refers to stm32f1xx_hal.o(i.HAL_Delay) for HAL_Delay
    nrf24.o(i.NRF24_Transmit) refers to nrf24.o(i.NRF_Read_Reg) for NRF_Read_Reg
    nrf24.o(i.NRF24_Transmit) refers to main.o(.bss) for hspi2
    nrf24.o(i.NRF_Close_Read_Pipe) refers to nrf24.o(i.NRF_Read_Reg) for NRF_Read_Reg
    nrf24.o(i.NRF_Close_Read_Pipe) refers to nrf24.o(i.NRF_Write_Reg) for NRF_Write_Reg
    nrf24.o(i.NRF_Command_TXRX) refers to stm32f1xx_hal_gpio.o(i.HAL_GPIO_WritePin) for HAL_GPIO_WritePin
    nrf24.o(i.NRF_Command_TXRX) refers to stm32f1xx_hal_spi.o(i.HAL_SPI_TransmitReceive_IT) for HAL_SPI_TransmitReceive_IT
    nrf24.o(i.NRF_Command_TXRX) refers to tasks.o(i.ulTaskNotifyTake) for ulTaskNotifyTake
    nrf24.o(i.NRF_Command_TXRX) refers to main.o(.bss) for hspi2
    nrf24.o(i.NRF_Disable_CRC) refers to nrf24.o(i.NRF_Read_Reg) for NRF_Read_Reg
    nrf24.o(i.NRF_Disable_CRC) refers to nrf24.o(i.NRF_Write_Reg) for NRF_Write_Reg
    nrf24.o(i.NRF_Enable_Ack_Payload) refers to nrf24.o(i.NRF_Read_Reg) for NRF_Read_Reg
    nrf24.o(i.NRF_Enable_Ack_Payload) refers to nrf24.o(i.NRF_Write_Reg) for NRF_Write_Reg
    nrf24.o(i.NRF_Enable_Dynamic_Ack) refers to nrf24.o(i.NRF_Read_Reg) for NRF_Read_Reg
    nrf24.o(i.NRF_Enable_Dynamic_Ack) refers to nrf24.o(i.NRF_Write_Reg) for NRF_Write_Reg
    nrf24.o(i.NRF_Flush_RX) refers to nrf24.o(i.NRF_Command_TXRX) for NRF_Command_TXRX
    nrf24.o(i.NRF_Flush_TX) refers to nrf24.o(i.NRF_Command_TXRX) for NRF_Command_TXRX
    nrf24.o(i.NRF_GetDataRate) refers to nrf24.o(i.NRF_Read_Reg) for NRF_Read_Reg
    nrf24.o(i.NRF_Get_CRC_Length) refers to nrf24.o(i.NRF_Read_Reg) for NRF_Read_Reg
    nrf24.o(i.NRF_Get_Channel) refers to nrf24.o(i.NRF_Read_Reg) for NRF_Read_Reg
    nrf24.o(i.NRF_Get_PALevel) refers to nrf24.o(i.NRF_Read_Reg) for NRF_Read_Reg
    nrf24.o(i.NRF_Get_Payload_Size) refers to stm32f1xx_hal_gpio.o(i.HAL_GPIO_WritePin) for HAL_GPIO_WritePin
    nrf24.o(i.NRF_Get_Payload_Size) refers to stm32f1xx_hal_spi.o(i.HAL_SPI_TransmitReceive_IT) for HAL_SPI_TransmitReceive_IT
    nrf24.o(i.NRF_Get_Payload_Size) refers to tasks.o(i.ulTaskNotifyTake) for ulTaskNotifyTake
    nrf24.o(i.NRF_Get_Payload_Size) refers to nrf24.o(i.NRF_Command_TXRX) for NRF_Command_TXRX
    nrf24.o(i.NRF_Get_Payload_Size) refers to stm32f1xx_hal.o(i.HAL_Delay) for HAL_Delay
    nrf24.o(i.NRF_Get_Payload_Size) refers to main.o(.bss) for hspi2
[...]
    _printf_truncate_signed                   - Undefined Weak Reference
    _printf_truncate_unsigned                 - Undefined Weak Reference
    _rand_init                                - Undefined Weak Reference
    _signal_finish                            - Undefined Weak Reference
    _signal_init                              - Undefined Weak Reference
    _terminate_alloc                          - Undefined Weak Reference
    _terminate_user_alloc                     - Undefined Weak Reference
    _terminateio                              - Undefined Weak Reference
    __Vectors_Size                           0x000000ec   Number         0  startup_stm32f103xb.o ABSOLUTE
    __Vectors                                0x08000000   Data           4  startup_stm32f103xb.o(RESET)
    __Vectors_End                            0x080000ec   Data           0  startup_stm32f103xb.o(RESET)
    __main                                   0x080000ed   Thumb Code     8  __main.o(!!!main)
    __scatterload                            0x080000f5   Thumb Code     0  __scatter.o(!!!scatter)
    __scatterload_rt2                        0x080000f5   Thumb Code    44  __scatter.o(!!!scatter)
    __scatterload_rt2_thumb_only             0x080000f5   Thumb Code     0  __scatter.o(!!!scatter)
    __scatterload_null                       0x08000103   Thumb Code     0  __scatter.o(!!!scatter)
    __scatterload_copy                       0x08000129   Thumb Code    26  __scatter_copy.o(!!handler_copy)
    __scatterload_zeroinit                   0x08000145   Thumb Code    28  __scatter_zi.o(!!handler_zi)
    _printf_f                                0x08000161   Thumb Code     0  _printf_f.o(.ARM.Collect$$_printf_percent$$00000003)
    _printf_percent                          0x08000161   Thumb Code     0  _printf_percent.o(.ARM.Collect$$_printf_percent$$00000000)
    _printf_d                                0x08000167   Thumb Code     0  _printf_d.o(.ARM.Collect$$_printf_percent$$00000009)
    _printf_x                                0x0800016d   Thumb Code     0  _printf_x.o(.ARM.Collect$$_printf_percent$$0000000C)
    _printf_s                                0x08000173   Thumb Code     0  _printf_s.o(.ARM.Collect$$_printf_percent$$00000014)
    _printf_percent_end                      0x08000179   Thumb Code     0  _printf_percent_end.o(.ARM.Collect$$_printf_percent$$00000017)
    __rt_lib_init                            0x0800017d   Thumb Code     0  libinit.o(.ARM.Collect$$libinit$$00000000)
    __rt_lib_init_fp_1                       0x0800017f   Thumb Code     0  libinit2.o(.ARM.Collect$$libinit$$00000002)
    __rt_lib_init_heap_1                     0x0800017f   Thumb Code     0  libinit2.o(.ARM.Collect$$libinit$$0000000A)
    __rt_lib_init_lc_common                  0x0800017f   Thumb Code     0  libinit2.o(.ARM.Collect$$libinit$$0000000F)
    __rt_lib_init_preinit_1                  0x0800017f   Thumb Code     0  libinit2.o(.ARM.Collect$$libinit$$00000004)
    __rt_lib_init_rand_1                     0x0800017f   Thumb Code     0  libinit2.o(.ARM.Collect$$libinit$$0000000E)
    __rt_lib_init_user_alloc_1               0x0800017f   Thumb Code     0  libinit2.o(.ARM.Collect$$libinit$$0000000C)
    __rt_lib_init_lc_collate_1               0x08000185   Thumb Code     0  libinit2.o(.ARM.Collect$$libinit$$00000011)
    __rt_lib_init_lc_ctype_1                 0x08000185   Thumb Code     0  libinit2.o(.ARM.Collect$$libinit$$00000013)
    __rt_lib_init_lc_monetary_1              0x08000185   Thumb Code     0  libinit2.o(.ARM.Collect$$libinit$$00000015)
    __rt_lib_init_lc_numeric_2               0x08000185   Thumb Code     0  libinit2.o(.ARM.Collect$$libinit$$00000016)
    __rt_lib_init_alloca_1                   0x0800018f   Thumb Code     0  libinit2.o(.ARM.Collect$$libinit$$0000002E)
    __rt_lib_init_argv_1                     0x0800018f   Thumb Code     0  libinit2.o(.ARM.Collect$$libinit$$0000002C)
    __rt_lib_init_atexit_1                   0x0800018f   Thumb Code     0  libinit2.o(.ARM.Collect$$libinit$$0000001B)
    __rt_lib_init_clock_1                    0x0800018f   Thumb Code     0  libinit2.o(.ARM.Collect$$libinit$$00000021)
    __rt_lib_init_cpp_1                      0x0800018f   Thumb Code     0  libinit2.o(.ARM.Collect$$libinit$$00000032)
    __rt_lib_init_exceptions_1               0x0800018f   Thumb Code     0  libinit2.o(.ARM.Collect$$libinit$$00000030)
    __rt_lib_init_fp_trap_1                  0x0800018f   Thumb Code     0  libinit2.o(.ARM.Collect$$libinit$$0000001F)
    __rt_lib_init_getenv_1                   0x0800018f   Thumb Code     0  libinit2.o(.ARM.Collect$$libinit$$00000023)
    __rt_lib_init_lc_numeric_1               0x0800018f   Thumb Code     0  libinit2.o(.ARM.Collect$$libinit$$00000017)
    __rt_lib_init_lc_time_1                  0x0800018f   Thumb Code     0  libinit2.o(.ARM.Collect$$libinit$$00000019)
    __rt_lib_init_return                     0x0800018f   Thumb Code     0  libinit2.o(.ARM.Collect$$libinit$$00000033)
    __rt_lib_init_signal_1                   0x0800018f   Thumb Code     0  libinit2.o(.ARM.Collect$$libinit$$0000001D)
    __rt_lib_init_stdio_1                    0x0800018f   Thumb Code     0  libinit2.o(.ARM.Collect$$libinit$$00000025)
    __rt_lib_shutdown                        0x08000191   Thumb Code     0  libshutdown.o(.ARM.Collect$$libshutdown$$00000000)
    __rt_lib_shutdown_cpp_1                  0x08000193   Thumb Code     0  libshutdown2.o(.ARM.Collect$$libshutdown$$00000002)
    __rt_lib_shutdown_fp_trap_1              0x08000193   Thumb Code     0  libshutdown2.o(.ARM.Collect$$libshutdown$$00000007)
    __rt_lib_shutdown_heap_1                 0x08000193   Thumb Code     0  libshutdown2.o(.ARM.Collect$$libshutdown$$0000000F)
    __rt_lib_shutdown_return                 0x08000193   Thumb Code     0  libshutdown2.o(.ARM.Collect$$libshutdown$$00000010)
    __rt_lib_shutdown_signal_1               0x08000193   Thumb Code     0  libshutdown2.o(.ARM.Collect$$libshutdown$$0000000A)
    __rt_lib_shutdown_stdio_1                0x08000193   Thumb Code     0  libshutdown2.o(.ARM.Collect$$libshutdown$$00000004)
    __rt_lib_shutdown_user_alloc_1           0x08000193   Thumb Code     0  libshutdown2.o(.ARM.Collect$$libshutdown$$0000000C)
    __rt_entry                               0x08000195   Thumb Code     0  __rtentry.o(.ARM.Collect$$rtentry$$00000000)
    __rt_entry_presh_1                       0x08000195   Thumb Code     0  __rtentry2.o(.ARM.Collect$$rtentry$$00000002)
    __rt_entry_sh                            0x08000195   Thumb Code     0  __rtentry4.o(.ARM.Collect$$rtentry$$00000004)
    __rt_entry_li                            0x0800019b   Thumb Code     0  __rtentry2.o(.ARM.Collect$$rtentry$$0000000A)
    __rt_entry_postsh_1                      0x0800019b   Thumb Code     0  __rtentry2.o(.ARM.Collect$$rtentry$$00000009)
    __rt_entry_main                          0x0800019f   Thumb Code     0  __rtentry2.o(.ARM.Collect$$rtentry$$0000000D)
    __rt_entry_postli_1                      0x0800019f   Thumb Code     0  __rtentry2.o(.ARM.Collect$$rtentry$$0000000C)
    __rt_exit                                0x080001a7   Thumb Code     0  rtexit.o(.ARM.Collect$$rtexit$$00000000)
    __rt_exit_ls                             0x080001a9   Thumb Code     0  rtexit2.o(.ARM.Collect$$rtexit$$00000003)
    __rt_exit_prels_1                        0x080001a9   Thumb Code     0  rtexit2.o(.ARM.Collect$$rtexit$$00000002)
    __rt_exit_exit                           0x080001ad   Thumb Code     0  rtexit2.o(.ARM.Collect$$rtexit$$00000004)
    SVC_Handler                              0x080001b5   Thumb Code    32  port.o(.emb_text)
    __asm___6_port_c_39a90d8d__prvStartFirstTask 0x080001d9   Thumb Code    28  port.o(.emb_text)
    PendSV_Handler                           0x080001f9   Thumb Code    72  port.o(.emb_text)
    vPortGetIPSR                             0x08000245   Thumb Code     6  port.o(.emb_text)
    Reset_Handler                            0x0800024d   Thumb Code     8  startup_stm32f103xb.o(.text)
    ADC1_2_IRQHandler                        0x08000267   Thumb Code     0  startup_stm32f103xb.o(.text)
    CAN1_RX1_IRQHandler                      0x08000267   Thumb Code     0  startup_stm32f103xb.o(.text)
    CAN1_SCE_IRQHandler                      0x08000267   Thumb Code     0  startup_stm32f103xb.o(.text)
    DMA1_Channel1_IRQHandler                 0x08000267   Thumb Code     0  startup_stm32f103xb.o(.text)
    DMA1_Channel2_IRQHandler                 0x08000267   Thumb Code     0  startup_stm32f103xb.o(.text)
    DMA1_Channel3_IRQHandler                 0x08000267   Thumb Code     0  startup_stm32f103xb.o(.text)
    DMA1_Channel4_IRQHandler                 0x08000267   Thumb Code     0  startup_stm32f103xb.o(.text)
    DMA1_Channel5_IRQHandler                 0x08000267   Thumb Code     0  startup_stm32f103xb.o(.text)
    DMA1_Channel6_IRQHandler                 0x08000267   Thumb Code     0  startup_stm32f103xb.o(.text)
    DMA1_Channel7_IRQHandler                 0x08000267   Thumb Code     0  startup_stm32f103xb.o(.text)
    EXTI0_IRQHandler                         0x08000267   Thumb Code     0  startup_stm32f103xb.o(.text)
    EXTI15_10_IRQHandler                     0x08000267   Thumb Code     0  startup_stm32f103xb.o(.text)
    EXTI1_IRQHandler                         0x08000267   Thumb Code     0  startup_stm32f103xb.o(.text)
    EXTI2_IRQHandler                         0x08000267   Thumb Code     0  startup_stm32f103xb.o(.text)
    EXTI3_IRQHandler                         0x08000267   Thumb Code     0  startup_stm32f103xb.o(.text)
    EXTI4_IRQHandler                         0x08000267   Thumb Code     0  startup_stm32f103xb.o(.text)
    EXTI9_5_IRQHandler                       0x08000267   Thumb Code     0  startup_stm32f103xb.o(.text)
    FLASH_IRQHandler                         0x08000267   Thumb Code     0  startup_stm32f103xb.o(.text)
    I2C1_ER_IRQHandler                       0x08000267   Thumb Code     0  startup_stm32f103xb.o(.text)
    I2C1_EV_IRQHandler                       0x08000267   Thumb Code     0  startup_stm32f103xb.o(.text)
    I2C2_ER_IRQHandler                       0x08000267   Thumb Code     0  startup_stm32f103xb.o(.text)
    I2C2_EV_IRQHandler                       0x08000267   Thumb Code     0  startup_stm32f103xb.o(.text)
    PVD_IRQHandler                           0x08000267   Thumb Code     0  startup_stm32f103xb.o(.text)
    RCC_IRQHandler                           0x08000267   Thumb Code     0  startup_stm32f103xb.o(.text)
    RTC_Alarm_IRQHandler                     0x08000267   Thumb Code     0  startup_stm32f103xb.o(.text)
    RTC_IRQHandler                           0x08000267   Thumb Code     0  startup_stm32f103xb.o(.text)
    SPI1_IRQHandler                          0x08000267   Thumb Code     0  startup_stm32f103xb.o(.text)
    TAMPER_IRQHandler                        0x08000267   Thumb Code     0  startup_stm32f103xb.o(.text)
    TIM1_BRK_IRQHandler                      0x08000267   Thumb Code     0  startup_stm32f103xb.o(.text)
    TIM1_CC_IRQHandler                       0x08000267   Thumb Code     0  startup_stm32f103xb.o(.text)
    TIM1_TRG_COM_IRQHandler                  0x08000267   Thumb Code     0  startup_stm32f103xb.o(.text)
    TIM1_UP_IRQHandler                       0x08000267   Thumb Code     0  startup_stm32f103xb.o(.text)
    TIM2_IRQHandler                          0x08000267   Thumb Code     0  startup_stm32f103xb.o(.text)
    TIM3_IRQHandler                          0x08000267   Thumb Code     0  startup_stm32f103xb.o(.text)
    USART1_IRQHandler                        0x08000267   Thumb Code     0  startup_stm32f103xb.o(.text)
    USART2_IRQHandler                        0x08000267   Thumb Code     0  startup_stm32f103xb.o(.text)
    USART3_IRQHandler                        0x08000267   Thumb Code     0  startup_stm32f103xb.o(.text)
    USBWakeUp_IRQHandler                     0x08000267   Thumb Code     0  startup_stm32f103xb.o(.text)
    USB_HP_CAN1_TX_IRQHandler                0x08000267   Thumb Code     0  startup_stm32f103xb.o(.text)
    USB_LP_CAN1_RX0_IRQHandler               0x08000267   Thumb Code     0  startup_stm32f103xb.o(.text)
    WWDG_IRQHandler                          0x08000267   Thumb Code     0  startup_stm32f103xb.o(.text)
    __user_initial_stackheap                 0x08000269   Thumb Code     0  startup_stm32f103xb.o(.text)
    __2printf                                0x0800028d   Thumb Code    20  noretval__2printf.o(.text)
    _printf_pre_padding                      0x080002a5   Thumb Code    44  _printf_pad.o(.text)
    _printf_post_padding                     0x080002d1   Thumb Code    34  _printf_pad.o(.text)
    _printf_str                              0x080002f3   Thumb Code    82  _printf_str.o(.text)
    _printf_int_dec                          0x08000345   Thumb Code   104  _printf_dec.o(.text)
    _printf_int_hex                          0x080003bd   Thumb Code    84  _printf_hex_int.o(.text)
    _printf_longlong_hex                     0x080003bd   Thumb Code     0  _printf_hex_int.o(.text)
    __printf                                 0x08000415   Thumb Code   270  __printf_wp.o(.text)
    strlen                                   0x08000523   Thumb Code    62  strlen.o(.text)
    __aeabi_memcpy                           0x08000561   Thumb Code     0  rt_memcpy_v6.o(.text)
    __rt_memcpy                              0x08000561   Thumb Code   138  rt_memcpy_v6.o(.text)
    _memcpy_lastbytes                        0x080005c7   Thumb Code     0  rt_memcpy_v6.o(.text)
    __aeabi_memcpy4                          0x080005eb   Thumb Code     0  rt_memcpy_w.o(.text)
    __aeabi_memcpy8                          0x080005eb   Thumb Code     0  rt_memcpy_w.o(.text)
    __rt_memcpy_w                            0x080005eb   Thumb Code   100  rt_memcpy_w.o(.text)
    _memcpy_lastbytes_aligned                0x08000633   Thumb Code     0  rt_memcpy_w.o(.text)
    __aeabi_memset                           0x0800064f   Thumb Code    16  aeabi_memset.o(.text)
    __aeabi_memclr4                          0x0800065f   Thumb Code     0  rt_memclr_w.o(.text)
    __aeabi_memclr8                          0x0800065f   Thumb Code     0  rt_memclr_w.o(.text)
    __rt_memclr_w                            0x0800065f   Thumb Code    78  rt_memclr_w.o(.text)
    _memset_w                                0x08000663   Thumb Code     0  rt_memclr_w.o(.text)
    __use_two_region_memory                  0x080006ad   Thumb Code     2  heapauxi.o(.text)
    __rt_heap_escrow$2region                 0x080006af   Thumb Code     2  heapauxi.o(.text)
    __rt_heap_expand$2region                 0x080006b1   Thumb Code     2  heapauxi.o(.text)
    _printf_int_common                       0x080006b3   Thumb Code   178  _printf_intcommon.o(.text)
    __lib_sel_fp_printf                      0x08000765   Thumb Code     2  _printf_fp_dec.o(.text)
    _printf_fp_dec_real                      0x08000917   Thumb Code   620  _printf_fp_dec.o(.text)
    _printf_cs_common                        0x08000b83   Thumb Code    20  _printf_char.o(.text)
    _printf_char                             0x08000b97   Thumb Code    16  _printf_char.o(.text)
    _printf_string                           0x08000ba7   Thumb Code     8  _printf_char.o(.text)
    _printf_char_file                        0x08000bb1   Thumb Code    32  _printf_char_file.o(.text)
    __aeabi_memclr                           0x08000bd5   Thumb Code     0  rt_memclr.o(.text)
    __rt_memclr                              0x08000bd5   Thumb Code    68  rt_memclr.o(.text)
    _memset                                  0x08000bd9   Thumb Code     0  rt_memclr.o(.text)
    __rt_locale                              0x08000c19   Thumb Code     8  rt_locale_intlibspace.o(.text)
    _ll_udiv10                               0x08000c21   Thumb Code   138  lludiv10.o(.text)
    _printf_char_common                      0x08000cb7   Thumb Code    32  _printf_char_common.o(.text)
    _printf_fp_infnan                        0x08000cdd   Thumb Code   112  _printf_fp_infnan.o(.text)
    _btod_etento                             0x08000d5d   Thumb Code   224  bigflt0.o(.text)
    ferror                                   0x08000e41   Thumb Code     8  ferror.o(.text)
    __user_libspace                          0x08000e49   Thumb Code     8  libspace.o(.text)
    __user_perproc_libspace                  0x08000e49   Thumb Code     0  libspace.o(.text)
    __user_perthread_libspace                0x08000e49   Thumb Code     0  libspace.o(.text)
    __user_setup_stackheap                   0x08000e51   Thumb Code    74  sys_stackheap_outer.o(.text)
    exit                                     0x08000e9b   Thumb Code    18  exit.o(.text)
    strcmp                                   0x08000ead   Thumb Code   128  strcmpv7m.o(.text)
    _sys_exit                                0x08000f2d   Thumb Code     8  sys_exit.o(.text)
    __I$use$semihosting                      0x08000f39   Thumb Code     0  use_no_semi.o(.text)
    __use_no_semihosting_swi                 0x08000f39   Thumb Code     2  use_no_semi.o(.text)
    __semihosting_library_function           0x08000f3b   Thumb Code     0  indicate_semi.o(.text)
    _btod_d2e                                0x08000f3b   Thumb Code    62  btod.o(CL$$btod_d2e)
    _d2e_denorm_low                          0x08000f79   Thumb Code    70  btod.o(CL$$btod_d2e_denorm_low)
    _d2e_norm_op1                            0x08000fbf   Thumb Code    96  btod.o(CL$$btod_d2e_norm_op1)
    __btod_div_common                        0x0800101f   Thumb Code   696  btod.o(CL$$btod_div_common)
    _e2e                                     0x08001357   Thumb Code   220  btod.o(CL$$btod_e2e)
    _btod_ediv                               0x08001433   Thumb Code    42  btod.o(CL$$btod_ediv)
    _btod_emul                               0x0800145d   Thumb Code    42  btod.o(CL$$btod_emul)
    __btod_mult_common                       0x08001487   Thumb Code   580  btod.o(CL$$btod_mult_common)
    BusFault_Handler                         0x080016cb   Thumb Code     2  stm32f1xx_it.o(i.BusFault_Handler)
    Callback01                               0x080016cd   Thumb Code     2  main.o(i.Callback01)
    DS18B20_AllDone                          0x080016cf   Thumb Code     4  ds18b20.o(i.DS18B20_AllDone)
    DS18B20_DisableAlarmTemperature          0x080016d3   Thumb Code   150  ds18b20.o(i.DS18B20_DisableAlarmTemperature)
    DS18B20_Is                               0x08001769   Thumb Code    14  ds18b20.o(i.DS18B20_Is)
    DS18B20_Read                             0x08001779   Thumb Code   246  ds18b20.o(i.DS18B20_Read)
    DS18B20_SetResolution                    0x08001875   Thumb Code   200  ds18b20.o(i.DS18B20_SetResolution)
    DS18B20_StartAll                         0x0800193d   Thumb Code    28  ds18b20.o(i.DS18B20_StartAll)
    DebugMon_Handler                         0x08001959   Thumb Code     2  stm32f1xx_it.o(i.DebugMon_Handler)
    Ds18b20_Init                             0x0800195d   Thumb Code    50  ds18b20.o(i.Ds18b20_Init)
    HAL_DMA_Abort_IT                         0x0800199d   Thumb Code   148  stm32f1xx_hal_dma.o(i.HAL_DMA_Abort_IT)
    HAL_Delay                                0x08001a35   Thumb Code    32  stm32f1xx_hal.o(i.HAL_Delay)
    HAL_GPIO_Init                            0x08001a59   Thumb Code   446  stm32f1xx_hal_gpio.o(i.HAL_GPIO_Init)
    HAL_GPIO_ReadPin                         0x08001c39   Thumb Code    10  stm32f1xx_hal_gpio.o(i.HAL_GPIO_ReadPin)
    HAL_GPIO_WritePin                        0x08001c43   Thumb Code    10  stm32f1xx_hal_gpio.o(i.HAL_GPIO_WritePin)
    HAL_GetTick                              0x08001c4d   Thumb Code     6  stm32f1xx_hal.o(i.HAL_GetTick)
    HAL_IncTick                              0x08001c59   Thumb Code    12  stm32f1xx_hal.o(i.HAL_IncTick)
    HAL_Init                                 0x08001c69   Thumb Code    32  stm32f1xx_hal.o(i.HAL_Init)
    HAL_InitTick                             0x08001c8d   Thumb Code   132  stm32f1xx_hal_timebase_tim.o(i.HAL_InitTick)
    HAL_MspInit                              0x08001d25   Thumb Code    62  stm32f1xx_hal_msp.o(i.HAL_MspInit)
    HAL_NVIC_EnableIRQ                       0x08001d6d   Thumb Code    26  stm32f1xx_hal_cortex.o(i.HAL_NVIC_EnableIRQ)
    HAL_NVIC_SetPriority                     0x08001d89   Thumb Code    60  stm32f1xx_hal_cortex.o(i.HAL_NVIC_SetPriority)
    HAL_NVIC_SetPriorityGrouping             0x08001dc9   Thumb Code    26  stm32f1xx_hal_cortex.o(i.HAL_NVIC_SetPriorityGrouping)
    HAL_RCC_ClockConfig                      0x08001ded   Thumb Code   280  stm32f1xx_hal_rcc.o(i.HAL_RCC_ClockConfig)
    HAL_RCC_GetClockConfig                   0x08001f19   Thumb Code    54  stm32f1xx_hal_rcc.o(i.HAL_RCC_GetClockConfig)
    HAL_RCC_GetPCLK1Freq                     0x08001f59   Thumb Code    20  stm32f1xx_hal_rcc.o(i.HAL_RCC_GetPCLK1Freq)
    HAL_RCC_GetSysClockFreq                  0x08001f79   Thumb Code    58  stm32f1xx_hal_rcc.o(i.HAL_RCC_GetSysClockFreq)
    HAL_RCC_OscConfig                        0x08001fc5   Thumb Code   778  stm32f1xx_hal_rcc.o(i.HAL_RCC_OscConfig)
    HAL_SPI_ErrorCallback                    0x080022e5   Thumb Code     4  main.o(i.HAL_SPI_ErrorCallback)
    HAL_SPI_GetError                         0x080022e9   Thumb Code     4  stm32f1xx_hal_spi.o(i.HAL_SPI_GetError)
    HAL_SPI_IRQHandler                       0x080022ed   Thumb Code   220  stm32f1xx_hal_spi.o(i.HAL_SPI_IRQHandler)
    HAL_SPI_Init                             0x080023cd   Thumb Code   178  stm32f1xx_hal_spi.o(i.HAL_SPI_Init)
    HAL_SPI_MspInit                          0x08002481   Thumb Code   118  stm32f1xx_hal_msp.o(i.HAL_SPI_MspInit)
    HAL_SPI_Receive_IT                       0x08002505   Thumb Code   166  stm32f1xx_hal_spi.o(i.HAL_SPI_Receive_IT)
    HAL_SPI_RxCpltCallback                   0x080025b5   Thumb Code     2  stm32f1xx_hal_spi.o(i.HAL_SPI_RxCpltCallback)
    HAL_SPI_TransmitReceive_IT               0x080025b9   Thumb Code   146  stm32f1xx_hal_spi.o(i.HAL_SPI_TransmitReceive_IT)
    HAL_SPI_Transmit_IT                      0x0800265d   Thumb Code   140  stm32f1xx_hal_spi.o(i.HAL_SPI_Transmit_IT)
    HAL_SPI_TxCpltCallback                   0x080026f1   Thumb Code    62  main.o(i.HAL_SPI_TxCpltCallback)
    HAL_SPI_TxRxCpltCallback                 0x0800273d   Thumb Code    62  main.o(i.HAL_SPI_TxRxCpltCallback)
    HAL_TIMEx_BreakCallback                  0x08002789   Thumb Code     2  stm32f1xx_hal_tim_ex.o(i.HAL_TIMEx_BreakCallback)
    HAL_TIMEx_CommutCallback                 0x0800278b   Thumb Code     2  stm32f1xx_hal_tim_ex.o(i.HAL_TIMEx_CommutCallback)
    HAL_TIMEx_MasterConfigSynchronization    0x0800278d   Thumb Code    92  stm32f1xx_hal_tim_ex.o(i.HAL_TIMEx_MasterConfigSynchronization)
    HAL_TIM_Base_Init                        0x080027f5   Thumb Code    90  stm32f1xx_hal_tim.o(i.HAL_TIM_Base_Init)
    HAL_TIM_Base_MspInit                     0x08002851   Thumb Code    30  stm32f1xx_hal_msp.o(i.HAL_TIM_Base_MspInit)
    HAL_TIM_Base_Start                       0x08002879   Thumb Code    66  stm32f1xx_hal_tim.o(i.HAL_TIM_Base_Start)
    HAL_TIM_Base_Start_IT                    0x080028c9   Thumb Code    76  stm32f1xx_hal_tim.o(i.HAL_TIM_Base_Start_IT)
    HAL_TIM_ConfigClockSource                0x08002921   Thumb Code   220  stm32f1xx_hal_tim.o(i.HAL_TIM_ConfigClockSource)
    HAL_TIM_IC_CaptureCallback               0x080029fd   Thumb Code     2  stm32f1xx_hal_tim.o(i.HAL_TIM_IC_CaptureCallback)
    HAL_TIM_IRQHandler                       0x080029ff   Thumb Code   358  stm32f1xx_hal_tim.o(i.HAL_TIM_IRQHandler)
    HAL_TIM_OC_DelayElapsedCallback          0x08002b65   Thumb Code     2  stm32f1xx_hal_tim.o(i.HAL_TIM_OC_DelayElapsedCallback)
    HAL_TIM_PWM_PulseFinishedCallback        0x08002b67   Thumb Code     2  stm32f1xx_hal_tim.o(i.HAL_TIM_PWM_PulseFinishedCallback)
    HAL_TIM_PeriodElapsedCallback            0x08002b69   Thumb Code    14  main.o(i.HAL_TIM_PeriodElapsedCallback)
    HAL_TIM_TriggerCallback                  0x08002b7d   Thumb Code     2  stm32f1xx_hal_tim.o(i.HAL_TIM_TriggerCallback)
    HardFault_Handler                        0x08002b7f   Thumb Code     2  stm32f1xx_it.o(i.HardFault_Handler)
    MemManage_Handler                        0x08002c99   Thumb Code     2  stm32f1xx_it.o(i.MemManage_Handler)
    NMI_Handler                              0x08002c9b   Thumb Code     2  stm32f1xx_it.o(i.NMI_Handler)
    NRF_Command_TXRX                         0x08002c9d   Thumb Code    64  nrf24.o(i.NRF_Command_TXRX)
    NRF_Enable_Ack_Payload                   0x08002ce5   Thumb Code    42  nrf24.o(i.NRF_Enable_Ack_Payload)
    NRF_Get_Status                           0x08002d0f   Thumb Code     6  nrf24.o(i.NRF_Get_Status)
    NRF_Init                                 0x08002d15   Thumb Code   152  nrf24.o(i.NRF_Init)
    NRF_IsAckPayloadAvailable                0x08002db1   Thumb Code    16  nrf24.o(i.NRF_IsAckPayloadAvailable)
    NRF_IsChipConnected                      0x08002dc1   Thumb Code    22  nrf24.o(i.NRF_IsChipConnected)
    NRF_Open_Writing_Pipe                    0x08002dd7   Thumb Code    34  nrf24.o(i.NRF_Open_Writing_Pipe)
    NRF_Power_Up                             0x08002df9   Thumb Code    34  nrf24.o(i.NRF_Power_Up)
    NRF_ReadPayloadAndClearIRQ               0x08002e1b   Thumb Code    18  nrf24.o(i.NRF_ReadPayloadAndClearIRQ)
    NRF_Read_Payload                         0x08002e2d   Thumb Code   158  nrf24.o(i.NRF_Read_Payload)
    NRF_Read_Reg                             0x08002ed5   Thumb Code    98  nrf24.o(i.NRF_Read_Reg)
    NRF_SetDataRate                          0x08002f41   Thumb Code    62  nrf24.o(i.NRF_SetDataRate)
    NRF_Set_Addr_Width                       0x08002f7f   Thumb Code    50  nrf24.o(i.NRF_Set_Addr_Width)
    NRF_Set_Channel                          0x08002fb1   Thumb Code     8  nrf24.o(i.NRF_Set_Channel)
    NRF_Set_IRQ                              0x08002fb9   Thumb Code    40  nrf24.o(i.NRF_Set_IRQ)
    NRF_Set_PALevel                          0x08002fe1   Thumb Code    42  nrf24.o(i.NRF_Set_PALevel)
    NRF_Toggle_Activate                      0x0800300d   Thumb Code    76  nrf24.o(i.NRF_Toggle_Activate)
    NRF_TxMode                               0x08003061   Thumb Code    66  nrf24.o(i.NRF_TxMode)
    NRF_WritePayloadAndClearIRQ              0x080030a9   Thumb Code    80  nrf24.o(i.NRF_WritePayloadAndClearIRQ)
    NRF_Write_Buf                            0x080030fd   Thumb Code   110  nrf24.o(i.NRF_Write_Buf)
    NRF_Write_Payload                        0x08003175   Thumb Code   140  nrf24.o(i.NRF_Write_Payload)
    NRF_Write_Reg                            0x08003209   Thumb Code   100  nrf24.o(i.NRF_Write_Reg)
    ONEWIRE_DELAY                            0x08003275   Thumb Code    18  onewire.o(i.ONEWIRE_DELAY)
    ONEWIRE_INPUT                            0x0800328d   Thumb Code    26  onewire.o(i.ONEWIRE_INPUT)
    ONEWIRE_OUTPUT                           0x080032a7   Thumb Code    28  onewire.o(i.ONEWIRE_OUTPUT)
    OneWire_CRC8                             0x080032c5   Thumb Code    52  onewire.o(i.OneWire_CRC8)
    OneWire_First                            0x080032f9   Thumb Code    20  onewire.o(i.OneWire_First)
    OneWire_GetFullROM                       0x0800330d   Thumb Code    18  onewire.o(i.OneWire_GetFullROM)
    OneWire_Init                             0x08003321   Thumb Code    70  onewire.o(i.OneWire_Init)
    OneWire_Next                             0x0800336d   Thumb Code     6  onewire.o(i.OneWire_Next)
    OneWire_ReadBit                          0x08003373   Thumb Code    60  onewire.o(i.OneWire_ReadBit)
    OneWire_ReadByte                         0x080033af   Thumb Code    32  onewire.o(i.OneWire_ReadByte)
    OneWire_Reset                            0x080033cf   Thumb Code    66  onewire.o(i.OneWire_Reset)
    OneWire_ResetSearch                      0x08003411   Thumb Code    10  onewire.o(i.OneWire_ResetSearch)
    OneWire_Search                           0x0800341b   Thumb Code   206  onewire.o(i.OneWire_Search)
    OneWire_SelectWithPointer                0x080034e9   Thumb Code    32  onewire.o(i.OneWire_SelectWithPointer)
    OneWire_WriteBit                         0x08003509   Thumb Code    68  onewire.o(i.OneWire_WriteBit)
    OneWire_WriteByte                        0x0800354d   Thumb Code    32  onewire.o(i.OneWire_WriteByte)
    PostSleepProcessing                      0x0800356d   Thumb Code     2  debug.o(i.PostSleepProcessing)
    PreSleepProcessing                       0x0800356f   Thumb Code     2  debug.o(i.PreSleepProcessing)
    SPI2_IRQHandler                          0x08003571   Thumb Code     6  stm32f1xx_it.o(i.SPI2_IRQHandler)
    StartDefaultTask                         0x08003959   Thumb Code    16  main.o(i.StartDefaultTask)
    StartTaskCore                            0x08003969   Thumb Code    76  main.o(i.StartTaskCore)
    StartTaskNRF24                           0x080039f9   Thumb Code   278  main.o(i.StartTaskNRF24)
    StartTaskSPI                             0x08003b69   Thumb Code    12  main.o(i.StartTaskSPI)
    SysTick_Handler                          0x08003b75   Thumb Code    38  port.o(i.SysTick_Handler)
    SystemClock_Config                       0x08003ba1   Thumb Code    94  main.o(i.SystemClock_Config)
    SystemInit                               0x08003bff   Thumb Code     2  system_stm32f1xx.o(i.SystemInit)
    TIM4_IRQHandler                          0x08003c01   Thumb Code     6  stm32f1xx_it.o(i.TIM4_IRQHandler)
    TIM_Base_SetConfig                       0x08003c0d   Thumb Code    94  stm32f1xx_hal_tim.o(i.TIM_Base_SetConfig)
    TIM_ETR_SetConfig                        0x08003c79   Thumb Code    20  stm32f1xx_hal_tim.o(i.TIM_ETR_SetConfig)
    Task_Ds18b20                             0x08003ce5   Thumb Code   318  ds18b20.o(i.Task_Ds18b20)
    UsageFault_Handler                       0x08003e45   Thumb Code     2  stm32f1xx_it.o(i.UsageFault_Handler)
    __ARM_fpclassify                         0x08003e47   Thumb Code    40  fpclassify.o(i.__ARM_fpclassify)
    _is_digit                                0x08003e8f   Thumb Code    14  __printf_wp.o(i._is_digit)
    eTaskConfirmSleepModeStatus              0x08003e9d   Thumb Code    38  tasks.o(i.eTaskConfirmSleepModeStatus)
    fputc                                    0x08003ecd   Thumb Code    22  main.o(i.fputc)
    main                                     0x08003ee9   Thumb Code   184  main.o(i.main)
    osDelay                                  0x08003fbd   Thumb Code    46  cmsis_os2.o(i.osDelay)
    osKernelGetSysTimerCount                 0x08003ff1   Thumb Code    44  cmsis_os2.o(i.osKernelGetSysTimerCount)
    osKernelInitialize                       0x08004021   Thumb Code    50  cmsis_os2.o(i.osKernelInitialize)
    osKernelStart                            0x08004059   Thumb Code    58  cmsis_os2.o(i.osKernelStart)
    osMessageQueueNew                        0x08004099   Thumb Code   110  cmsis_os2.o(i.osMessageQueueNew)
    osMutexNew                               0x0800410d   Thumb Code   124  cmsis_os2.o(i.osMutexNew)
    osSemaphoreNew                           0x0800418d   Thumb Code   172  cmsis_os2.o(i.osSemaphoreNew)
    osThreadNew                              0x0800423d   Thumb Code   160  cmsis_os2.o(i.osThreadNew)
    osTimerNew                               0x080042e1   Thumb Code   124  cmsis_os2.o(i.osTimerNew)
    pvPortMalloc                             0x08004b69   Thumb Code   210  heap_4.o(i.pvPortMalloc)
    pvTimerGetTimerID                        0x08004c41   Thumb Code    36  timers.o(i.pvTimerGetTimerID)
    pxPortInitialiseStack                    0x08004c65   Thumb Code    32  port.o(i.pxPortInitialiseStack)
    ulTaskNotifyTake                         0x08004c89   Thumb Code    96  tasks.o(i.ulTaskNotifyTake)
    uxListRemove                             0x08004cf1   Thumb Code    38  list.o(i.uxListRemove)
    uxQueueMessagesWaiting                   0x08004d17   Thumb Code    36  queue.o(i.uxQueueMessagesWaiting)
    vApplicationGetIdleTaskMemory            0x08004d3d   Thumb Code    16  cmsis_os2.o(i.vApplicationGetIdleTaskMemory)
    vApplicationGetTimerTaskMemory           0x08004d51   Thumb Code    18  cmsis_os2.o(i.vApplicationGetTimerTaskMemory)
    vApplicationIdleHook                     0x08004d69   Thumb Code     2  freertos.o(i.vApplicationIdleHook)
    vListInitialise                          0x08004d6b   Thumb Code    22  list.o(i.vListInitialise)
    vListInitialiseItem                      0x08004d81   Thumb Code     6  list.o(i.vListInitialiseItem)
    vListInsert                              0x08004d87   Thumb Code    48  list.o(i.vListInsert)
    vListInsertEnd                           0x08004db7   Thumb Code    24  list.o(i.vListInsertEnd)
    vPortEnterCritical                       0x08004dd1   Thumb Code    54  port.o(i.vPortEnterCritical)
    vPortExitCritical                        0x08004e11   Thumb Code    34  port.o(i.vPortExitCritical)
    vPortFree                                0x08004e39   Thumb Code    88  heap_4.o(i.vPortFree)
    vPortSetupTimerInterrupt                 0x08004e95   Thumb Code    64  port.o(i.vPortSetupTimerInterrupt)
    vPortSuppressTicksAndSleep               0x08004edd   Thumb Code   230  port.o(i.vPortSuppressTicksAndSleep)
    vPortValidateInterruptPriority           0x08004fc9   Thumb Code    74  port.o(i.vPortValidateInterruptPriority)
    vQueueAddToRegistry                      0x0800501d   Thumb Code    34  queue.o(i.vQueueAddToRegistry)
    vQueueDelete                             0x08005045   Thumb Code    46  queue.o(i.vQueueDelete)
    vQueueUnregisterQueue                    0x08005075   Thumb Code    36  queue.o(i.vQueueUnregisterQueue)
    vQueueWaitForMessageRestricted           0x0800509d   Thumb Code    68  queue.o(i.vQueueWaitForMessageRestricted)
    vTaskDelay                               0x080050e1   Thumb Code    66  tasks.o(i.vTaskDelay)
    vTaskInternalSetTimeOutState             0x0800512d   Thumb Code    12  tasks.o(i.vTaskInternalSetTimeOutState)
    vTaskMissedYield                         0x0800513d   Thumb Code     8  tasks.o(i.vTaskMissedYield)
    vTaskNotifyGiveFromISR                   0x08005149   Thumb Code   164  tasks.o(i.vTaskNotifyGiveFromISR)
    vTaskPlaceOnEventList                    0x080051f9   Thumb Code    44  tasks.o(i.vTaskPlaceOnEventList)
    vTaskPlaceOnEventListRestricted          0x08005229   Thumb Code    52  tasks.o(i.vTaskPlaceOnEventListRestricted)
    vTaskStartScheduler                      0x08005261   Thumb Code   118  tasks.o(i.vTaskStartScheduler)
    vTaskStepTick                            0x080052e9   Thumb Code    36  tasks.o(i.vTaskStepTick)
    vTaskSuspendAll                          0x08005311   Thumb Code    10  tasks.o(i.vTaskSuspendAll)
    vTaskSwitchContext                       0x08005321   Thumb Code    90  tasks.o(i.vTaskSwitchContext)
    xPortStartScheduler                      0x08005385   Thumb Code   154  port.o(i.xPortStartScheduler)
    xQueueCreateCountingSemaphore            0x0800542d   Thumb Code    58  queue.o(i.xQueueCreateCountingSemaphore)
    xQueueCreateCountingSemaphoreStatic      0x08005467   Thumb Code    64  queue.o(i.xQueueCreateCountingSemaphoreStatic)
    xQueueCreateMutex                        0x080054a7   Thumb Code    22  queue.o(i.xQueueCreateMutex)
    xQueueCreateMutexStatic                  0x080054bd   Thumb Code    26  queue.o(i.xQueueCreateMutexStatic)
    xQueueGenericCreate                      0x080054d7   Thumb Code    72  queue.o(i.xQueueGenericCreate)
    xQueueGenericCreateStatic                0x0800551f   Thumb Code   102  queue.o(i.xQueueGenericCreateStatic)
    xQueueGenericReset                       0x08005585   Thumb Code   132  queue.o(i.xQueueGenericReset)
    xQueueGenericSend                        0x0800560d   Thumb Code   346  queue.o(i.xQueueGenericSend)
    xQueueGenericSendFromISR                 0x0800576d   Thumb Code   188  queue.o(i.xQueueGenericSendFromISR)
    xQueueReceive                            0x08005829   Thumb Code   308  queue.o(i.xQueueReceive)
    xTaskCheckForTimeOut                     0x08005961   Thumb Code   112  tasks.o(i.xTaskCheckForTimeOut)
    xTaskCreate                              0x080059d5   Thumb Code    90  tasks.o(i.xTaskCreate)
    xTaskCreateStatic                        0x08005a2f   Thumb Code    86  tasks.o(i.xTaskCreateStatic)
    xTaskGetSchedulerState                   0x08005a85   Thumb Code    22  tasks.o(i.xTaskGetSchedulerState)
    xTaskGetTickCount                        0x08005aa1   Thumb Code     6  tasks.o(i.xTaskGetTickCount)
    xTaskIncrementTick                       0x08005aad   Thumb Code   190  tasks.o(i.xTaskIncrementTick)
    xTaskPriorityDisinherit                  0x08005b75   Thumb Code   118  tasks.o(i.xTaskPriorityDisinherit)
    xTaskRemoveFromEventList                 0x08005bf5   Thumb Code   104  tasks.o(i.xTaskRemoveFromEventList)
    xTaskResumeAll                           0x08005c69   Thumb Code   182  tasks.o(i.xTaskResumeAll)
    xTimerCreate                             0x08005d2d   Thumb Code    52  timers.o(i.xTimerCreate)
    xTimerCreateStatic                       0x08005d61   Thumb Code    46  timers.o(i.xTimerCreateStatic)
    xTimerCreateTimerTask                    0x08005d91   Thumb Code    78  timers.o(i.xTimerCreateTimerTask)
    xTimerGenericCommand                     0x08005df1   Thumb Code    98  timers.o(i.xTimerGenericCommand)
    _get_lc_numeric                          0x08005e59   Thumb Code    44  lc_numeric_c.o(locale$$code)
    __fpl_dretinf                            0x08005e85   Thumb Code    12  dretinf.o(x$fpl$dretinf)
    __aeabi_f2d                              0x08005e91   Thumb Code     0  f2d.o(x$fpl$f2d)
    _f2d                                     0x08005e91   Thumb Code    86  f2d.o(x$fpl$f2d)
    __aeabi_fadd                             0x08005ee9   Thumb Code     0  faddsub_clz.o(x$fpl$fadd)
    _fadd                                    0x08005ee9   Thumb Code   196  faddsub_clz.o(x$fpl$fadd)
    __fpl_fcheck_NaN1                        0x08005fad   Thumb Code     6  fcheck1.o(x$fpl$fcheck1)
    __aeabi_i2f                              0x08005fb9   Thumb Code     0  fflt_clz.o(x$fpl$fflt)
    _fflt                                    0x08005fb9   Thumb Code    48  fflt_clz.o(x$fpl$fflt)
    __aeabi_ui2f                             0x08005fe9   Thumb Code     0  fflt_clz.o(x$fpl$ffltu)
    _ffltu                                   0x08005fe9   Thumb Code    38  fflt_clz.o(x$fpl$ffltu)
    __fpl_fnaninf                            0x0800600f   Thumb Code   140  fnaninf.o(x$fpl$fnaninf)
    __fpl_fretinf                            0x0800609b   Thumb Code    10  fretinf.o(x$fpl$fretinf)
    __aeabi_fsub                             0x080060a5   Thumb Code     0  faddsub_clz.o(x$fpl$fsub)
    _fsub                                    0x080060a5   Thumb Code   234  faddsub_clz.o(x$fpl$fsub)
    _printf_fp_dec                           0x0800618f   Thumb Code     4  printf1.o(x$fpl$printf1)
    __fpl_return_NaN                         0x08006193   Thumb Code   100  retnan.o(x$fpl$retnan)
    __ARM_scalbnf                            0x080061f7   Thumb Code    76  scalbnf.o(x$fpl$scalbnf)
    __fpl_cmpreturn                          0x08006243   Thumb Code    48  trapv.o(x$fpl$trapveneer)
    __I$use$fp                               0x08006272   Number         0  usenofp.o(x$fpl$usenofp)
    defaultTask_attributes                   0x08006274   Data          36  main.o(.constdata)
    TaskNRF24_attributes                     0x08006298   Data          36  main.o(.constdata)
    TaskSPI_attributes                       0x080062bc   Data          36  main.o(.constdata)
    TaskCore_attributes                      0x080062e0   Data          36  main.o(.constdata)
    myQueue01_attributes                     0x08006304   Data          24  main.o(.constdata)
    myTimer01_attributes                     0x0800631c   Data          16  main.o(.constdata)
    myMutex01_attributes                     0x0800632c   Data          16  main.o(.constdata)
    myRecursiveMutex01_attributes            0x0800633c   Data          16  main.o(.constdata)
    Spi1TxBinarySem_attributes               0x0800634c   Data          16  main.o(.constdata)
    Spi2TxBinarySem_attributes               0x0800635c   Data          16  main.o(.constdata)
    myCountingSem01_attributes               0x0800636c   Data          16  main.o(.constdata)
    AHBPrescTable                            0x0800638e   Data          16  system_stm32f1xx.o(.constdata)
    APBPrescTable                            0x0800639e   Data           8  system_stm32f1xx.o(.constdata)
    QueueDS18B20_attributes                  0x080063a8   Data          24  ds18b20.o(.constdata)
    Region$$Table$$Base                      0x08006554   Number         0  anon$$obj.o(Region$$Table)
    Region$$Table$$Limit                     0x08006574   Number         0  anon$$obj.o(Region$$Table)
    defaultTaskHandle                        0x20000000   Data           4  main.o(.data)
    TaskNRF24Handle                          0x20000004   Data           4  main.o(.data)
    TaskSPIHandle                            0x20000008   Data           4  main.o(.data)
    TaskCoreHandle                           0x2000000c   Data           4  main.o(.data)
    myQueue01Handle                          0x20000010   Data           4  main.o(.data)
    myTimer01Handle                          0x20000014   Data           4  main.o(.data)
    myMutex01Handle                          0x20000018   Data           4  main.o(.data)
    myRecursiveMutex01Handle                 0x2000001c   Data           4  main.o(.data)
    Spi1TxBinarySemHandle                    0x20000020   Data           4  main.o(.data)
    Spi2TxBinarySemHandle                    0x20000024   Data           4  main.o(.data)
    myCountingSem01Handle                    0x20000028   Data           4  main.o(.data)
    __stdout                                 0x2000002c   Data           4  main.o(.data)
    uwTickFreq                               0x20000030   Data           1  stm32f1xx_hal.o(.data)
    uwTickPrio                               0x20000034   Data           4  stm32f1xx_hal.o(.data)
    uwTick                                   0x20000038   Data           4  stm32f1xx_hal.o(.data)
    SystemCoreClock                          0x2000003c   Data           4  system_stm32f1xx.o(.data)
    pxCurrentTCB                             0x20000040   Data           4  tasks.o(.data)
    QueueDS18B20Handle                       0x200000c4   Data           4  ds18b20.o(.data)
    Ds18b20Handle                            0x200000c8   Data           4  ds18b20.o(.data)
    hspi2                                    0x200000cc   Data          88  main.o(.bss)
    htim1                                    0x20000124   Data          72  main.o(.bss)
    htim4                                    0x2000016c   Data          72  stm32f1xx_hal_timebase_tim.o(.bss)
    xQueueRegistry                           0x200001b4   Data          64  queue.o(.bss)
    __libspace_start                         0x20001e88   Data          96  libspace.o(.bss)
    __temporary_stack_top$libspace           0x20001ee8   Data           0  libspace.o(.bss)



==============================================================================

Memory Map of the image

  Image Entry point : 0x080000ed

  Load Region LR_IROM1 (Base: 0x08000000, Size: 0x0000665c, Max: 0x00010000, ABSOLUTE)

    Execution Region ER_IROM1 (Exec base: 0x08000000, Load base: 0x08000000, Size: 0x00006590, Max: 0x00010000, ABSOLUTE)

    Exec Addr    Load Addr    Size         Type   Attr      Idx    E Section Name        Object

    0x08000000   0x08000000   0x000000ec   Data   RO            3    RESET               startup_stm32f103xb.o
    0x080000ec   0x080000ec   0x00000008   Code   RO         5205  * !!!main             c_w.l(__main.o)
    0x080000f4   0x080000f4   0x00000034   Code   RO         5455    !!!scatter          c_w.l(__scatter.o)
    0x08000128   0x08000128   0x0000001a   Code   RO         5457    !!handler_copy      c_w.l(__scatter_copy.o)
    0x08000142   0x08000142   0x00000002   PAD
    0x08000144   0x08000144   0x0000001c   Code   RO         5459    !!handler_zi        c_w.l(__scatter_zi.o)
    0x08000160   0x08000160   0x00000000   Code   RO         5190    .ARM.Collect$$_printf_percent$$00000000  c_w.l(_printf_percent.o)
    0x08000160   0x08000160   0x00000006   Code   RO         5189    .ARM.Collect$$_printf_percent$$00000003  c_w.l(_printf_f.o)
    0x08000166   0x08000166   0x00000006   Code   RO         5188    .ARM.Collect$$_printf_percent$$00000009  c_w.l(_printf_d.o)
    0x0800016c   0x0800016c   0x00000006   Code   RO         5187    .ARM.Collect$$_printf_percent$$0000000C  c_w.l(_printf_x.o)
    0x08000172   0x08000172   0x00000006   Code   RO         5186    .ARM.Collect$$_printf_percent$$00000014  c_w.l(_printf_s.o)
    0x08000178   0x08000178   0x00000004   Code   RO         5234    .ARM.Collect$$_printf_percent$$00000017  c_w.l(_printf_percent_end.o)
    0x0800017c   0x0800017c   0x00000002   Code   RO         5326    .ARM.Collect$$libinit$$00000000  c_w.l(libinit.o)
    0x0800017e   0x0800017e   0x00000000   Code   RO         5328    .ARM.Collect$$libinit$$00000002  c_w.l(libinit2.o)
    0x0800017e   0x0800017e   0x00000000   Code   RO         5330    .ARM.Collect$$libinit$$00000004  c_w.l(libinit2.o)
    0x0800017e   0x0800017e   0x00000000   Code   RO         5333    .ARM.Collect$$libinit$$0000000A  c_w.l(libinit2.o)
    0x0800017e   0x0800017e   0x00000000   Code   RO         5335    .ARM.Collect$$libinit$$0000000C  c_w.l(libinit2.o)
    0x0800017e   0x0800017e   0x00000000   Code   RO         5337    .ARM.Collect$$libinit$$0000000E  c_w.l(libinit2.o)
    0x0800017e   0x0800017e   0x00000006   Code   RO         5338    .ARM.Collect$$libinit$$0000000F  c_w.l(libinit2.o)
    0x08000184   0x08000184   0x00000000   Code   RO         5340    .ARM.Collect$$libinit$$00000011  c_w.l(libinit2.o)
    0x08000184   0x08000184   0x00000000   Code   RO         5342    .ARM.Collect$$libinit$$00000013  c_w.l(libinit2.o)
    0x08000184   0x08000184   0x00000000   Code   RO         5344    .ARM.Collect$$libinit$$00000015  c_w.l(libinit2.o)
    0x08000184   0x08000184   0x0000000a   Code   RO         5345    .ARM.Collect$$libinit$$00000016  c_w.l(libinit2.o)
    0x0800018e   0x0800018e   0x00000000   Code   RO         5346    .ARM.Collect$$libinit$$00000017  c_w.l(libinit2.o)
    0x0800018e   0x0800018e   0x00000000   Code   RO         5348    .ARM.Collect$$libinit$$00000019  c_w.l(libinit2.o)
    0x0800018e   0x0800018e   0x00000000   Code   RO         5350    .ARM.Collect$$libinit$$0000001B  c_w.l(libinit2.o)
    0x0800018e   0x0800018e   0x00000000   Code   RO         5352    .ARM.Collect$$libinit$$0000001D  c_w.l(libinit2.o)
    0x0800018e   0x0800018e   0x00000000   Code   RO         5354    .ARM.Collect$$libinit$$0000001F  c_w.l(libinit2.o)
    0x0800018e   0x0800018e   0x00000000   Code   RO         5356    .ARM.Collect$$libinit$$00000021  c_w.l(libinit2.o)
    0x0800018e   0x0800018e   0x00000000   Code   RO         5358    .ARM.Collect$$libinit$$00000023  c_w.l(libinit2.o)
    0x0800018e   0x0800018e   0x00000000   Code   RO         5360    .ARM.Collect$$libinit$$00000025  c_w.l(libinit2.o)
    0x0800018e   0x0800018e   0x00000000   Code   RO         5364    .ARM.Collect$$libinit$$0000002C  c_w.l(libinit2.o)
    0x0800018e   0x0800018e   0x00000000   Code   RO         5366    .ARM.Collect$$libinit$$0000002E  c_w.l(libinit2.o)
    0x0800018e   0x0800018e   0x00000000   Code   RO         5368    .ARM.Collect$$libinit$$00000030  c_w.l(libinit2.o)
    0x0800018e   0x0800018e   0x00000000   Code   RO         5370    .ARM.Collect$$libinit$$00000032  c_w.l(libinit2.o)
    0x0800018e   0x0800018e   0x00000002   Code   RO         5371    .ARM.Collect$$libinit$$00000033  c_w.l(libinit2.o)
    0x08000190   0x08000190   0x00000002   Code   RO         5403    .ARM.Collect$$libshutdown$$00000000  c_w.l(libshutdown.o)
    0x08000192   0x08000192   0x00000000   Code   RO         5414    .ARM.Collect$$libshutdown$$00000002  c_w.l(libshutdown2.o)
    0x08000192   0x08000192   0x00000000   Code   RO         5416    .ARM.Collect$$libshutdown$$00000004  c_w.l(libshutdown2.o)
    0x08000192   0x08000192   0x00000000   Code   RO         5419    .ARM.Collect$$libshutdown$$00000007  c_w.l(libshutdown2.o)
    0x08000192   0x08000192   0x00000000   Code   RO         5422    .ARM.Collect$$libshutdown$$0000000A  c_w.l(libshutdown2.o)
    0x08000192   0x08000192   0x00000000   Code   RO         5424    .ARM.Collect$$libshutdown$$0000000C  c_w.l(libshutdown2.o)
    0x08000192   0x08000192   0x00000000   Code   RO         5427    .ARM.Collect$$libshutdown$$0000000F  c_w.l(libshutdown2.o)
    0x08000192   0x08000192   0x00000002   Code   RO         5428    .ARM.Collect$$libshutdown$$00000010  c_w.l(libshutdown2.o)
    0x08000194   0x08000194   0x00000000   Code   RO         5225    .ARM.Collect$$rtentry$$00000000  c_w.l(__rtentry.o)
    0x08000194   0x08000194   0x00000000   Code   RO         5247    .ARM.Collect$$rtentry$$00000002  c_w.l(__rtentry2.o)
    0x08000194   0x08000194   0x00000006   Code   RO         5259    .ARM.Collect$$rtentry$$00000004  c_w.l(__rtentry4.o)
    0x0800019a   0x0800019a   0x00000000   Code   RO         5249    .ARM.Collect$$rtentry$$00000009  c_w.l(__rtentry2.o)
    0x0800019a   0x0800019a   0x00000004   Code   RO         5250    .ARM.Collect$$rtentry$$0000000A  c_w.l(__rtentry2.o)
    0x0800019e   0x0800019e   0x00000000   Code   RO         5252    .ARM.Collect$$rtentry$$0000000C  c_w.l(__rtentry2.o)
    0x0800019e   0x0800019e   0x00000008   Code   RO         5253    .ARM.Collect$$rtentry$$0000000D  c_w.l(__rtentry2.o)
    0x080001a6   0x080001a6   0x00000002   Code   RO         5374    .ARM.Collect$$rtexit$$00000000  c_w.l(rtexit.o)
    0x080001a8   0x080001a8   0x00000000   Code   RO         5381    .ARM.Collect$$rtexit$$00000002  c_w.l(rtexit2.o)
    0x080001a8   0x080001a8   0x00000004   Code   RO         5382    .ARM.Collect$$rtexit$$00000003  c_w.l(rtexit2.o)
    0x080001ac   0x080001ac   0x00000006   Code   RO         5383    .ARM.Collect$$rtexit$$00000004  c_w.l(rtexit2.o)
    0x080001b2   0x080001b2   0x00000002   PAD
    0x080001b4   0x080001b4   0x00000096   Code   RO         4713    .emb_text           port.o
    0x0800024a   0x0800024a   0x00000002   PAD
    0x0800024c   0x0800024c   0x00000040   Code   RO            4    .text               startup_stm32f103xb.o
    0x0800028c   0x0800028c   0x00000018   Code   RO         5135    .text               c_w.l(noretval__2printf.o)
    0x080002a4   0x080002a4   0x0000004e   Code   RO         5139    .text               c_w.l(_printf_pad.o)
    0x080002f2   0x080002f2   0x00000052   Code   RO         5141    .text               c_w.l(_printf_str.o)
    0x08000344   0x08000344   0x00000078   Code   RO         5143    .text               c_w.l(_printf_dec.o)
    0x080003bc   0x080003bc   0x00000058   Code   RO         5148    .text               c_w.l(_printf_hex_int.o)
    0x08000414   0x08000414   0x0000010e   Code   RO         5174    .text               c_w.l(__printf_wp.o)
    0x08000522   0x08000522   0x0000003e   Code   RO         5191    .text               c_w.l(strlen.o)
    0x08000560   0x08000560   0x0000008a   Code   RO         5193    .text               c_w.l(rt_memcpy_v6.o)
    0x080005ea   0x080005ea   0x00000064   Code   RO         5195    .text               c_w.l(rt_memcpy_w.o)
    0x0800064e   0x0800064e   0x00000010   Code   RO         5199    .text               c_w.l(aeabi_memset.o)
    0x0800065e   0x0800065e   0x0000004e   Code   RO         5201    .text               c_w.l(rt_memclr_w.o)
    0x080006ac   0x080006ac   0x00000006   Code   RO         5203    .text               c_w.l(heapauxi.o)
    0x080006b2   0x080006b2   0x000000b2   Code   RO         5226    .text               c_w.l(_printf_intcommon.o)
    0x08000764   0x08000764   0x0000041e   Code   RO         5228    .text               c_w.l(_printf_fp_dec.o)
    0x08000b82   0x08000b82   0x0000002c   Code   RO         5230    .text               c_w.l(_printf_char.o)
    0x08000bae   0x08000bae   0x00000002   PAD
    0x08000bb0   0x08000bb0   0x00000024   Code   RO         5232    .text               c_w.l(_printf_char_file.o)
    0x08000bd4   0x08000bd4   0x00000044   Code   RO         5235    .text               c_w.l(rt_memclr.o)
    0x08000c18   0x08000c18   0x00000008   Code   RO         5264    .text               c_w.l(rt_locale_intlibspace.o)
    0x08000c20   0x08000c20   0x0000008a   Code   RO         5266    .text               c_w.l(lludiv10.o)
    0x08000caa   0x08000caa   0x00000002   PAD
    0x08000cac   0x08000cac   0x00000030   Code   RO         5268    .text               c_w.l(_printf_char_common.o)
    0x08000cdc   0x08000cdc   0x00000080   Code   RO         5270    .text               c_w.l(_printf_fp_infnan.o)
    0x08000d5c   0x08000d5c   0x000000e4   Code   RO         5272    .text               c_w.l(bigflt0.o)
    0x08000e40   0x08000e40   0x00000008   Code   RO         5297    .text               c_w.l(ferror.o)
    0x08000e48   0x08000e48   0x00000008   Code   RO         5310    .text               c_w.l(libspace.o)
    0x08000e50   0x08000e50   0x0000004a   Code   RO         5313    .text               c_w.l(sys_stackheap_outer.o)
    0x08000e9a   0x08000e9a   0x00000012   Code   RO         5317    .text               c_w.l(exit.o)
    0x08000eac   0x08000eac   0x00000080   Code   RO         5319    .text               c_w.l(strcmpv7m.o)
    0x08000f2c   0x08000f2c   0x0000000c   Code   RO         5393    .text               c_w.l(sys_exit.o)
    0x08000f38   0x08000f38   0x00000002   Code   RO         5404    .text               c_w.l(use_no_semi.o)
    0x08000f3a   0x08000f3a   0x00000000   Code   RO         5406    .text               c_w.l(indicate_semi.o)
    0x08000f3a   0x08000f3a   0x0000003e   Code   RO         5275    CL$$btod_d2e        c_w.l(btod.o)
    0x08000f78   0x08000f78   0x00000046   Code   RO         5277    CL$$btod_d2e_denorm_low  c_w.l(btod.o)
    0x08000fbe   0x08000fbe   0x00000060   Code   RO         5276    CL$$btod_d2e_norm_op1  c_w.l(btod.o)
    0x0800101e   0x0800101e   0x00000338   Code   RO         5285    CL$$btod_div_common  c_w.l(btod.o)
    0x08001356   0x08001356   0x000000dc   Code   RO         5282    CL$$btod_e2e        c_w.l(btod.o)
    0x08001432   0x08001432   0x0000002a   Code   RO         5279    CL$$btod_ediv       c_w.l(btod.o)
    0x0800145c   0x0800145c   0x0000002a   Code   RO         5278    CL$$btod_emul       c_w.l(btod.o)
    0x08001486   0x08001486   0x00000244   Code   RO         5284    CL$$btod_mult_common  c_w.l(btod.o)
    0x080016ca   0x080016ca   0x00000002   Code   RO          654    i.BusFault_Handler  stm32f1xx_it.o
    0x080016cc   0x080016cc   0x00000002   Code   RO          487    i.Callback01        main.o
    0x080016ce   0x080016ce   0x00000004   Code   RO         4800    i.DS18B20_AllDone   ds18b20.o
    0x080016d2   0x080016d2   0x00000096   Code   RO         4801    i.DS18B20_DisableAlarmTemperature  ds18b20.o
    0x08001768   0x08001768   0x0000000e   Code   RO         4803    i.DS18B20_Is        ds18b20.o
    0x08001776   0x08001776   0x00000002   PAD
    0x08001778   0x08001778   0x000000fc   Code   RO         4804    i.DS18B20_Read      ds18b20.o
    0x08001874   0x08001874   0x000000c8   Code   RO         4807    i.DS18B20_SetResolution  ds18b20.o
    0x0800193c   0x0800193c   0x0000001c   Code   RO         4809    i.DS18B20_StartAll  ds18b20.o
    0x08001958   0x08001958   0x00000002   Code   RO          655    i.DebugMon_Handler  stm32f1xx_it.o
    0x0800195a   0x0800195a   0x00000002   PAD
    0x0800195c   0x0800195c   0x00000040   Code   RO         4810    i.Ds18b20_Init      ds18b20.o
    0x0800199c   0x0800199c   0x00000098   Code   RO         1229    i.HAL_DMA_Abort_IT  stm32f1xx_hal_dma.o
    0x08001a34   0x08001a34   0x00000024   Code   RO          854    i.HAL_Delay         stm32f1xx_hal.o
    0x08001a58   0x08001a58   0x000001e0   Code   RO         1164    i.HAL_GPIO_Init     stm32f1xx_hal_gpio.o
    0x08001c38   0x08001c38   0x0000000a   Code   RO         1166    i.HAL_GPIO_ReadPin  stm32f1xx_hal_gpio.o
    0x08001c42   0x08001c42   0x0000000a   Code   RO         1168    i.HAL_GPIO_WritePin  stm32f1xx_hal_gpio.o
    0x08001c4c   0x08001c4c   0x0000000c   Code   RO          858    i.HAL_GetTick       stm32f1xx_hal.o
    0x08001c58   0x08001c58   0x00000010   Code   RO          864    i.HAL_IncTick       stm32f1xx_hal.o
    0x08001c68   0x08001c68   0x00000024   Code   RO          865    i.HAL_Init          stm32f1xx_hal.o
    0x08001c8c   0x08001c8c   0x00000098   Code   RO          772    i.HAL_InitTick      stm32f1xx_hal_timebase_tim.o
    0x08001d24   0x08001d24   0x00000048   Code   RO          724    i.HAL_MspInit       stm32f1xx_hal_msp.o
    0x08001d6c   0x08001d6c   0x0000001a   Code   RO         1324    i.HAL_NVIC_EnableIRQ  stm32f1xx_hal_cortex.o
    0x08001d86   0x08001d86   0x00000002   PAD
    0x08001d88   0x08001d88   0x00000040   Code   RO         1330    i.HAL_NVIC_SetPriority  stm32f1xx_hal_cortex.o
    0x08001dc8   0x08001dc8   0x00000024   Code   RO         1331    i.HAL_NVIC_SetPriorityGrouping  stm32f1xx_hal_cortex.o
    0x08001dec   0x08001dec   0x0000012c   Code   RO         1022    i.HAL_RCC_ClockConfig  stm32f1xx_hal_rcc.o
    0x08001f18   0x08001f18   0x00000040   Code   RO         1026    i.HAL_RCC_GetClockConfig  stm32f1xx_hal_rcc.o
    0x08001f58   0x08001f58   0x00000020   Code   RO         1029    i.HAL_RCC_GetPCLK1Freq  stm32f1xx_hal_rcc.o
    0x08001f78   0x08001f78   0x0000004c   Code   RO         1031    i.HAL_RCC_GetSysClockFreq  stm32f1xx_hal_rcc.o
    0x08001fc4   0x08001fc4   0x00000320   Code   RO         1034    i.HAL_RCC_OscConfig  stm32f1xx_hal_rcc.o
    0x080022e4   0x080022e4   0x00000004   Code   RO          489    i.HAL_SPI_ErrorCallback  main.o
    0x080022e8   0x080022e8   0x00000004   Code   RO         1832    i.HAL_SPI_GetError  stm32f1xx_hal_spi.o
    0x080022ec   0x080022ec   0x000000e0   Code   RO         1834    i.HAL_SPI_IRQHandler  stm32f1xx_hal_spi.o
    0x080023cc   0x080023cc   0x000000b2   Code   RO         1835    i.HAL_SPI_Init      stm32f1xx_hal_spi.o
    0x0800247e   0x0800247e   0x00000002   PAD
    0x08002480   0x08002480   0x00000084   Code   RO          726    i.HAL_SPI_MspInit   stm32f1xx_hal_msp.o
    0x08002504   0x08002504   0x000000b0   Code   RO         1840    i.HAL_SPI_Receive_IT  stm32f1xx_hal_spi.o
    0x080025b4   0x080025b4   0x00000002   Code   RO         1841    i.HAL_SPI_RxCpltCallback  stm32f1xx_hal_spi.o
    0x080025b6   0x080025b6   0x00000002   PAD
    0x080025b8   0x080025b8   0x000000a4   Code   RO         1846    i.HAL_SPI_TransmitReceive_IT  stm32f1xx_hal_spi.o
    0x0800265c   0x0800265c   0x00000094   Code   RO         1848    i.HAL_SPI_Transmit_IT  stm32f1xx_hal_spi.o
    0x080026f0   0x080026f0   0x0000004c   Code   RO          490    i.HAL_SPI_TxCpltCallback  main.o
    0x0800273c   0x0800273c   0x0000004c   Code   RO          491    i.HAL_SPI_TxRxCpltCallback  main.o
    0x08002788   0x08002788   0x00000002   Code   RO         2852    i.HAL_TIMEx_BreakCallback  stm32f1xx_hal_tim_ex.o
    0x0800278a   0x0800278a   0x00000002   Code   RO         2853    i.HAL_TIMEx_CommutCallback  stm32f1xx_hal_tim_ex.o
    0x0800278c   0x0800278c   0x00000068   Code   RO         2871    i.HAL_TIMEx_MasterConfigSynchronization  stm32f1xx_hal_tim_ex.o
    0x080027f4   0x080027f4   0x0000005a   Code   RO         2148    i.HAL_TIM_Base_Init  stm32f1xx_hal_tim.o
    0x0800284e   0x0800284e   0x00000002   PAD
    0x08002850   0x08002850   0x00000028   Code   RO          728    i.HAL_TIM_Base_MspInit  stm32f1xx_hal_msp.o
    0x08002878   0x08002878   0x00000050   Code   RO         2151    i.HAL_TIM_Base_Start  stm32f1xx_hal_tim.o
    0x080028c8   0x080028c8   0x00000058   Code   RO         2153    i.HAL_TIM_Base_Start_IT  stm32f1xx_hal_tim.o
    0x08002920   0x08002920   0x000000dc   Code   RO         2157    i.HAL_TIM_ConfigClockSource  stm32f1xx_hal_tim.o
    0x080029fc   0x080029fc   0x00000002   Code   RO         2182    i.HAL_TIM_IC_CaptureCallback  stm32f1xx_hal_tim.o
    0x080029fe   0x080029fe   0x00000166   Code   RO         2196    i.HAL_TIM_IRQHandler  stm32f1xx_hal_tim.o
    0x08002b64   0x08002b64   0x00000002   Code   RO         2199    i.HAL_TIM_OC_DelayElapsedCallback  stm32f1xx_hal_tim.o
    0x08002b66   0x08002b66   0x00000002   Code   RO         2226    i.HAL_TIM_PWM_PulseFinishedCallback  stm32f1xx_hal_tim.o
    0x08002b68   0x08002b68   0x00000014   Code   RO          492    i.HAL_TIM_PeriodElapsedCallback  main.o
    0x08002b7c   0x08002b7c   0x00000002   Code   RO         2239    i.HAL_TIM_TriggerCallback  stm32f1xx_hal_tim.o
    0x08002b7e   0x08002b7e   0x00000002   Code   RO          656    i.HardFault_Handler  stm32f1xx_it.o
    0x08002b80   0x08002b80   0x00000070   Code   RO          493    i.MX_GPIO_Init      main.o
    0x08002bf0   0x08002bf0   0x00000040   Code   RO          494    i.MX_SPI2_Init      main.o
    0x08002c30   0x08002c30   0x00000068   Code   RO          495    i.MX_TIM1_Init      main.o
    0x08002c98   0x08002c98   0x00000002   Code   RO          657    i.MemManage_Handler  stm32f1xx_it.o
    0x08002c9a   0x08002c9a   0x00000002   Code   RO          658    i.NMI_Handler       stm32f1xx_it.o
    0x08002c9c   0x08002c9c   0x00000048   Code   RO           17    i.NRF_Command_TXRX  nrf24.o
    0x08002ce4   0x08002ce4   0x0000002a   Code   RO           19    i.NRF_Enable_Ack_Payload  nrf24.o
    0x08002d0e   0x08002d0e   0x00000006   Code   RO           29    i.NRF_Get_Status    nrf24.o
    0x08002d14   0x08002d14   0x0000009c   Code   RO           30    i.NRF_Init          nrf24.o
    0x08002db0   0x08002db0   0x00000010   Code   RO           31    i.NRF_IsAckPayloadAvailable  nrf24.o
    0x08002dc0   0x08002dc0   0x00000016   Code   RO           32    i.NRF_IsChipConnected  nrf24.o
    0x08002dd6   0x08002dd6   0x00000022   Code   RO           36    i.NRF_Open_Writing_Pipe  nrf24.o
    0x08002df8   0x08002df8   0x00000022   Code   RO           38    i.NRF_Power_Up      nrf24.o
    0x08002e1a   0x08002e1a   0x00000012   Code   RO           39    i.NRF_ReadPayloadAndClearIRQ  nrf24.o
    0x08002e2c   0x08002e2c   0x000000a8   Code   RO           40    i.NRF_Read_Payload  nrf24.o
    0x08002ed4   0x08002ed4   0x0000006c   Code   RO           41    i.NRF_Read_Reg      nrf24.o
    0x08002f40   0x08002f40   0x0000003e   Code   RO           42    i.NRF_SetDataRate   nrf24.o
    0x08002f7e   0x08002f7e   0x00000032   Code   RO           43    i.NRF_Set_Addr_Width  nrf24.o
    0x08002fb0   0x08002fb0   0x00000008   Code   RO           47    i.NRF_Set_Channel   nrf24.o
    0x08002fb8   0x08002fb8   0x00000028   Code   RO           48    i.NRF_Set_IRQ       nrf24.o
    0x08002fe0   0x08002fe0   0x0000002a   Code   RO           49    i.NRF_Set_PALevel   nrf24.o
    0x0800300a   0x0800300a   0x00000002   PAD
    0x0800300c   0x0800300c   0x00000054   Code   RO           54    i.NRF_Toggle_Activate  nrf24.o
    0x08003060   0x08003060   0x00000048   Code   RO           55    i.NRF_TxMode        nrf24.o
    0x080030a8   0x080030a8   0x00000054   Code   RO           57    i.NRF_WritePayloadAndClearIRQ  nrf24.o
    0x080030fc   0x080030fc   0x00000078   Code   RO           59    i.NRF_Write_Buf     nrf24.o
    0x08003174   0x08003174   0x00000094   Code   RO           60    i.NRF_Write_Payload  nrf24.o
    0x08003208   0x08003208   0x0000006c   Code   RO           61    i.NRF_Write_Reg     nrf24.o
    0x08003274   0x08003274   0x00000018   Code   RO         4916    i.ONEWIRE_DELAY     onewire.o
    0x0800328c   0x0800328c   0x0000001a   Code   RO         4918    i.ONEWIRE_INPUT     onewire.o
    0x080032a6   0x080032a6   0x0000001c   Code   RO         4920    i.ONEWIRE_OUTPUT    onewire.o
    0x080032c2   0x080032c2   0x00000002   PAD
    0x080032c4   0x080032c4   0x00000034   Code   RO         4921    i.OneWire_CRC8      onewire.o
    0x080032f8   0x080032f8   0x00000014   Code   RO         4923    i.OneWire_First     onewire.o
    0x0800330c   0x0800330c   0x00000012   Code   RO         4924    i.OneWire_GetFullROM  onewire.o
    0x0800331e   0x0800331e   0x00000002   PAD
    0x08003320   0x08003320   0x0000004c   Code   RO         4926    i.OneWire_Init      onewire.o
    0x0800336c   0x0800336c   0x00000006   Code   RO         4927    i.OneWire_Next      onewire.o
    0x08003372   0x08003372   0x0000003c   Code   RO         5053    i.OneWire_ReadBit   onewire.o
    0x080033ae   0x080033ae   0x00000020   Code   RO         4928    i.OneWire_ReadByte  onewire.o
    0x080033ce   0x080033ce   0x00000042   Code   RO         5041    i.OneWire_Reset     onewire.o
    0x08003410   0x08003410   0x0000000a   Code   RO         4929    i.OneWire_ResetSearch  onewire.o
    0x0800341a   0x0800341a   0x000000ce   Code   RO         4930    i.OneWire_Search    onewire.o
    0x080034e8   0x080034e8   0x00000020   Code   RO         4932    i.OneWire_SelectWithPointer  onewire.o
    0x08003508   0x08003508   0x00000044   Code   RO         5047    i.OneWire_WriteBit  onewire.o
    0x0800354c   0x0800354c   0x00000020   Code   RO         4935    i.OneWire_WriteByte  onewire.o
    0x0800356c   0x0800356c   0x00000002   Code   RO         5099    i.PostSleepProcessing  debug.o
    0x0800356e   0x0800356e   0x00000002   Code   RO         5100    i.PreSleepProcessing  debug.o
    0x08003570   0x08003570   0x0000000c   Code   RO          659    i.SPI2_IRQHandler   stm32f1xx_it.o
    0x0800357c   0x0800357c   0x00000030   Code   RO         1853    i.SPI_2linesRxISR_16BIT  stm32f1xx_hal_spi.o
    0x080035ac   0x080035ac   0x00000030   Code   RO         1854    i.SPI_2linesRxISR_8BIT  stm32f1xx_hal_spi.o
    0x080035dc   0x080035dc   0x00000030   Code   RO         1855    i.SPI_2linesTxISR_16BIT  stm32f1xx_hal_spi.o
    0x0800360c   0x0800360c   0x00000030   Code   RO         1856    i.SPI_2linesTxISR_8BIT  stm32f1xx_hal_spi.o
    0x0800363c   0x0800363c   0x00000090   Code   RO         1859    i.SPI_CloseRxTx_ISR  stm32f1xx_hal_spi.o
    0x080036cc   0x080036cc   0x0000004c   Code   RO         1860    i.SPI_CloseRx_ISR   stm32f1xx_hal_spi.o
    0x08003718   0x08003718   0x0000007c   Code   RO         1861    i.SPI_CloseTx_ISR   stm32f1xx_hal_spi.o
    0x08003794   0x08003794   0x00000010   Code   RO         1862    i.SPI_DMAAbortOnError  stm32f1xx_hal_spi.o
    0x080037a4   0x080037a4   0x0000005c   Code   RO         1872    i.SPI_EndRxTransaction  stm32f1xx_hal_spi.o
    0x08003800   0x08003800   0x00000020   Code   RO         1873    i.SPI_EndRxTxTransaction  stm32f1xx_hal_spi.o
    0x08003820   0x08003820   0x00000020   Code   RO         1874    i.SPI_RxISR_16BIT   stm32f1xx_hal_spi.o
    0x08003840   0x08003840   0x00000020   Code   RO         1875    i.SPI_RxISR_8BIT    stm32f1xx_hal_spi.o
    0x08003860   0x08003860   0x00000020   Code   RO         1876    i.SPI_TxISR_16BIT   stm32f1xx_hal_spi.o
    0x08003880   0x08003880   0x00000020   Code   RO         1877    i.SPI_TxISR_8BIT    stm32f1xx_hal_spi.o
    0x080038a0   0x080038a0   0x000000b8   Code   RO         1878    i.SPI_WaitFlagStateUntilTimeout  stm32f1xx_hal_spi.o
    0x08003958   0x08003958   0x00000010   Code   RO          496    i.StartDefaultTask  main.o
    0x08003968   0x08003968   0x00000090   Code   RO          497    i.StartTaskCore     main.o
    0x080039f8   0x080039f8   0x00000170   Code   RO          498    i.StartTaskNRF24    main.o
    0x08003b68   0x08003b68   0x0000000c   Code   RO          499    i.StartTaskSPI      main.o
    0x08003b74   0x08003b74   0x0000002c   Code   RO         4714    i.SysTick_Handler   port.o
    0x08003ba0   0x08003ba0   0x0000005e   Code   RO          500    i.SystemClock_Config  main.o
    0x08003bfe   0x08003bfe   0x00000002   Code   RO         3120    i.SystemInit        system_stm32f1xx.o
    0x08003c00   0x08003c00   0x0000000c   Code   RO          660    i.TIM4_IRQHandler   stm32f1xx_it.o
    0x08003c0c   0x08003c0c   0x0000006c   Code   RO         2241    i.TIM_Base_SetConfig  stm32f1xx_hal_tim.o
    0x08003c78   0x08003c78   0x00000014   Code   RO         2252    i.TIM_ETR_SetConfig  stm32f1xx_hal_tim.o
    0x08003c8c   0x08003c8c   0x00000010   Code   RO         2253    i.TIM_ITRx_SetConfig  stm32f1xx_hal_tim.o
    0x08003c9c   0x08003c9c   0x00000022   Code   RO         2259    i.TIM_TI1_ConfigInputStage  stm32f1xx_hal_tim.o
    0x08003cbe   0x08003cbe   0x00000024   Code   RO         2261    i.TIM_TI2_ConfigInputStage  stm32f1xx_hal_tim.o
    0x08003ce2   0x08003ce2   0x00000002   PAD
    0x08003ce4   0x08003ce4   0x00000148   Code   RO         4812    i.Task_Ds18b20      ds18b20.o
    0x08003e2c   0x08003e2c   0x00000018   Code   RO         4239    i.TimerCallback     cmsis_os2.o
    0x08003e44   0x08003e44   0x00000002   Code   RO          661    i.UsageFault_Handler  stm32f1xx_it.o
    0x08003e46   0x08003e46   0x00000028   Code   RO         5308    i.__ARM_fpclassify  m_ws.l(fpclassify.o)
    0x08003e6e   0x08003e6e   0x00000020   Code   RO         1337    i.__NVIC_SetPriority  stm32f1xx_hal_cortex.o
    0x08003e8e   0x08003e8e   0x0000000e   Code   RO         5176    i._is_digit         c_w.l(__printf_wp.o)
    0x08003e9c   0x08003e9c   0x00000030   Code   RO         3717    i.eTaskConfirmSleepModeStatus  tasks.o
    0x08003ecc   0x08003ecc   0x0000001c   Code   RO          501    i.fputc             main.o
    0x08003ee8   0x08003ee8   0x000000d4   Code   RO          502    i.main              main.o
    0x08003fbc   0x08003fbc   0x00000034   Code   RO         4240    i.osDelay           cmsis_os2.o
    0x08003ff0   0x08003ff0   0x00000030   Code   RO         4250    i.osKernelGetSysTimerCount  cmsis_os2.o
    0x08004020   0x08004020   0x00000038   Code   RO         4254    i.osKernelInitialize  cmsis_os2.o
    0x08004058   0x08004058   0x00000040   Code   RO         4257    i.osKernelStart     cmsis_os2.o
    0x08004098   0x08004098   0x00000074   Code   RO         4265    i.osMessageQueueNew  cmsis_os2.o
    0x0800410c   0x0800410c   0x00000080   Code   RO         4271    i.osMutexNew        cmsis_os2.o
    0x0800418c   0x0800418c   0x000000b0   Code   RO         4276    i.osSemaphoreNew    cmsis_os2.o
    0x0800423c   0x0800423c   0x000000a4   Code   RO         4291    i.osThreadNew       cmsis_os2.o
    0x080042e0   0x080042e0   0x00000084   Code   RO         4300    i.osTimerNew        cmsis_os2.o
    0x08004364   0x08004364   0x0000005c   Code   RO         3720    i.prvAddCurrentTaskToDelayedList  tasks.o
    0x080043c0   0x080043c0   0x000000d0   Code   RO         3721    i.prvAddNewTaskToReadyList  tasks.o
    0x08004490   0x08004490   0x00000058   Code   RO         4086    i.prvCheckForValidListAndQueue  timers.o
    0x080044e8   0x080044e8   0x00000026   Code   RO         3325    i.prvCopyDataFromQueue  queue.o
    0x0800450e   0x0800450e   0x0000006c   Code   RO         3326    i.prvCopyDataToQueue  queue.o
    0x0800457a   0x0800457a   0x00000034   Code   RO         3722    i.prvDeleteTCB      tasks.o
    0x080045ae   0x080045ae   0x00000002   PAD
    0x080045b0   0x080045b0   0x00000030   Code   RO         3723    i.prvGetExpectedIdleTime  tasks.o
    0x080045e0   0x080045e0   0x0000004c   Code   RO         4664    i.prvHeapInit       heap_4.o
    0x0800462c   0x0800462c   0x00000094   Code   RO         3724    i.prvIdleTask       tasks.o
    0x080046c0   0x080046c0   0x00000016   Code   RO         3327    i.prvInitialiseMutex  queue.o
    0x080046d6   0x080046d6   0x00000002   PAD
    0x080046d8   0x080046d8   0x00000022   Code   RO         3328    i.prvInitialiseNewQueue  queue.o
    0x080046fa   0x080046fa   0x0000009c   Code   RO         3725    i.prvInitialiseNewTask  tasks.o
    0x08004796   0x08004796   0x00000044   Code   RO         4087    i.prvInitialiseNewTimer  timers.o
    0x080047da   0x080047da   0x00000002   PAD
    0x080047dc   0x080047dc   0x0000004c   Code   RO         4665    i.prvInsertBlockIntoFreeList  heap_4.o
    0x08004828   0x08004828   0x00000038   Code   RO         4088    i.prvInsertTimerInActiveList  timers.o
    0x08004860   0x08004860   0x0000001c   Code   RO         3329    i.prvIsQueueEmpty   queue.o
    0x0800487c   0x0800487c   0x000000cc   Code   RO         4089    i.prvProcessReceivedCommands  timers.o
    0x08004948   0x08004948   0x000000b4   Code   RO         4090    i.prvProcessTimerOrBlockTask  timers.o
    0x080049fc   0x080049fc   0x00000020   Code   RO         3727    i.prvResetNextTaskUnblockTime  tasks.o
    0x08004a1c   0x08004a1c   0x00000028   Code   RO         4091    i.prvSampleTimeNow  timers.o
    0x08004a44   0x08004a44   0x0000006c   Code   RO         4092    i.prvSwitchTimerLists  timers.o
    0x08004ab0   0x08004ab0   0x00000028   Code   RO         4715    i.prvTaskExitError  port.o
    0x08004ad8   0x08004ad8   0x00000024   Code   RO         4093    i.prvTimerTask      timers.o
    0x08004afc   0x08004afc   0x0000006a   Code   RO         3330    i.prvUnlockQueue    queue.o
    0x08004b66   0x08004b66   0x00000002   PAD
    0x08004b68   0x08004b68   0x000000d8   Code   RO         4666    i.pvPortMalloc      heap_4.o
    0x08004c40   0x08004c40   0x00000024   Code   RO         4094    i.pvTimerGetTimerID  timers.o
    0x08004c64   0x08004c64   0x00000024   Code   RO         4716    i.pxPortInitialiseStack  port.o
    0x08004c88   0x08004c88   0x00000068   Code   RO         3731    i.ulTaskNotifyTake  tasks.o
    0x08004cf0   0x08004cf0   0x00000026   Code   RO         3285    i.uxListRemove      list.o
    0x08004d16   0x08004d16   0x00000024   Code   RO         3333    i.uxQueueMessagesWaiting  queue.o
    0x08004d3a   0x08004d3a   0x00000002   PAD
    0x08004d3c   0x08004d3c   0x00000014   Code   RO         4303    i.vApplicationGetIdleTaskMemory  cmsis_os2.o
    0x08004d50   0x08004d50   0x00000018   Code   RO         4304    i.vApplicationGetTimerTaskMemory  cmsis_os2.o
    0x08004d68   0x08004d68   0x00000002   Code   RO          612    i.vApplicationIdleHook  freertos.o
    0x08004d6a   0x08004d6a   0x00000016   Code   RO         3286    i.vListInitialise   list.o
    0x08004d80   0x08004d80   0x00000006   Code   RO         3287    i.vListInitialiseItem  list.o
    0x08004d86   0x08004d86   0x00000030   Code   RO         3288    i.vListInsert       list.o
    0x08004db6   0x08004db6   0x00000018   Code   RO         3289    i.vListInsertEnd    list.o
    0x08004dce   0x08004dce   0x00000002   PAD
    0x08004dd0   0x08004dd0   0x00000040   Code   RO         4718    i.vPortEnterCritical  port.o
    0x08004e10   0x08004e10   0x00000028   Code   RO         4719    i.vPortExitCritical  port.o
    0x08004e38   0x08004e38   0x0000005c   Code   RO         4667    i.vPortFree         heap_4.o
    0x08004e94   0x08004e94   0x00000048   Code   RO         4720    i.vPortSetupTimerInterrupt  port.o
    0x08004edc   0x08004edc   0x000000ec   Code   RO         4721    i.vPortSuppressTicksAndSleep  port.o
    0x08004fc8   0x08004fc8   0x00000054   Code   RO         4722    i.vPortValidateInterruptPriority  port.o
    0x0800501c   0x0800501c   0x00000028   Code   RO         3336    i.vQueueAddToRegistry  queue.o
    0x08005044   0x08005044   0x0000002e   Code   RO         3337    i.vQueueDelete      queue.o
    0x08005072   0x08005072   0x00000002   PAD
    0x08005074   0x08005074   0x00000028   Code   RO         3339    i.vQueueUnregisterQueue  queue.o
    0x0800509c   0x0800509c   0x00000044   Code   RO         3340    i.vQueueWaitForMessageRestricted  queue.o
    0x080050e0   0x080050e0   0x0000004c   Code   RO         3739    i.vTaskDelay        tasks.o
    0x0800512c   0x0800512c   0x00000010   Code   RO         3744    i.vTaskInternalSetTimeOutState  tasks.o
    0x0800513c   0x0800513c   0x0000000c   Code   RO         3745    i.vTaskMissedYield  tasks.o
    0x08005148   0x08005148   0x000000b0   Code   RO         3746    i.vTaskNotifyGiveFromISR  tasks.o
    0x080051f8   0x080051f8   0x00000030   Code   RO         3747    i.vTaskPlaceOnEventList  tasks.o
    0x08005228   0x08005228   0x00000038   Code   RO         3748    i.vTaskPlaceOnEventListRestricted  tasks.o
    0x08005260   0x08005260   0x00000088   Code   RO         3756    i.vTaskStartScheduler  tasks.o
    0x080052e8   0x080052e8   0x00000028   Code   RO         3757    i.vTaskStepTick     tasks.o
    0x08005310   0x08005310   0x00000010   Code   RO         3759    i.vTaskSuspendAll   tasks.o
    0x08005320   0x08005320   0x00000064   Code   RO         3760    i.vTaskSwitchContext  tasks.o
    0x08005384   0x08005384   0x000000a8   Code   RO         4723    i.xPortStartScheduler  port.o
    0x0800542c   0x0800542c   0x0000003a   Code   RO         3341    i.xQueueCreateCountingSemaphore  queue.o
    0x08005466   0x08005466   0x00000040   Code   RO         3342    i.xQueueCreateCountingSemaphoreStatic  queue.o
    0x080054a6   0x080054a6   0x00000016   Code   RO         3343    i.xQueueCreateMutex  queue.o
    0x080054bc   0x080054bc   0x0000001a   Code   RO         3344    i.xQueueCreateMutexStatic  queue.o
    0x080054d6   0x080054d6   0x00000048   Code   RO         3345    i.xQueueGenericCreate  queue.o
    0x0800551e   0x0800551e   0x00000066   Code   RO         3346    i.xQueueGenericCreateStatic  queue.o
    0x08005584   0x08005584   0x00000088   Code   RO         3347    i.xQueueGenericReset  queue.o
    0x0800560c   0x0800560c   0x00000160   Code   RO         3348    i.xQueueGenericSend  queue.o
    0x0800576c   0x0800576c   0x000000bc   Code   RO         3349    i.xQueueGenericSendFromISR  queue.o
    0x08005828   0x08005828   0x00000138   Code   RO         3358    i.xQueueReceive     queue.o
    0x08005960   0x08005960   0x00000074   Code   RO         3761    i.xTaskCheckForTimeOut  tasks.o
    0x080059d4   0x080059d4   0x0000005a   Code   RO         3762    i.xTaskCreate       tasks.o
    0x08005a2e   0x08005a2e   0x00000056   Code   RO         3763    i.xTaskCreateStatic  tasks.o
    0x08005a84   0x08005a84   0x0000001c   Code   RO         3767    i.xTaskGetSchedulerState  tasks.o
    0x08005aa0   0x08005aa0   0x0000000c   Code   RO         3768    i.xTaskGetTickCount  tasks.o
    0x08005aac   0x08005aac   0x000000c8   Code   RO         3770    i.xTaskIncrementTick  tasks.o
    0x08005b74   0x08005b74   0x00000080   Code   RO         3773    i.xTaskPriorityDisinherit  tasks.o
    0x08005bf4   0x08005bf4   0x00000074   Code   RO         3775    i.xTaskRemoveFromEventList  tasks.o
    0x08005c68   0x08005c68   0x000000c4   Code   RO         3776    i.xTaskResumeAll    tasks.o
    0x08005d2c   0x08005d2c   0x00000034   Code   RO         4098    i.xTimerCreate      timers.o
    0x08005d60   0x08005d60   0x0000002e   Code   RO         4099    i.xTimerCreateStatic  timers.o
    0x08005d8e   0x08005d8e   0x00000002   PAD
    0x08005d90   0x08005d90   0x00000060   Code   RO         4100    i.xTimerCreateTimerTask  timers.o
    0x08005df0   0x08005df0   0x00000068   Code   RO         4101    i.xTimerGenericCommand  timers.o
    0x08005e58   0x08005e58   0x0000002c   Code   RO         5302    locale$$code        c_w.l(lc_numeric_c.o)
    0x08005e84   0x08005e84   0x0000000c   Code   RO         5237    x$fpl$dretinf       fz_ws.l(dretinf.o)
    0x08005e90   0x08005e90   0x00000056   Code   RO         5207    x$fpl$f2d           fz_ws.l(f2d.o)
    0x08005ee6   0x08005ee6   0x00000002   PAD
    0x08005ee8   0x08005ee8   0x000000c4   Code   RO         5209    x$fpl$fadd          fz_ws.l(faddsub_clz.o)
    0x08005fac   0x08005fac   0x0000000c   Code   RO         5239    x$fpl$fcheck1       fz_ws.l(fcheck1.o)
    0x08005fb8   0x08005fb8   0x00000030   Code   RO         5216    x$fpl$fflt          fz_ws.l(fflt_clz.o)
    0x08005fe8   0x08005fe8   0x00000026   Code   RO         5215    x$fpl$ffltu         fz_ws.l(fflt_clz.o)
    0x0800600e   0x0800600e   0x0000008c   Code   RO         5241    x$fpl$fnaninf       fz_ws.l(fnaninf.o)
    0x0800609a   0x0800609a   0x0000000a   Code   RO         5243    x$fpl$fretinf       fz_ws.l(fretinf.o)
    0x080060a4   0x080060a4   0x000000ea   Code   RO         5211    x$fpl$fsub          fz_ws.l(faddsub_clz.o)
    0x0800618e   0x0800618e   0x00000004   Code   RO         5221    x$fpl$printf1       fz_ws.l(printf1.o)
    0x08006192   0x08006192   0x00000064   Code   RO         5306    x$fpl$retnan        fz_ws.l(retnan.o)
    0x080061f6   0x080061f6   0x0000004c   Code   RO         5223    x$fpl$scalbnf       fz_ws.l(scalbnf.o)
    0x08006242   0x08006242   0x00000030   Code   RO         5372    x$fpl$trapveneer    fz_ws.l(trapv.o)
    0x08006272   0x08006272   0x00000000   Code   RO         5245    x$fpl$usenofp       fz_ws.l(usenofp.o)
    0x08006272   0x08006272   0x00000002   PAD
    0x08006274   0x08006274   0x00000108   Data   RO          504    .constdata          main.o
    0x0800637c   0x0800637c   0x00000012   Data   RO         1035    .constdata          stm32f1xx_hal_rcc.o
    0x0800638e   0x0800638e   0x00000010   Data   RO         3121    .constdata          system_stm32f1xx.o
    0x0800639e   0x0800639e   0x00000008   Data   RO         3122    .constdata          system_stm32f1xx.o
    0x080063a6   0x080063a6   0x00000002   PAD
    0x080063a8   0x080063a8   0x0000003c   Data   RO         4813    .constdata          ds18b20.o
    0x080063e4   0x080063e4   0x00000028   Data   RO         5149    .constdata          c_w.l(_printf_hex_int.o)
    0x0800640c   0x0800640c   0x00000094   Data   RO         5273    .constdata          c_w.l(bigflt0.o)
    0x080064a0   0x080064a0   0x00000094   Data   RO          505    .conststring        main.o
    0x08006534   0x08006534   0x0000001f   Data   RO         4814    .conststring        ds18b20.o
    0x08006553   0x08006553   0x00000001   PAD
    0x08006554   0x08006554   0x00000020   Data   RO         5453    Region$$Table       anon$$obj.o
    0x08006574   0x08006574   0x0000001c   Data   RO         5301    locale$$data        c_w.l(lc_numeric_c.o)


    Execution Region RW_IRAM1 (Exec base: 0x20000000, Load base: 0x08006590, Size: 0x000024e8, Max: 0x00005000, ABSOLUTE)

    Exec Addr    Load Addr    Size         Type   Attr      Idx    E Section Name        Object

    0x20000000   0x08006590   0x0000002c   Data   RW          506    .data               main.o
    0x2000002c   0x080065bc   0x00000004   Data   RW          507    .data               main.o
    0x20000030   0x080065c0   0x0000000c   Data   RW          872    .data               stm32f1xx_hal.o
    0x2000003c   0x080065cc   0x00000004   Data   RW         3123    .data               system_stm32f1xx.o
    0x20000040   0x080065d0   0x0000003c   Data   RW         3779    .data               tasks.o
    0x2000007c   0x0800660c   0x00000014   Data   RW         4109    .data               timers.o
    0x20000090   0x08006620   0x00000004   Data   RW         4307    .data               cmsis_os2.o
    0x20000094   0x08006624   0x00000018   Data   RW         4672    .data               heap_4.o
    0x200000ac   0x0800663c   0x00000018   Data   RW         4724    .data               port.o
    0x200000c4   0x08006654   0x00000008   Data   RW         4815    .data               ds18b20.o
    0x200000cc        -       0x000000a0   Zero   RW          503    .bss                main.o
    0x2000016c        -       0x00000048   Zero   RW          775    .bss                stm32f1xx_hal_timebase_tim.o
    0x200001b4        -       0x00000040   Zero   RW         3362    .bss                queue.o
    0x200001f4        -       0x000004c4   Zero   RW         3778    .bss                tasks.o
    0x200006b8        -       0x00000118   Zero   RW         4108    .bss                timers.o
    0x200007d0        -       0x000006b8   Zero   RW         4306    .bss                cmsis_os2.o
    0x20000e88        -       0x00001000   Zero   RW         4671    .bss                heap_4.o
    0x20001e88        -       0x00000060   Zero   RW         5311    .bss                c_w.l(libspace.o)
    0x20001ee8        -       0x00000200   Zero   RW            2    HEAP                startup_stm32f103xb.o
    0x200020e8        -       0x00000400   Zero   RW            1    STACK               startup_stm32f103xb.o


==============================================================================

Image component sizes


      Code (inc. data)   RO Data    RW Data    ZI Data      Debug   Object Name

      1004         58          0          4       1720      20644   cmsis_os2.o
         4          0          0          0          0       1303   debug.o
      1040         30         91          8          0      12932   ds18b20.o
         0          0          0          0          0      20184   event_groups.o
         2          0          0          0          0        455   freertos.o
       460         24          0         24       4096       4803   heap_4.o
       138          0          0          0          0       3526   list.o
      1332        250        412         48        160      12556   main.o
      1494         76          0          0          0     459344   nrf24.o
       756         12          0          0          0      10565   onewire.o
       934         80          0         24          0      12258   port.o
      1898         24          0          0         64      21818   queue.o
        64         26        236          0       1536        832   startup_stm32f103xb.o
       100         18          0         12          0       5402   stm32f1xx_hal.o
       158         14          0          0          0      28290   stm32f1xx_hal_cortex.o
       152          4          0          0          0       1143   stm32f1xx_hal_dma.o
       500         34          0          0          0       3599   stm32f1xx_hal_gpio.o
       244         34          0          0          0       2231   stm32f1xx_hal_msp.o
      1272         82         18          0          0       5310   stm32f1xx_hal_rcc.o
      1884         52          0          0          0      16080   stm32f1xx_hal_spi.o
      1058         40          0          0          0      10734   stm32f1xx_hal_tim.o
       108         12          0          0          0       2489   stm32f1xx_hal_tim_ex.o
       152         20          0          0         72       1543   stm32f1xx_hal_timebase_tim.o
        36         12          0          0          0       3629   stm32f1xx_it.o
         0          0          0          0          0       8820   stream_buffer.o
         2          0         24          4          0       1179   system_stm32f1xx.o
      2536        212          0         60       1220      28070   tasks.o
      1114         82          0         20        280      30127   timers.o

    ----------------------------------------------------------------------
     18480       1196        816        204       9148     729866   Object Totals
         0          0         32          0          0          0   (incl. Generated)
        38          0          3          0          0          0   (incl. Padding)

    ----------------------------------------------------------------------

      Code (inc. data)   RO Data    RW Data    ZI Data      Debug   Library Member Name

         8          0          0          0          0         68   __main.o
       284          0          0          0          0        156   __printf_wp.o
         0          0          0          0          0          0   __rtentry.o
        12          0          0          0          0          0   __rtentry2.o
         6          0          0          0          0          0   __rtentry4.o
        52          8          0          0          0          0   __scatter.o
        26          0          0          0          0          0   __scatter_copy.o
        28          0          0          0          0          0   __scatter_zi.o
        44          0          0          0          0        108   _printf_char.o
        48          6          0          0          0         96   _printf_char_common.o
        36          4          0          0          0         80   _printf_char_file.o
         6          0          0          0          0          0   _printf_d.o
       120         16          0          0          0         92   _printf_dec.o
         6          0          0          0          0          0   _printf_f.o
      1054          0          0          0          0        216   _printf_fp_dec.o
       128         16          0          0          0         84   _printf_fp_infnan.o
        88          4         40          0          0         88   _printf_hex_int.o
       178          0          0          0          0         88   _printf_intcommon.o
        78          0          0          0          0        108   _printf_pad.o
         0          0          0          0          0          0   _printf_percent.o
         4          0          0          0          0          0   _printf_percent_end.o
         6          0          0          0          0          0   _printf_s.o
        82          0          0          0          0         80   _printf_str.o
         6          0          0          0          0          0   _printf_x.o
        16          0          0          0          0         68   aeabi_memset.o
       228          4        148          0          0         96   bigflt0.o
      1936        128          0          0          0        672   btod.o
        18          0          0          0          0         80   exit.o
         8          0          0          0          0         68   ferror.o
         6          0          0          0          0        152   heapauxi.o
         0          0          0          0          0          0   indicate_semi.o
        44         10         28          0          0         76   lc_numeric_c.o
         2          0          0          0          0          0   libinit.o
        18          0          0          0          0          0   libinit2.o
         2          0          0          0          0          0   libshutdown.o
         2          0          0          0          0          0   libshutdown2.o
         8          4          0          0         96         68   libspace.o
       138          0          0          0          0         80   lludiv10.o
        24          4          0          0          0         84   noretval__2printf.o
         8          4          0          0          0         68   rt_locale_intlibspace.o
        68          0          0          0          0         68   rt_memclr.o
        78          0          0          0          0         80   rt_memclr_w.o
       138          0          0          0          0         68   rt_memcpy_v6.o
       100          0          0          0          0         80   rt_memcpy_w.o
         2          0          0          0          0          0   rtexit.o
        10          0          0          0          0          0   rtexit2.o
       128          0          0          0          0         68   strcmpv7m.o
        62          0          0          0          0         76   strlen.o
        12          4          0          0          0         68   sys_exit.o
        74          0          0          0          0         80   sys_stackheap_outer.o
         2          0          0          0          0         68   use_no_semi.o
        12          0          0          0          0         68   dretinf.o
        86          4          0          0          0         84   f2d.o
       430          8          0          0          0        168   faddsub_clz.o
        12          4          0          0          0         68   fcheck1.o
        86          0          0          0          0        136   fflt_clz.o
       140          4          0          0          0         84   fnaninf.o
        10          0          0          0          0         68   fretinf.o
         4          0          0          0          0         68   printf1.o
       100          0          0          0          0         68   retnan.o
        76          0          0          0          0         68   scalbnf.o
        48          0          0          0          0         68   trapv.o
         0          0          0          0          0          0   usenofp.o
        40          0          0          0          0         68   fpclassify.o

    ----------------------------------------------------------------------
      6488        232        216          0         96       4448   Library Totals
        12          0          0          0          0          0   (incl. Padding)

    ----------------------------------------------------------------------

      Code (inc. data)   RO Data    RW Data    ZI Data      Debug   Library Name

      5432        212        216          0         96       3432   c_w.l
      1004         20          0          0          0        948   fz_ws.l
        40          0          0          0          0         68   m_ws.l

    ----------------------------------------------------------------------
      6488        232        216          0         96       4448   Library Totals

    ----------------------------------------------------------------------

==============================================================================


      Code (inc. data)   RO Data    RW Data    ZI Data      Debug   

     24968       1428       1032        204       9244     720218   Grand Totals
     24968       1428       1032        204       9244     720218   ELF Image Totals
     24968       1428       1032        204          0          0   ROM Totals

==============================================================================

    Total RO  Size (Code + RO Data)                26000 (  25.39kB)
    Total RW  Size (RW Data + ZI Data)              9448 (   9.23kB)
    Total ROM Size (Code + RO Data + RW Data)      26204 (  25.59kB)

==============================================================================

