<html>
<body>
<pre>
<h1>µVision Build Log</h1>
<h2>Tool Versions:</h2>
IDE-Version: µVision V5.24.2.0
Copyright (C) 2017 ARM Ltd and ARM Germany GmbH. All rights reserved.
License Information: 1 1, 1, LIC=76F5U-S2FBY-639MB-2SD1L-SQ46S-XL0Y9
 
Tool Versions:
Toolchain:       MDK-ARM Plus  Version: 5.24.1
Toolchain Path:  C:\Keil_v5\ARM\ARMCC\Bin
C Compiler:      Armcc.exe V5.06 update 5 (build 528)
Assembler:       Armasm.exe V5.06 update 5 (build 528)
Linker/Locator:  ArmLink.exe V5.06 update 5 (build 528)
Library Manager: ArmAr.exe V5.06 update 5 (build 528)
Hex Converter:   FromElf.exe V5.06 update 5 (build 528)
CPU DLL:         SARMCM3.DLL V5.24.1
Dialog DLL:      DCM.DLL V1.16.0.0
Target DLL:      STLink\ST-LINKIII-KEIL_SWO.dll V3.0.1.0
Dialog DLL:      TCM.DLL V1.32.0.0
 
<h2>Project:</h2>
C:\Lic\PROG\STM32\Keil2\Basic\FRERTOS_F103_NRF24\FOS_F103_DMC_v3.1_reName\MDK-ARM\123.uvprojx
Project File Date:  12/25/2023

<h2>Output:</h2>
*** Using Compiler 'V5.06 update 5 (build 528)', folder: 'C:\Keil_v5\ARM\ARMCC\Bin'
Rebuild target '123'
assembling startup_stm32f103xb.s...
compiling stm32f1xx_hal_timebase_tim.c...
compiling freertos.c...
../Libs/debug.h(38): warning:  #1-D: last line of file ends without a newline
  #endif //__DEBUGLIB_H__
../Core/Src/freertos.c: 1 warning, 0 errors
compiling stm32f1xx_hal_rcc.c...
compiling stm32f1xx_hal.c...
compiling stm32f1xx_hal_pwr.c...
compiling stm32f1xx_hal_flash.c...
compiling nrf24.c...
../Libs/debug.h(38): warning:  #1-D: last line of file ends without a newline
  #endif //__DEBUGLIB_H__
../Core/Inc/nrf24.h(206): warning:  #1295-D: Deprecated declaration NRF_IsChipConnected - give arg types
  
ool NRF_IsChipConnected();
../Core/Inc/nrf24.h(218): warning:  #1295-D: Deprecated declaration whatHappened - give arg types
  uint8_t whatHappened();
../Core/Inc/nrf24.h(231): warning:  #1295-D: Deprecated declaration NRF_Enable_Dynamic_Ack - give arg types
  void NRF_Enable_Dynamic_Ack();
../Libs/delayus.h(19): warning:  #1-D: last line of file ends without a newline
  #endif //__DELAYUS_H__
..\Core\Src\nrf24.c(102): warning:  #188-D: enumerated type mixed with another type
  	
et_CS_1(LOW);
..\Core\Src\nrf24.c(109): warning:  #188-D: enumerated type mixed with another type
  	
et_CS_1(HIGH);
..\Core\Src\nrf24.c(120): warning:  #188-D: enumerated type mixed with another type
  	
et_CS_1(LOW);
..\Core\Src\nrf24.c(125): warning:  #188-D: enumerated type mixed with another type
  	
et_CS_1(HIGH);
..\Core\Src\nrf24.c(136): warning:  #188-D: enumerated type mixed with another type
  	
et_CS_1( HIGH );
..\Core\Src\nrf24.c(141): warning:  #188-D: enumerated type mixed with another type
  	
et_CS_1( LOW );
..\Core\Src\nrf24.c(143): warning:  #188-D: enumerated type mixed with another type
  	return command_answer;
..\Core\Src\nrf24.c(151): warning:  #188-D: enumerated type mixed with another type
  	
et_CS_1(LOW);
..\Core\Src\nrf24.c(166): warning:  #188-D: enumerated type mixed with another type
  	
et_CS_1(HIGH);
..\Core\Src\nrf24.c(178): warning:  #188-D: enumerated type mixed with another type
  		
et_CS_1(LOW);
..\Core\Src\nrf24.c(193): warning:  #188-D: enumerated type mixed with another type
  		
et_CS_1(HIGH);
..\Core\Src\nrf24.c(212): warning:  #188-D: enumerated type mixed with another type
  	
et_CS_1(LOW);
..\Core\Src\nrf24.c(215): warning:  #188-D: enumerated type mixed with another type
  	
et_CS_1(HIGH);
..\Core\Src\nrf24.c(249): warning:  #188-D: enumerated type mixed with another type
  	
et_CE_1(LOW);
..\Core\Src\nrf24.c(250): warning:  #188-D: enumerated type mixed with another type
  	
et_CS_1(HIGH);
..\Core\Src\nrf24.c(309): warning:  #188-D: enumerated type mixed with another type
  	
et_CE_1(HIGH);
..\Core\Src\nrf24.c(324): warning:  #188-D: enumerated type mixed with another type
  	
et_CE_1(LOW);
..\Core\Src\nrf24.c(340): warning:  #188-D: enumerated type mixed with another type
  	
et_CE_1(LOW);
..\Core\Src\nrf24.c(364): warning:  #188-D: enumerated type mixed with another type
  	
et_CE_1(HIGH);
..\Core\Src\nrf24.c(370): warning:  #188-D: enumerated type mixed with another type
  	
et_CE_1(LOW);
..\Core\Src\nrf24.c(401): warning:  #188-D: enumerated type mixed with another type
  	
et_CS_1(LOW);
..\Core\Src\nrf24.c(408): warning:  #188-D: enumerated type mixed with another type
  	
et_CS_1(HIGH);
..\Core\Src\nrf24.c(488): warning:  #188-D: enumerated type mixed with another type
  	
et_CS_1(LOW);
..\Core\Src\nrf24.c(493): warning:  #188-D: enumerated type mixed with another type
  	
et_CS_1(HIGH);
..\Core\Src\nrf24.c(534): warning:  #188-D: enumerated type mixed with another type
  	
et_CS_1(LOW);
..\Core\Src\nrf24.c(539): warning:  #188-D: enumerated type mixed with another type
  	
et_CS_1(HIGH);
..\Core\Src\nrf24.c(614): warning:  #940-D: missing return statement at end of non-void function "NRF_SetDataRate" 
  }
..\Core\Src\nrf24.c(691): warning:  #29-D: expected an expression
  	#elif
..\Core\Src\nrf24.c(715): warning:  #188-D: enumerated type mixed with another type
  	
et_CE_1( LOW );
..\Core\Src\nrf24.c(735): warning:  #188-D: enumerated type mixed with another type
  	
et_CE_1( HIGH );
..\Core\Src\nrf24.c(743): warning:  #188-D: enumerated type mixed with another type
  	
et_CS_1( LOW );
..\Core\Src\nrf24.c(751): warning:  #188-D: enumerated type mixed with another type
  	
et_CS_1( HIGH );
..\Core\Src\nrf24.c(816): warning:  #188-D: enumerated type mixed with another type
  	
et_CE_1( LOW );
..\Core\Src\nrf24.c(838): warning:  #188-D: enumerated type mixed with another type
  	
et_CE_1( HIGH );
..\Core\Src\nrf24.c(839): warning:  #1-D: last line of file ends without a newline
  }
..\Core\Src\nrf24.c: 40 warnings, 0 errors
compiling croutine.c...
compiling stm32f1xx_hal_gpio_ex.c...
compiling list.c...
compiling event_groups.c...
compiling stream_buffer.c...
compiling queue.c...
compiling stm32f1xx_hal_dma.c...
compiling tasks.c...
compiling stm32f1xx_hal_rcc_ex.c...
compiling stm32f1xx_hal_flash_ex.c...
compiling timers.c...
compiling stm32f1xx_hal_cortex.c...
compiling stm32f1xx_it.c...
../Libs/debug.h(38): warning:  #1-D: last line of file ends without a newline
  #endif //__DEBUGLIB_H__
../Core/Src/stm32f1xx_it.c: 1 warning, 0 errors
compiling heap_4.c...
compiling stm32f1xx_hal_msp.c...
../Libs/debug.h(38): warning:  #1-D: last line of file ends without a newline
  #endif //__DEBUGLIB_H__
../Core/Src/stm32f1xx_hal_msp.c: 1 warning, 0 errors
compiling port.c...
compiling stm32f1xx_hal_gpio.c...
compiling cmsis_os2.c...
compiling main.c...
../Libs/debug.h(38): warning:  #1-D: last line of file ends without a newline
  #endif //__DEBUGLIB_H__
../Core/Inc/nrf24.h(206): warning:  #1295-D: Deprecated declaration NRF_IsChipConnected - give arg types
  
ool NRF_IsChipConnected();
../Core/Inc/nrf24.h(218): warning:  #1295-D: Deprecated declaration whatHappened - give arg types
  uint8_t whatHappened();
../Core/Inc/nrf24.h(231): warning:  #1295-D: Deprecated declaration NRF_Enable_Dynamic_Ack - give arg types
  void NRF_Enable_Dynamic_Ack();
../Libs/delayus.h(19): warning:  #1-D: last line of file ends without a newline
  #endif //__DELAYUS_H__
../Core/Src/main.c(138): warning:  #1295-D: Deprecated declaration vSetUpDebug - give arg types
  void vSetUpDebug();
../Core/Src/main.c(537): warning:  #177-D: variable "setaw"  was declared but never referenced
  	uint8_t setaw = 0;
../Core/Src/main.c(538): warning:  #177-D: variable "regaddr"  was declared but never referenced
  	uint8_t regaddr = 0;
../Core/Src/main.c(540): warning:  #177-D: variable "addr"  was declared but never referenced
  	uint8_t addr = 0;
../Core/Src/main.c(541): warning:  #177-D: variable "data"  was declared but never referenced
  	uint8_t data = 0;
../Core/Src/main.c(551): warning:  #177-D: variable "str"  was declared but never referenced
  	char str[64] = {0,}; 
../Core/Src/main.c(585): warning:  #177-D: variable "TxData"  was declared but never referenced
  	uint8_t TxData[] = "Hello World\n";
../Core/Src/main.c(588): warning:  #177-D: variable "flag"  was declared but never referenced
  			uint8_t flag = 0;
../Core/Src/main.c(728): warning:  #167-D: argument of type "volatile Ds18b20Sensor_t *" is incompatible with parameter of type "void *const"
  			xQueueReceive(QueueDS18B20Handle, &TemperatureData, 
ortMAX_DELAY);
../Core/Src/main.c: 14 warnings, 0 errors
compiling stm32f1xx_hal_exti.c...
compiling delayus.c...
../Libs/debug.h(38): warning:  #1-D: last line of file ends without a newline
  #endif //__DEBUGLIB_H__
..\Libs\delayus.h(19): warning:  #1-D: last line of file ends without a newline
  #endif //__DELAYUS_H__
..\Libs\delayus.c: 2 warnings, 0 errors
compiling system_stm32f1xx.c...
compiling stm32f1xx_hal_spi.c...
compiling ds18b20.c...
../Libs/debug.h(38): warning:  #1-D: last line of file ends without a newline
  #endif //__DEBUGLIB_H__
..\Libs\ds18b20.c(118): warning:  #177-D: variable "OneWire"  was declared but never referenced
  	OneWire_t OneWire;
..\Libs\ds18b20.c(119): warning:  #177-D: variable "OneWireDevices"  was declared but never referenced
  	uint8_t	  OneWireDevices;
..\Libs\ds18b20.c(120): warning:  #177-D: variable "TempSensorCount"  was declared but never referenced
  	uint8_t 	TempSensorCount=0; 
..\Libs\ds18b20.c(124): warning:  #177-D: variable "ds18b20"  was declared but never referenced
  	Ds18b20Sensor_t	ds18b20[DS18B20_MAX_SENSORS];
..\Libs\ds18b20.c: 5 warnings, 0 errors
compiling onewire.c...
../Libs/debug.h(38): warning:  #1-D: last line of file ends without a newline
  #endif //__DEBUGLIB_H__
..\Libs\onewire.c: 1 warning, 0 errors
compiling debug.c...
../Libs/debug.h(38): warning:  #1-D: last line of file ends without a newline
  #endif //__DEBUGLIB_H__
..\Libs\debug.h(38): warning:  #1-D: last line of file ends without a newline
  #endif //__DEBUGLIB_H__
..\Libs\debug.c: 2 warnings, 0 errors
compiling stm32f1xx_hal_tim_ex.c...
compiling stm32f1xx_hal_tim.c...
linking...
Program Size: Code=24968 RO-data=1032 RW-data=204 ZI-data=9244  
FromELF: creating hex file...
"FRERTOS_F103_Clear_2\FRERTOS_F103_Clear_2.axf" - 0 Error(s), 67 Warning(s).

<h2>Software Packages used:</h2>

Package Vendor: ARM
                http://www.keil.com/pack/ARM.CMSIS.5.9.0.pack
                ARM.CMSIS.5.9.0
                CMSIS (Common Microcontroller Software Interface Standard)
   * Component: CORE Version: 5.6.0

Package Vendor: Keil
                http://www.keil.com/pack/Keil.STM32F1xx_DFP.2.4.0.pack
                Keil.STM32F1xx_DFP.2.4.0
                STMicroelectronics STM32F1 Series Device Support, Drivers and Examples

<h2>Collection of Component include folders:</h2>
  .\RTE\_123
  C:\Keil_v5\ARM\PACK\ARM\CMSIS\5.9.0\CMSIS\Core\Include
  C:\Keil_v5\ARM\PACK\Keil\STM32F1xx_DFP\2.4.0\Device\Include

<h2>Collection of Component Files used:</h2>

   * Component: ARM::CMSIS:CORE:5.6.0
      Include file:  CMSIS\Core\Include\tz_context.h
Build Time Elapsed:  00:00:09
</pre>
</body>
</html>
